Component: ARM Compiler 5.06 update 6 (build 750) Tool: armlink [4d35ed]

==============================================================================

Section Cross References

    system_stm32f4xx.o(i.SystemCoreClockUpdate) refers to system_stm32f4xx.o(.data) for SystemCoreClock
    system_stm32f4xx.o(i.SystemCoreClockUpdate) refers to system_stm32f4xx.o(.constdata) for AHBPrescTable
    ip4_frag.o(i.ip4_frag) refers to printf3.o(i.__0printf$3) for __2printf
    ip4_frag.o(i.ip4_frag) refers to def.o(i.lwip_htons) for lwip_htons
    ip4_frag.o(i.ip4_frag) refers to pbuf.o(i.pbuf_alloc) for pbuf_alloc
    ip4_frag.o(i.ip4_frag) refers to memcpya.o(.text) for __aeabi_memcpy
    ip4_frag.o(i.ip4_frag) refers to ip4_frag.o(i.ip_frag_alloc_pbuf_custom_ref) for ip_frag_alloc_pbuf_custom_ref
    ip4_frag.o(i.ip4_frag) refers to pbuf.o(i.pbuf_free) for pbuf_free
    ip4_frag.o(i.ip4_frag) refers to pbuf.o(i.pbuf_alloced_custom) for pbuf_alloced_custom
    ip4_frag.o(i.ip4_frag) refers to ip4_frag.o(i.ip_frag_free_pbuf_custom_ref) for ip_frag_free_pbuf_custom_ref
    ip4_frag.o(i.ip4_frag) refers to pbuf.o(i.pbuf_ref) for pbuf_ref
    ip4_frag.o(i.ip4_frag) refers to pbuf.o(i.pbuf_cat) for pbuf_cat
    ip4_frag.o(i.ip4_frag) refers to ip4_frag.o(.conststring) for .conststring
    ip4_frag.o(i.ip4_frag) refers to ip4_frag.o(i.ipfrag_free_pbuf_custom) for ipfrag_free_pbuf_custom
    ip4_frag.o(i.ip4_reass) refers to def.o(i.lwip_htons) for lwip_htons
    ip4_frag.o(i.ip4_reass) refers to pbuf.o(i.pbuf_clen) for pbuf_clen
    ip4_frag.o(i.ip4_reass) refers to ip4_frag.o(i.ip_reass_remove_oldest_datagram) for ip_reass_remove_oldest_datagram
    ip4_frag.o(i.ip4_reass) refers to ip4_frag.o(i.ip_reass_enqueue_new_datagram) for ip_reass_enqueue_new_datagram
    ip4_frag.o(i.ip4_reass) refers to memcpya.o(.text) for __aeabi_memcpy
    ip4_frag.o(i.ip4_reass) refers to ip4_frag.o(i.ip_reass_chain_frag_into_datagram_and_validate) for ip_reass_chain_frag_into_datagram_and_validate
    ip4_frag.o(i.ip4_reass) refers to pbuf.o(i.pbuf_header) for pbuf_header
    ip4_frag.o(i.ip4_reass) refers to pbuf.o(i.pbuf_cat) for pbuf_cat
    ip4_frag.o(i.ip4_reass) refers to ip4_frag.o(i.ip_reass_dequeue_datagram) for ip_reass_dequeue_datagram
    ip4_frag.o(i.ip4_reass) refers to pbuf.o(i.pbuf_free) for pbuf_free
    ip4_frag.o(i.ip4_reass) refers to ip4_frag.o(.data) for ip_reass_pbufcount
    ip4_frag.o(i.ip_frag_alloc_pbuf_custom_ref) refers to memp.o(i.memp_malloc) for memp_malloc
    ip4_frag.o(i.ip_frag_free_pbuf_custom_ref) refers to printf3.o(i.__0printf$3) for __2printf
    ip4_frag.o(i.ip_frag_free_pbuf_custom_ref) refers to memp.o(i.memp_free) for memp_free
    ip4_frag.o(i.ip_frag_free_pbuf_custom_ref) refers to ip4_frag.o(.conststring) for .conststring
    ip4_frag.o(i.ip_reass_chain_frag_into_datagram_and_validate) refers to def.o(i.lwip_htons) for lwip_htons
    ip4_frag.o(i.ip_reass_chain_frag_into_datagram_and_validate) refers to printf3.o(i.__0printf$3) for __2printf
    ip4_frag.o(i.ip_reass_chain_frag_into_datagram_and_validate) refers to pbuf.o(i.pbuf_clen) for pbuf_clen
    ip4_frag.o(i.ip_reass_chain_frag_into_datagram_and_validate) refers to pbuf.o(i.pbuf_free) for pbuf_free
    ip4_frag.o(i.ip_reass_chain_frag_into_datagram_and_validate) refers to ip4_frag.o(.conststring) for .conststring
    ip4_frag.o(i.ip_reass_chain_frag_into_datagram_and_validate) refers to ip4_frag.o(.data) for ip_reass_pbufcount
    ip4_frag.o(i.ip_reass_dequeue_datagram) refers to printf3.o(i.__0printf$3) for __2printf
    ip4_frag.o(i.ip_reass_dequeue_datagram) refers to memp.o(i.memp_free) for memp_free
    ip4_frag.o(i.ip_reass_dequeue_datagram) refers to ip4_frag.o(.data) for reassdatagrams
    ip4_frag.o(i.ip_reass_dequeue_datagram) refers to ip4_frag.o(.conststring) for .conststring
    ip4_frag.o(i.ip_reass_enqueue_new_datagram) refers to memp.o(i.memp_malloc) for memp_malloc
    ip4_frag.o(i.ip_reass_enqueue_new_datagram) refers to ip4_frag.o(i.ip_reass_remove_oldest_datagram) for ip_reass_remove_oldest_datagram
    ip4_frag.o(i.ip_reass_enqueue_new_datagram) refers to memseta.o(.text) for __aeabi_memclr4
    ip4_frag.o(i.ip_reass_enqueue_new_datagram) refers to memcpya.o(.text) for __aeabi_memcpy
    ip4_frag.o(i.ip_reass_enqueue_new_datagram) refers to ip4_frag.o(.data) for reassdatagrams
    ip4_frag.o(i.ip_reass_free_complete_datagram) refers to printf3.o(i.__0printf$3) for __2printf
    ip4_frag.o(i.ip_reass_free_complete_datagram) refers to memcpya.o(.text) for __aeabi_memcpy
    ip4_frag.o(i.ip_reass_free_complete_datagram) refers to icmp.o(i.icmp_time_exceeded) for icmp_time_exceeded
    ip4_frag.o(i.ip_reass_free_complete_datagram) refers to pbuf.o(i.pbuf_clen) for pbuf_clen
    ip4_frag.o(i.ip_reass_free_complete_datagram) refers to pbuf.o(i.pbuf_free) for pbuf_free
    ip4_frag.o(i.ip_reass_free_complete_datagram) refers to ip4_frag.o(i.ip_reass_dequeue_datagram) for ip_reass_dequeue_datagram
[...]
    EXTI15_10_IRQHandler                     0x08000f29   Thumb Code    12  stm32f4xx_it.o(i.EXTI15_10_IRQHandler)
    FIFO_data_dolu_mu                        0x08000f35   Thumb Code    18  can.o(i.FIFO_data_dolu_mu)
    FIFO_data_var_mi                         0x08000f4d   Thumb Code    16  can.o(i.FIFO_data_var_mi)
    FIFO_pull                                0x08000f61   Thumb Code    66  can.o(i.FIFO_pull)
    FIFO_push                                0x08000fb1   Thumb Code    66  can.o(i.FIFO_push)
    HAL_CAN_ActivateNotification             0x08001001   Thumb Code    44  stm32f4xx_hal_can.o(i.HAL_CAN_ActivateNotification)
    HAL_CAN_AddTxMessage                     0x0800102d   Thumb Code   298  stm32f4xx_hal_can.o(i.HAL_CAN_AddTxMessage)
    HAL_CAN_ConfigFilter                     0x08001159   Thumb Code   288  stm32f4xx_hal_can.o(i.HAL_CAN_ConfigFilter)
    HAL_CAN_ErrorCallback                    0x0800127d   Thumb Code     2  stm32f4xx_hal_can.o(i.HAL_CAN_ErrorCallback)
    HAL_CAN_GetRxMessage                     0x0800127f   Thumb Code   392  stm32f4xx_hal_can.o(i.HAL_CAN_GetRxMessage)
    HAL_CAN_IRQHandler                       0x08001407   Thumb Code   590  stm32f4xx_hal_can.o(i.HAL_CAN_IRQHandler)
    HAL_CAN_Init                             0x08001655   Thumb Code   374  stm32f4xx_hal_can.o(i.HAL_CAN_Init)
    HAL_CAN_MspInit                          0x080017cb   Thumb Code     2  stm32f4xx_hal_can.o(i.HAL_CAN_MspInit)
    HAL_CAN_RxFifo0FullCallback              0x080017cd   Thumb Code     2  stm32f4xx_hal_can.o(i.HAL_CAN_RxFifo0FullCallback)
    HAL_CAN_RxFifo0MsgPendingCallback        0x080017d1   Thumb Code    80  can.o(i.HAL_CAN_RxFifo0MsgPendingCallback)
    HAL_CAN_RxFifo1FullCallback              0x08001831   Thumb Code     2  stm32f4xx_hal_can.o(i.HAL_CAN_RxFifo1FullCallback)
    HAL_CAN_RxFifo1MsgPendingCallback        0x08001833   Thumb Code     2  stm32f4xx_hal_can.o(i.HAL_CAN_RxFifo1MsgPendingCallback)
    HAL_CAN_SleepCallback                    0x08001835   Thumb Code     2  stm32f4xx_hal_can.o(i.HAL_CAN_SleepCallback)
    HAL_CAN_Start                            0x08001837   Thumb Code    96  stm32f4xx_hal_can.o(i.HAL_CAN_Start)
    HAL_CAN_TxMailbox0AbortCallback          0x08001897   Thumb Code     2  stm32f4xx_hal_can.o(i.HAL_CAN_TxMailbox0AbortCallback)
    HAL_CAN_TxMailbox0CompleteCallback       0x08001899   Thumb Code     2  stm32f4xx_hal_can.o(i.HAL_CAN_TxMailbox0CompleteCallback)
    HAL_CAN_TxMailbox1AbortCallback          0x0800189b   Thumb Code     2  stm32f4xx_hal_can.o(i.HAL_CAN_TxMailbox1AbortCallback)
    HAL_CAN_TxMailbox1CompleteCallback       0x0800189d   Thumb Code     2  stm32f4xx_hal_can.o(i.HAL_CAN_TxMailbox1CompleteCallback)
    HAL_CAN_TxMailbox2AbortCallback          0x0800189f   Thumb Code     2  stm32f4xx_hal_can.o(i.HAL_CAN_TxMailbox2AbortCallback)
    HAL_CAN_TxMailbox2CompleteCallback       0x080018a1   Thumb Code     2  stm32f4xx_hal_can.o(i.HAL_CAN_TxMailbox2CompleteCallback)
    HAL_CAN_WakeUpFromRxMsgCallback          0x080018a3   Thumb Code     2  stm32f4xx_hal_can.o(i.HAL_CAN_WakeUpFromRxMsgCallback)
    HAL_DMA_Abort_IT                         0x080018a5   Thumb Code    40  stm32f4xx_hal_dma.o(i.HAL_DMA_Abort_IT)
    HAL_Delay                                0x080018cd   Thumb Code    36  stm32f4xx_hal.o(i.HAL_Delay)
    HAL_ETH_ConfigMAC                        0x080018f5   Thumb Code   314  stm32f4xx_hal_eth.o(i.HAL_ETH_ConfigMAC)
    HAL_ETH_DMARxDescListInit                0x08001a35   Thumb Code   140  stm32f4xx_hal_eth.o(i.HAL_ETH_DMARxDescListInit)
    HAL_ETH_DMATxDescListInit                0x08001ac1   Thumb Code   132  stm32f4xx_hal_eth.o(i.HAL_ETH_DMATxDescListInit)
    HAL_ETH_GetReceivedFrame                 0x08001b45   Thumb Code   178  stm32f4xx_hal_eth.o(i.HAL_ETH_GetReceivedFrame)
    HAL_ETH_Init                             0x08001bf9   Thumb Code   642  stm32f4xx_hal_eth.o(i.HAL_ETH_Init)
    HAL_ETH_MspInit                          0x08001e99   Thumb Code   426  ethernetif.o(i.HAL_ETH_MspInit)
    HAL_ETH_ReadPHYRegister                  0x0800205d   Thumb Code   146  stm32f4xx_hal_eth.o(i.HAL_ETH_ReadPHYRegister)
    HAL_ETH_Start                            0x080020ef   Thumb Code    82  stm32f4xx_hal_eth.o(i.HAL_ETH_Start)
    HAL_ETH_Stop                             0x08002141   Thumb Code    82  stm32f4xx_hal_eth.o(i.HAL_ETH_Stop)
    HAL_ETH_TransmitFrame                    0x08002193   Thumb Code   318  stm32f4xx_hal_eth.o(i.HAL_ETH_TransmitFrame)
    HAL_ETH_WritePHYRegister                 0x080022d1   Thumb Code   144  stm32f4xx_hal_eth.o(i.HAL_ETH_WritePHYRegister)
    HAL_GPIO_EXTI_Callback                   0x08002361   Thumb Code    18  main.o(i.HAL_GPIO_EXTI_Callback)
    HAL_GPIO_EXTI_IRQHandler                 0x08002379   Thumb Code    24  stm32f4xx_hal_gpio.o(i.HAL_GPIO_EXTI_IRQHandler)
    HAL_GPIO_Init                            0x08002395   Thumb Code   466  stm32f4xx_hal_gpio.o(i.HAL_GPIO_Init)
    HAL_GPIO_TogglePin                       0x08002595   Thumb Code     8  stm32f4xx_hal_gpio.o(i.HAL_GPIO_TogglePin)
    HAL_GPIO_WritePin                        0x0800259d   Thumb Code    12  stm32f4xx_hal_gpio.o(i.HAL_GPIO_WritePin)
    HAL_GetREVID                             0x080025a9   Thumb Code     8  stm32f4xx_hal.o(i.HAL_GetREVID)
    HAL_GetTick                              0x080025b5   Thumb Code     6  stm32f4xx_hal.o(i.HAL_GetTick)
    HAL_IncTick                              0x080025c1   Thumb Code    16  stm32f4xx_hal.o(i.HAL_IncTick)
    HAL_Init                                 0x080025d9   Thumb Code    48  stm32f4xx_hal.o(i.HAL_Init)
    HAL_InitTick                             0x0800260d   Thumb Code    64  stm32f4xx_hal.o(i.HAL_InitTick)
    HAL_MspInit                              0x08002659   Thumb Code     2  stm32f4xx_hal.o(i.HAL_MspInit)
    HAL_NVIC_EnableIRQ                       0x0800265b   Thumb Code    32  stm32f4xx_hal_cortex.o(i.HAL_NVIC_EnableIRQ)
    HAL_NVIC_SetPriority                     0x0800267b   Thumb Code   124  stm32f4xx_hal_cortex.o(i.HAL_NVIC_SetPriority)
    HAL_NVIC_SetPriorityGrouping             0x080026f9   Thumb Code    32  stm32f4xx_hal_cortex.o(i.HAL_NVIC_SetPriorityGrouping)
    HAL_RCC_ClockConfig                      0x08002721   Thumb Code   366  stm32f4xx_hal_rcc.o(i.HAL_RCC_ClockConfig)
    HAL_RCC_GetHCLKFreq                      0x080028a1   Thumb Code     6  stm32f4xx_hal_rcc.o(i.HAL_RCC_GetHCLKFreq)
    HAL_RCC_GetPCLK1Freq                     0x080028ad   Thumb Code    22  stm32f4xx_hal_rcc.o(i.HAL_RCC_GetPCLK1Freq)
    HAL_RCC_GetPCLK2Freq                     0x080028cd   Thumb Code    22  stm32f4xx_hal_rcc.o(i.HAL_RCC_GetPCLK2Freq)
    HAL_RCC_GetSysClockFreq                  0x080028ed   Thumb Code   162  stm32f4xx_hal_rcc.o(i.HAL_RCC_GetSysClockFreq)
    HAL_RCC_MCOConfig                        0x0800299d   Thumb Code   178  stm32f4xx_hal_rcc.o(i.HAL_RCC_MCOConfig)
    HAL_RCC_OscConfig                        0x08002a5d   Thumb Code  1086  stm32f4xx_hal_rcc.o(i.HAL_RCC_OscConfig)
    HAL_SYSTICK_CLKSourceConfig              0x08002ea5   Thumb Code    40  stm32f4xx_hal_cortex.o(i.HAL_SYSTICK_CLKSourceConfig)
    HAL_SYSTICK_Callback                     0x08002ecd   Thumb Code     2  stm32f4xx_hal_cortex.o(i.HAL_SYSTICK_Callback)
    HAL_SYSTICK_Config                       0x08002ecf   Thumb Code    52  stm32f4xx_hal_cortex.o(i.HAL_SYSTICK_Config)
    HAL_SYSTICK_IRQHandler                   0x08002f03   Thumb Code     8  stm32f4xx_hal_cortex.o(i.HAL_SYSTICK_IRQHandler)
    HAL_UART_ErrorCallback                   0x08002f0b   Thumb Code     2  stm32f4xx_hal_uart.o(i.HAL_UART_ErrorCallback)
    HAL_UART_IRQHandler                      0x08002f0d   Thumb Code   326  stm32f4xx_hal_uart.o(i.HAL_UART_IRQHandler)
    HAL_UART_Init                            0x08003059   Thumb Code   114  stm32f4xx_hal_uart.o(i.HAL_UART_Init)
    HAL_UART_MspInit                         0x080030cb   Thumb Code     2  stm32f4xx_hal_uart.o(i.HAL_UART_MspInit)
    HAL_UART_Receive_IT                      0x080030cd   Thumb Code   100  stm32f4xx_hal_uart.o(i.HAL_UART_Receive_IT)
    HAL_UART_RxCpltCallback                  0x08003131   Thumb Code   144  usart_config.o(i.HAL_UART_RxCpltCallback)
    HAL_UART_TxCpltCallback                  0x080031fd   Thumb Code     2  stm32f4xx_hal_uart.o(i.HAL_UART_TxCpltCallback)
    HardFault_Handler                        0x08003201   Thumb Code    60  stm32f4xx_it.o(i.HardFault_Handler)
    LCD_LOG_UpdateDisplay                    0x08003245   Thumb Code   186  lcd_log.o(i.LCD_LOG_UpdateDisplay)
    MemManage_Handler                        0x0800330d   Thumb Code     4  stm32f4xx_it.o(i.MemManage_Handler)
    Mesaj_dogrulama                          0x08003311   Thumb Code   304  general_purpose_func.o(i.Mesaj_dogrulama)
    NMI_Handler                              0x08003461   Thumb Code     2  stm32f4xx_it.o(i.NMI_Handler)
    SysTick_Handler                          0x080034d5   Thumb Code   118  stm32f4xx_it.o(i.SysTick_Handler)
    SystemInit                               0x0800364d   Thumb Code    82  system_stm32f4xx.o(i.SystemInit)
    UART5_IRQHandler                         0x080036b1   Thumb Code    10  stm32f4xx_it.o(i.UART5_IRQHandler)
    USART2_CONFIG                            0x08003b81   Thumb Code   116  usart_config.o(i.USART2_CONFIG)
    USART2_GPIO_CONFIG                       0x08003c05   Thumb Code    66  usart_config.o(i.USART2_GPIO_CONFIG)
    USART2_IRQHandler                        0x08003c51   Thumb Code    10  stm32f4xx_it.o(i.USART2_IRQHandler)
    USART5_CONFIG                            0x08003c61   Thumb Code   122  usart_config.o(i.USART5_CONFIG)
    USART5_GPIO_CONFIG                       0x08003cf1   Thumb Code   122  usart_config.o(i.USART5_GPIO_CONFIG)
    USART6_CONFIG                            0x08003d79   Thumb Code   116  usart_config.o(i.USART6_CONFIG)
    USART6_GPIO_CONFIG                       0x08003dfd   Thumb Code    66  usart_config.o(i.USART6_GPIO_CONFIG)
    USART6_IRQHandler                        0x08003e49   Thumb Code    10  stm32f4xx_it.o(i.USART6_IRQHandler)
    UsageFault_Handler                       0x08003e59   Thumb Code     4  stm32f4xx_it.o(i.UsageFault_Handler)
    __0printf$3                              0x08003e5d   Thumb Code    22  printf3.o(i.__0printf$3)
    __1printf$3                              0x08003e5d   Thumb Code     0  printf3.o(i.__0printf$3)
    __2printf                                0x08003e5d   Thumb Code     0  printf3.o(i.__0printf$3)
    __scatterload_copy                       0x08003eb5   Thumb Code    14  handlers.o(i.__scatterload_copy)
    __scatterload_null                       0x08003ec3   Thumb Code     2  handlers.o(i.__scatterload_null)
    __scatterload_zeroinit                   0x08003ec5   Thumb Code    14  handlers.o(i.__scatterload_zeroinit)
    canRunTask                               0x0800408d   Thumb Code   164  can.o(i.canRunTask)
    dhcp_arp_reply                           0x08004175   Thumb Code    60  dhcp.o(i.dhcp_arp_reply)
    dhcp_coarse_tmr                          0x080043b5   Thumb Code   100  dhcp.o(i.dhcp_coarse_tmr)
    dhcp_fine_tmr                            0x0800494d   Thumb Code    54  dhcp.o(i.dhcp_fine_tmr)
    dhcp_network_changed                     0x08004989   Thumb Code    74  dhcp.o(i.dhcp_network_changed)
    dhcp_release                             0x08004f01   Thumb Code   162  dhcp.o(i.dhcp_release)
    dhcp_renew                               0x08004fad   Thumb Code   180  dhcp.o(i.dhcp_renew)
    dhcp_supplied_address                    0x0800517d   Thumb Code    40  dhcp.o(i.dhcp_supplied_address)
    etharp_cleanup_netif                     0x08005425   Thumb Code    52  etharp.o(i.etharp_cleanup_netif)
    etharp_input                             0x08005749   Thumb Code   208  etharp.o(i.etharp_input)
    etharp_output                            0x08005855   Thumb Code   360  etharp.o(i.etharp_output)
    etharp_query                             0x08005b55   Thumb Code   460  etharp.o(i.etharp_query)
    etharp_request                           0x08005ef9   Thumb Code    18  etharp.o(i.etharp_request)
    etharp_tmr                               0x08005f3d   Thumb Code   216  etharp.o(i.etharp_tmr)
    ethernet_input                           0x08006141   Thumb Code   196  ethernet.o(i.ethernet_input)
    ethernet_output                          0x08006209   Thumb Code   112  ethernet.o(i.ethernet_output)
    ethernetif_init                          0x080062d9   Thumb Code    58  ethernetif.o(i.ethernetif_init)
    ethernetif_input                         0x08006369   Thumb Code    40  ethernetif.o(i.ethernetif_input)
    ethernetif_notify_conn_changed           0x08006391   Thumb Code    80  app_ethernet.o(i.ethernetif_notify_conn_changed)
    ethernetif_set_link                      0x080063e9   Thumb Code    60  ethernetif.o(i.ethernetif_set_link)
    ethernetif_update_config                 0x08006429   Thumb Code   206  ethernetif.o(i.ethernetif_update_config)
    fputc                                    0x080064fd   Thumb Code   326  lcd_log.o(i.fputc)
    heartBeatTask                            0x08006675   Thumb Code    28  main.o(i.heartBeatTask)
    icmp_dest_unreach                        0x08006699   Thumb Code    18  icmp.o(i.icmp_dest_unreach)
    icmp_input                               0x080066ad   Thumb Code   420  icmp.o(i.icmp_input)
    icmp_time_exceeded                       0x080069d1   Thumb Code    18  icmp.o(i.icmp_time_exceeded)
    inet_chksum_pbuf                         0x080069e3   Thumb Code    82  inet_chksum.o(i.inet_chksum_pbuf)
    ip4_addr_isbroadcast_u32                 0x08006a35   Thumb Code    78  ip4_addr.o(i.ip4_addr_isbroadcast_u32)
    ip4_frag                                 0x08006a85   Thumb Code   504  ip4_frag.o(i.ip4_frag)
    ip4_input                                0x08006d11   Thumb Code   494  ip4.o(i.ip4_input)
    ip4_output_if                            0x08006f09   Thumb Code    54  ip4.o(i.ip4_output_if)
    ip4_output_if_src                        0x08006f41   Thumb Code   238  ip4.o(i.ip4_output_if_src)
    ip4_reass                                0x080070a1   Thumb Code   464  ip4_frag.o(i.ip4_reass)
    ip4_route                                0x08007279   Thumb Code   134  ip4.o(i.ip4_route)
    ip_reass_tmr                             0x08007939   Thumb Code    48  ip4_frag.o(i.ip_reass_tmr)
    lwip_htonl                               0x08007cdd   Thumb Code    26  def.o(i.lwip_htonl)
    lwip_htons                               0x08007cf7   Thumb Code    12  def.o(i.lwip_htons)
    lwip_init                                0x08007d05   Thumb Code    64  init.o(i.lwip_init)
    lwip_standard_chksum                     0x08007db1   Thumb Code    94  inet_chksum.o(i.lwip_standard_chksum)
    main                                     0x08007e11   Thumb Code   134  main.o(i.main)
    mem_free                                 0x08007ead   Thumb Code   152  mem.o(i.mem_free)
    mem_init                                 0x08008009   Thumb Code    74  mem.o(i.mem_init)
    mem_malloc                               0x08008065   Thumb Code   368  mem.o(i.mem_malloc)
    mem_trim                                 0x080082e9   Thumb Code   308  mem.o(i.mem_trim)
    memp_free                                0x080084c9   Thumb Code    54  memp.o(i.memp_free)
    memp_init                                0x08008589   Thumb Code    26  memp.o(i.memp_init)
    memp_init_pool                           0x080085a9   Thumb Code    44  memp.o(i.memp_init_pool)
    memp_malloc                              0x080085d5   Thumb Code    50  memp.o(i.memp_malloc)
    netif_add                                0x08008695   Thumb Code   132  netif.o(i.netif_add)
    netif_init                               0x080087a1   Thumb Code     2  netif.o(i.netif_init)
    netif_set_addr                           0x080087c7   Thumb Code    72  netif.o(i.netif_set_addr)
    netif_set_default                        0x08008811   Thumb Code     6  netif.o(i.netif_set_default)
    netif_set_down                           0x0800881d   Thumb Code    42  netif.o(i.netif_set_down)
    netif_set_gw                             0x08008847   Thumb Code    12  netif.o(i.netif_set_gw)
    netif_set_ipaddr                         0x08008855   Thumb Code    72  netif.o(i.netif_set_ipaddr)
    netif_set_link_callback                  0x080088a1   Thumb Code     6  netif.o(i.netif_set_link_callback)
    netif_set_link_down                      0x080088a7   Thumb Code    42  netif.o(i.netif_set_link_down)
    netif_set_link_up                        0x080088d1   Thumb Code    66  netif.o(i.netif_set_link_up)
    netif_set_netmask                        0x08008913   Thumb Code    12  netif.o(i.netif_set_netmask)
    netif_set_up                             0x0800891f   Thumb Code    44  netif.o(i.netif_set_up)
    pbuf_alloc                               0x0800894d   Thumb Code   656  pbuf.o(i.pbuf_alloc)
    pbuf_alloced_custom                      0x08008d85   Thumb Code   142  pbuf.o(i.pbuf_alloced_custom)
    pbuf_cat                                 0x08008ea1   Thumb Code   128  pbuf.o(i.pbuf_cat)
    pbuf_chain                               0x08009001   Thumb Code    22  pbuf.o(i.pbuf_chain)
    pbuf_clen                                0x08009017   Thumb Code    18  pbuf.o(i.pbuf_clen)
    pbuf_copy                                0x08009029   Thumb Code   322  pbuf.o(i.pbuf_copy)
    pbuf_copy_partial                        0x08009275   Thumb Code   182  pbuf.o(i.pbuf_copy_partial)
    pbuf_free                                0x080093d9   Thumb Code   250  pbuf.o(i.pbuf_free)
    pbuf_header                              0x0800959d   Thumb Code    18  pbuf.o(i.pbuf_header)
    pbuf_header_force                        0x080095af   Thumb Code    18  pbuf.o(i.pbuf_header_force)
    pbuf_realloc                             0x0800973d   Thumb Code   264  pbuf.o(i.pbuf_realloc)
    pbuf_ref                                 0x08009929   Thumb Code    48  pbuf.o(i.pbuf_ref)
    sendUDPMessage                           0x08009ba9   Thumb Code    86  udpserver.o(i.sendUDPMessage)
    sys_check_timeouts                       0x08009c11   Thumb Code    98  timeouts.o(i.sys_check_timeouts)
    sys_now                                  0x08009c7d   Thumb Code     8  ethernetif.o(i.sys_now)
    sys_timeout                              0x08009c85   Thumb Code   226  timeouts.o(i.sys_timeout)
    sys_timeouts_init                        0x08009ddd   Thumb Code    38  timeouts.o(i.sys_timeouts_init)
    tcp_abandon                              0x08009e11   Thumb Code   244  tcp.o(i.tcp_abandon)
    tcp_abort                                0x08009fb1   Thumb Code    14  tcp.o(i.tcp_abort)
    tcp_alloc                                0x08009fc1   Thumb Code   168  tcp.o(i.tcp_alloc)
    tcp_close                                0x0800a079   Thumb Code    28  tcp.o(i.tcp_close)
    tcp_eff_send_mss_impl                    0x0800a4b5   Thumb Code    58  tcp.o(i.tcp_eff_send_mss_impl)
    tcp_enqueue_flags                        0x0800a4f1   Thumb Code   394  tcp_out.o(i.tcp_enqueue_flags)
    tcp_fasttmr                              0x0800a755   Thumb Code   130  tcp.o(i.tcp_fasttmr)
    tcp_init                                 0x0800a83d   Thumb Code     2  tcp.o(i.tcp_init)
    tcp_input                                0x0800a841   Thumb Code  1810  tcp_in.o(i.tcp_input)
    tcp_keepalive                            0x0800afe9   Thumb Code    90  tcp_out.o(i.tcp_keepalive)
    tcp_netif_ip_addr_changed                0x0800b3e1   Thumb Code    70  tcp.o(i.tcp_netif_ip_addr_changed)
    tcp_next_iss                             0x0800b461   Thumb Code    22  tcp.o(i.tcp_next_iss)
    tcp_output                               0x0800b481   Thumb Code   638  tcp_out.o(i.tcp_output)
    tcp_pcb_purge                            0x0800b9c9   Thumb Code    64  tcp.o(i.tcp_pcb_purge)
    tcp_pcb_remove                           0x0800ba09   Thumb Code   168  tcp.o(i.tcp_pcb_remove)
    tcp_process_refused_data                 0x0800c1f5   Thumb Code   146  tcp.o(i.tcp_process_refused_data)
    tcp_recv_null                            0x0800cb05   Thumb Code    46  tcp.o(i.tcp_recv_null)
    tcp_recved                               0x0800cb35   Thumb Code   140  tcp.o(i.tcp_recved)
    tcp_rexmit                               0x0800cc8d   Thumb Code    98  tcp_out.o(i.tcp_rexmit)
    tcp_rexmit_fast                          0x0800ccef   Thumb Code   110  tcp_out.o(i.tcp_rexmit_fast)
    tcp_rexmit_rto                           0x0800cd5d   Thumb Code    66  tcp_out.o(i.tcp_rexmit_rto)
    tcp_rst                                  0x0800cda1   Thumb Code   160  tcp_out.o(i.tcp_rst)
    tcp_seg_free                             0x0800ce9d   Thumb Code    26  tcp.o(i.tcp_seg_free)
    tcp_segs_free                            0x0800ceb7   Thumb Code    24  tcp.o(i.tcp_segs_free)
    tcp_send_empty_ack                       0x0800cecf   Thumb Code   118  tcp_out.o(i.tcp_send_empty_ack)
    tcp_send_fin                             0x0800cf45   Thumb Code    74  tcp_out.o(i.tcp_send_fin)
    tcp_slowtmr                              0x0800cf91   Thumb Code  1412  tcp.o(i.tcp_slowtmr)
    tcp_timer_needed                         0x0800d59d   Thumb Code    38  timeouts.o(i.tcp_timer_needed)
    tcp_tmr                                  0x0800d679   Thumb Code    30  tcp.o(i.tcp_tmr)
    tcp_trigger_input_pcb_close              0x0800d69d   Thumb Code    14  tcp_in.o(i.tcp_trigger_input_pcb_close)
    tcp_update_rcv_ann_wnd                   0x0800d6b1   Thumb Code   102  tcp.o(i.tcp_update_rcv_ann_wnd)
    tcp_zero_window_probe                    0x0800d79d   Thumb Code   222  tcp_out.o(i.tcp_zero_window_probe)
    telemetryTask                            0x0800d8b5   Thumb Code    18  udpserver.o(i.telemetryTask)
    udpMessageTask                           0x0800d8cd   Thumb Code    94  udpserver.o(i.udpMessageTask)
    udpServerInit                            0x0800d949   Thumb Code    38  udpserver.o(i.udpServerInit)
    udp_bind                                 0x0800d979   Thumb Code   138  udp.o(i.udp_bind)
    udp_connect                              0x0800da0d   Thumb Code   104  udp.o(i.udp_connect)
    udp_disconnect                           0x0800da79   Thumb Code    16  udp.o(i.udp_disconnect)
    udp_echoserver_receive_callback          0x0800da89   Thumb Code    40  udpserver.o(i.udp_echoserver_receive_callback)
    udp_init                                 0x0800dab9   Thumb Code     2  udp.o(i.udp_init)
    udp_input                                0x0800dabd   Thumb Code   326  udp.o(i.udp_input)
    udp_netif_ip_addr_changed                0x0800dcd1   Thumb Code    42  udp.o(i.udp_netif_ip_addr_changed)
    udp_new                                  0x0800dd01   Thumb Code    28  udp.o(i.udp_new)
    udp_recv                                 0x0800dd75   Thumb Code     6  udp.o(i.udp_recv)
    udp_sendto                               0x0800dd7b   Thumb Code    60  udp.o(i.udp_sendto)
    udp_sendto_if                            0x0800ddb7   Thumb Code    82  udp.o(i.udp_sendto_if)
    udp_sendto_if_src                        0x0800de09   Thumb Code   214  udp.o(i.udp_sendto_if_src)
    AHBPrescTable                            0x0800df78   Data          16  system_stm32f4xx.o(.constdata)
    APBPrescTable                            0x0800df88   Data           8  system_stm32f4xx.o(.constdata)
    ip_addr_any                              0x0800df90   Data           4  ip4_addr.o(.constdata)
    ip_addr_broadcast                        0x0800df94   Data           4  ip4_addr.o(.constdata)
    Font24_Table                             0x0800df98   Data        6840  stm324xg_eval_lcd.o(.constdata)
    Font20_Table                             0x0800fa50   Data        3800  stm324xg_eval_lcd.o(.constdata)
    Font16_Table                             0x08010928   Data        3040  stm324xg_eval_lcd.o(.constdata)
    Font12_Table                             0x08011508   Data        1140  stm324xg_eval_lcd.o(.constdata)
    Font8_Table                              0x0801197c   Data         760  stm324xg_eval_lcd.o(.constdata)
    GPIO_PIN                                 0x08011c74   Data           8  stm324xg_eval.o(.constdata)
    BUTTON_PIN                               0x08011c7c   Data           6  stm324xg_eval.o(.constdata)
    BUTTON_IRQn                              0x08011c82   Data           6  stm324xg_eval.o(.constdata)
    COM_TX_PIN                               0x08011c88   Data           2  stm324xg_eval.o(.constdata)
    COM_RX_PIN                               0x08011c8a   Data           2  stm324xg_eval.o(.constdata)
    COM_TX_AF                                0x08011c8c   Data           2  stm324xg_eval.o(.constdata)
    COM_RX_AF                                0x08011c8e   Data           2  stm324xg_eval.o(.constdata)
    ethbroadcast                             0x08011c90   Data           6  ethernet.o(.constdata)
    ethzero                                  0x08011c96   Data           6  ethernet.o(.constdata)
    tcp_pcb_lists                            0x08011cdc   Data          16  tcp.o(.constdata)
    lwip_cyclic_timers                       0x08011cec   Data          40  timeouts.o(.constdata)
    memp_UDP_PCB                             0x08011d14   Data          12  memp.o(.constdata)
    memp_TCP_PCB                             0x08011d20   Data          12  memp.o(.constdata)
    memp_TCP_PCB_LISTEN                      0x08011d2c   Data          12  memp.o(.constdata)
    memp_TCP_SEG                             0x08011d38   Data          12  memp.o(.constdata)
    memp_REASSDATA                           0x08011d44   Data          12  memp.o(.constdata)
    memp_FRAG_PBUF                           0x08011d50   Data          12  memp.o(.constdata)
    memp_SYS_TIMEOUT                         0x08011d5c   Data          12  memp.o(.constdata)
    memp_PBUF                                0x08011d68   Data          12  memp.o(.constdata)
    memp_PBUF_POOL                           0x08011d74   Data          12  memp.o(.constdata)
    memp_pools                               0x08011d80   Data          36  memp.o(.constdata)
    Region$$Table$$Base                      0x080121f4   Number         0  anon$$obj.o(Region$$Table)
    Region$$Table$$Limit                     0x08012214   Number         0  anon$$obj.o(Region$$Table)
    SystemCoreClock                          0x20000000   Data           4  system_stm32f4xx.o(.data)
    dhcp_rx_options_given                    0x20000010   Data           8  dhcp.o(.data)
    Font24                                   0x20000028   Data           8  stm324xg_eval_lcd.o(.data)
    Font20                                   0x20000030   Data           8  stm324xg_eval_lcd.o(.data)
    Font16                                   0x20000038   Data           8  stm324xg_eval_lcd.o(.data)
    Font12                                   0x20000040   Data           8  stm324xg_eval_lcd.o(.data)
    Font8                                    0x20000048   Data           8  stm324xg_eval_lcd.o(.data)
    GPIO_PORT                                0x20000054   Data          16  stm324xg_eval.o(.data)
    BUTTON_PORT                              0x20000064   Data          12  stm324xg_eval.o(.data)
    COM_USART                                0x20000070   Data           4  stm324xg_eval.o(.data)
    COM_TX_PORT                              0x20000074   Data           4  stm324xg_eval.o(.data)
    COM_RX_PORT                              0x20000078   Data           4  stm324xg_eval.o(.data)
    uwTick                                   0x20000080   Data           4  stm32f4xx_hal.o(.data)
    uwTickPrio                               0x20000084   Data           4  stm32f4xx_hal.o(.data)
    uwTickFreq                               0x20000088   Data           1  stm32f4xx_hal.o(.data)
    LCD_LineColor                            0x2000008c   Data           4  lcd_log.o(.data)
    LCD_CacheBuffer_xptr                     0x20000090   Data           2  lcd_log.o(.data)
    LCD_CacheBuffer_yptr_top                 0x20000092   Data           2  lcd_log.o(.data)
    LCD_CacheBuffer_yptr_bottom              0x20000094   Data           2  lcd_log.o(.data)
    LCD_CacheBuffer_yptr_top_bak             0x20000096   Data           2  lcd_log.o(.data)
    LCD_CacheBuffer_yptr_bottom_bak          0x20000098   Data           2  lcd_log.o(.data)
    LCD_CacheBuffer_yptr_invert              0x2000009a   Data           1  lcd_log.o(.data)
    LCD_ScrollActive                         0x2000009b   Data           1  lcd_log.o(.data)
    LCD_Lock                                 0x2000009c   Data           1  lcd_log.o(.data)
    LCD_Scrolled                             0x2000009d   Data           1  lcd_log.o(.data)
    LCD_ScrollBackStep                       0x2000009e   Data           2  lcd_log.o(.data)
    udpTestBuf                               0x200000a0   Data           4  main.o(.data)
    udpTestPCB                               0x200000a4   Data           4  main.o(.data)
    udpTestIP                                0x200000a8   Data           4  main.o(.data)
    udpTelemetryPCB                          0x200000ac   Data           4  main.o(.data)
    udpTelemetryIP                           0x200000b0   Data           4  main.o(.data)
    heartbeatCounter                         0x200000b4   Data           4  stm32f4xx_it.o(.data)
    motorCounter                             0x200000b8   Data           4  stm32f4xx_it.o(.data)
    udpMessageTimeout                        0x200000bc   Data           4  stm32f4xx_it.o(.data)
    resetCounter                             0x200000c0   Data           4  stm32f4xx_it.o(.data)
    messageCAN_timeout_counter               0x200000c4   Data           4  stm32f4xx_it.o(.data)
    telemetriCounter                         0x200000c8   Data           4  stm32f4xx_it.o(.data)
    uart6recvTimeout                         0x200000cc   Data           4  stm32f4xx_it.o(.data)
    uart5recvTimeout                         0x200000d0   Data           4  stm32f4xx_it.o(.data)
    uart2recvTimeout                         0x200000d4   Data           4  stm32f4xx_it.o(.data)
    testCounter                              0x200000d8   Data           2  stm32f4xx_it.o(.data)
    parka_hazir                              0x200000dc   Data           1  can.o(.data)
    paket_sayisi                             0x200000dd   Data           1  can.o(.data)
    CAN_RxData                               0x200000de   Data           8  can.o(.data)
    CAN_MesajGeldi                           0x200000e6   Data           1  can.o(.data)
    CAN1_newDataFlag                         0x200000e7   Data           1  can.o(.data)
    pozisyon_alindi_flag                     0x200000e8   Data           1  can.o(.data)
    pozisyon                                 0x200000ec   Data           4  can.o(.data)
    tilt_anlik_pozisyon                      0x200000f0   Data           4  can.o(.data)
    pan_anlik_pozisyon                       0x200000f4   Data           4  can.o(.data)
    direksiyon_anlik_pozisyon                0x200000f8   Data           4  can.o(.data)
    motor_can_devir                          0x200000fc   Data           2  can.o(.data)
    motor_can_hiz                            0x200000fe   Data           2  can.o(.data)
    vites_can                                0x20000100   Data           1  can.o(.data)
    can_hiz_counter                          0x20000101   Data           1  can.o(.data)
    loop_counter                             0x20000102   Data           2  can.o(.data)
    FIFODataSayisi                           0x20000104   Data           2  can.o(.data)
    FIFOKuyruk                               0x20000106   Data           2  can.o(.data)
    FIFOKafa                                 0x20000108   Data           2  can.o(.data)
    CAN_timestamp                            0x2000010a   Data           1  can.o(.data)
    park_istegi                              0x2000010b   Data           1  can.o(.data)
    kule_enable                              0x2000010c   Data           1  can.o(.data)
    zoom_durumu                              0x2000010d   Data           1  can.o(.data)
    CAN_mesaji_toplam_uzunluk                0x2000010e   Data           2  general_purpose_func.o(.data)
    mesaj_state                              0x20000110   Data           1  general_purpose_func.o(.data)
    qos                                      0x20000112   Data           2  general_purpose_func.o(.data)
    paket_no                                 0x20000114   Data           2  general_purpose_func.o(.data)
    mesaj_tipi                               0x20000116   Data           1  general_purpose_func.o(.data)
    slave_adres                              0x20000117   Data           1  general_purpose_func.o(.data)
    uart5recvIndex                           0x20000118   Data           4  usart_config.o(.data)
    uart6recvIndex                           0x2000011c   Data           4  usart_config.o(.data)
    uart2recvIndex                           0x20000120   Data           4  usart_config.o(.data)
    gps_mesaj_geldi                          0x20000124   Data           1  usart_config.o(.data)
    pozisyon_mesaji_geldi                    0x20000125   Data           1  usart_config.o(.data)
    positionMessageSize                      0x20000128   Data           4  usart_config.o(.data)
    usart5FirstRunFlag                       0x2000012c   Data           1  usart_config.o(.data)
    usart6FirstRunFlag                       0x2000012d   Data           1  usart_config.o(.data)
    UDP_MesajGeldi                           0x2000012e   Data           1  udpserver.o(.data)
    kameraSwitch                             0x2000012f   Data           1  udpserver.o(.data)
    kameraSwitchChar                         0x20000130   Data           1  udpserver.o(.data)
    defMessage                               0x20000131   Data           8  udpserver.o(.data)
    resetFlag                                0x20000139   Data           1  udpserver.o(.data)
    joystick_tilt                            0x2000013a   Data           2  udpserver.o(.data)
    joystick_pan                             0x2000013c   Data           2  udpserver.o(.data)
    zoom_direction                           0x2000013e   Data           1  udpserver.o(.data)
    tetik_cek                                0x2000013f   Data           1  udpserver.o(.data)
    zoom_seviyesi                            0x20000140   Data           1  udpserver.o(.data)
    tilt_aci_durumu                          0x20000142   Data           2  udpserver.o(.data)
    pan_aci_durumu                           0x20000144   Data           2  udpserver.o(.data)
    LRF_mesafesi                             0x20000146   Data           2  udpserver.o(.data)
    jsYmessageTilt                           0x20000148   Data           2  udpserver.o(.data)
    jsXmessagePan                            0x2000014a   Data           2  udpserver.o(.data)
    jsZmessageZoom                           0x2000014c   Data           2  udpserver.o(.data)
    emergencySwitch                          0x2000014e   Data           1  udpserver.o(.data)
    lightSwitch                              0x2000014f   Data           1  udpserver.o(.data)
    tetik_emniyet                            0x20000150   Data           1  udpserver.o(.data)
    kurma_kolu                               0x20000151   Data           1  udpserver.o(.data)
    speedControlSwitch1                      0x20000152   Data           1  udpserver.o(.data)
    speedControlSwitch2                      0x20000153   Data           1  udpserver.o(.data)
    speedControlSwitch3                      0x20000154   Data           1  udpserver.o(.data)
    speedLevel                               0x20000155   Data           1  udpserver.o(.data)
    analog_message                           0x20000156   Data           4  udpserver.o(.data)
    atis_serbest_flag                        0x2000015a   Data           1  udpserver.o(.data)
    silah_aktif_flag                         0x2000015b   Data           1  udpserver.o(.data)
    kamera_degistir                          0x2000015c   Data           1  udpserver.o(.data)
    kamera_old                               0x2000015d   Data           1  udpserver.o(.data)
    kamera_temp                              0x2000015e   Data           1  udpserver.o(.data)
    mast_state                               0x2000015f   Data           1  udpserver.o(.data)
    atis_serbest                             0x20000160   Data           1  udpserver.o(.data)
    debugHF                                  0x20000161   Data           1  udpserver.o(.data)
    testValue                                0x20000162   Data           1  udpserver.o(.data)
    udpErr                                   0x20000163   Data           1  udpserver.o(.data)
    netif_list                               0x20000164   Data           4  netif.o(.data)
    netif_default                            0x20000168   Data           4  netif.o(.data)
    tcp_ticks                                0x20000180   Data           4  tcp.o(.data)
    tcp_bound_pcbs                           0x20000184   Data           4  tcp.o(.data)
    tcp_listen_pcbs                          0x20000188   Data           4  tcp.o(.data)
    tcp_active_pcbs                          0x2000018c   Data           4  tcp.o(.data)
    tcp_tw_pcbs                              0x20000190   Data           4  tcp.o(.data)
    tcp_active_pcbs_changed                  0x20000194   Data           1  tcp.o(.data)
    udp_pcbs                                 0x200001d0   Data           4  udp.o(.data)
    tcp_input_pcb                            0x200001f8   Data           4  tcp_in.o(.data)
    __stdout                                 0x20000200   Data           4  stdout.o(.data)
    DrawProp                                 0x200002f4   Data          12  stm324xg_eval_lcd.o(.bss)
    LCD_CacheBuffer                          0x20000300   Data       15444  lcd_log.o(.bss)
    gnetif                                   0x20003f54   Data          56  main.o(.bss)
    DMARxDscrTab                             0x20003f8c   Data         128  ethernetif.o(.bss)
    DMATxDscrTab                             0x2000400c   Data         128  ethernetif.o(.bss)
    Rx_Buff                                  0x2000408c   Data        6096  ethernetif.o(.bss)
    Tx_Buff                                  0x2000585c   Data        6096  ethernetif.o(.bss)
    EthHandle                                0x2000702c   Data          72  ethernetif.o(.bss)
    CanHandle                                0x20007074   Data          40  can.o(.bss)
    Can2Handle                               0x2000709c   Data          40  can.o(.bss)
    CAN1_RXMesaji                            0x200070c4   Data          28  can.o(.bss)
    CAN1_TXMesaji                            0x200070e0   Data          24  can.o(.bss)
    CAN2_RXMesaji                            0x200070f8   Data          28  can.o(.bss)
    CAN2_TXMesaji                            0x20007114   Data          24  can.o(.bss)
    FIFO                                     0x2000712c   Data        1024  can.o(.bss)
    CAN_gondermeye_hazir_mesaj               0x2000752c   Data        1024  can.o(.bss)
    mesaj_data                               0x2000792c   Data         128  general_purpose_func.o(.bss)
    mesaj                                    0x200079ac   Data         128  general_purpose_func.o(.bss)
    Uart6Handle                              0x20007a2c   Data          64  usart_config.o(.bss)
    Uart5Handle                              0x20007a6c   Data          64  usart_config.o(.bss)
    Uart2Handle                              0x20007aac   Data          64  usart_config.o(.bss)
    USART6_Rx_Buffer                         0x20007aec   Data        1024  usart_config.o(.bss)
    USART5_Rx_Buffer                         0x20007eec   Data          26  usart_config.o(.bss)
    USART2_Rx_Buffer                         0x20007f06   Data        1024  usart_config.o(.bss)
    sendUSART5                               0x20008306   Data          32  usart_config.o(.bss)
    sendUSART6                               0x20008326   Data          32  usart_config.o(.bss)
    readUSART6                               0x20008346   Data          32  usart_config.o(.bss)
    UDP_RxData                               0x20008366   Data          44  udpserver.o(.bss)
    read_ethernet                            0x20008392   Data          38  udpserver.o(.bss)
    approved_ethernet                        0x200083b8   Data          38  udpserver.o(.bss)
    ram_heap                                 0x200083de   Data       10259  mem.o(.bss)
    ip_data                                  0x2000abf4   Data          24  ip.o(.bss)
    memp_memory_UDP_PCB_base                 0x2000ac0c   Data         195  memp.o(.bss)
    memp_memory_TCP_PCB_base                 0x2000accf   Data        1483  memp.o(.bss)
    memp_memory_TCP_PCB_LISTEN_base          0x2000b29a   Data         143  memp.o(.bss)
    memp_memory_TCP_SEG_base                 0x2000b329   Data         131  memp.o(.bss)
    memp_memory_REASSDATA_base               0x2000b3ac   Data         163  memp.o(.bss)
    memp_memory_FRAG_PBUF_base               0x2000b44f   Data         363  memp.o(.bss)
    memp_memory_SYS_TIMEOUT_base             0x2000b5ba   Data         163  memp.o(.bss)
    memp_memory_PBUF_base                    0x2000b65d   Data         163  memp.o(.bss)
    memp_memory_PBUF_POOL_base               0x2000b700   Data        4227  memp.o(.bss)
    __initial_sp                             0x2000cb98   Data           0  startup_stm32f407xx.o(STACK)



==============================================================================

Memory Map of the image

  Image Entry point : 0x08000189

  Load Region LR_IROM1 (Base: 0x08000000, Size: 0x00012418, Max: 0x00100000, ABSOLUTE, COMPRESSED[0x00012280])

    Execution Region ER_IROM1 (Exec base: 0x08000000, Load base: 0x08000000, Size: 0x00012214, Max: 0x00100000, ABSOLUTE)

    Exec Addr    Load Addr    Size         Type   Attr      Idx    E Section Name        Object

    0x08000000   0x08000000   0x00000188   Data   RO         1631    RESET               startup_stm32f407xx.o
    0x08000188   0x08000188   0x00000000   Code   RO         7136  * .ARM.Collect$$$$00000000  mc_w.l(entry.o)
    0x08000188   0x08000188   0x00000004   Code   RO         7419    .ARM.Collect$$$$00000001  mc_w.l(entry2.o)
    0x0800018c   0x0800018c   0x00000004   Code   RO         7422    .ARM.Collect$$$$00000004  mc_w.l(entry5.o)
    0x08000190   0x08000190   0x00000000   Code   RO         7424    .ARM.Collect$$$$00000008  mc_w.l(entry7b.o)
    0x08000190   0x08000190   0x00000000   Code   RO         7426    .ARM.Collect$$$$0000000A  mc_w.l(entry8b.o)
    0x08000190   0x08000190   0x00000008   Code   RO         7427    .ARM.Collect$$$$0000000B  mc_w.l(entry9a.o)
    0x08000198   0x08000198   0x00000000   Code   RO         7429    .ARM.Collect$$$$0000000D  mc_w.l(entry10a.o)
    0x08000198   0x08000198   0x00000000   Code   RO         7431    .ARM.Collect$$$$0000000F  mc_w.l(entry11a.o)
    0x08000198   0x08000198   0x00000004   Code   RO         7420    .ARM.Collect$$$$00002712  mc_w.l(entry2.o)
    0x0800019c   0x0800019c   0x00000024   Code   RO         1632    .text               startup_stm32f407xx.o
    0x080001c0   0x080001c0   0x00000062   Code   RO         7139    .text               mc_w.l(uldiv.o)
    0x08000222   0x08000222   0x00000002   PAD
    0x08000224   0x08000224   0x00000024   Code   RO         7141    .text               mc_w.l(rand.o)
    0x08000248   0x08000248   0x00000024   Code   RO         7144    .text               mc_w.l(memcpya.o)
    0x0800026c   0x0800026c   0x00000024   Code   RO         7146    .text               mc_w.l(memseta.o)
    0x08000290   0x08000290   0x00000018   Code   RO         7148    .text               mc_w.l(strncpy.o)
    0x080002a8   0x080002a8   0x0000001a   Code   RO         7152    .text               mc_w.l(memcmp.o)
    0x080002c2   0x080002c2   0x0000002c   Code   RO         7434    .text               mc_w.l(uidiv.o)
    0x080002ee   0x080002ee   0x0000001e   Code   RO         7436    .text               mc_w.l(llshl.o)
    0x0800030c   0x0800030c   0x00000020   Code   RO         7438    .text               mc_w.l(llushr.o)
    0x0800032c   0x0800032c   0x00000024   Code   RO         7451    .text               mc_w.l(init.o)
    0x08000350   0x08000350   0x00000056   Code   RO         7465    .text               mc_w.l(__dczerorl2.o)
    0x080003a6   0x080003a6   0x00000002   PAD
    0x080003a8   0x080003a8   0x00000084   Code   RO         5033    i.BSP_Config        main.o
    0x0800042c   0x0800042c   0x00000040   Code   RO         1027    i.BSP_LCD_DisplayChar  stm324xg_eval_lcd.o
    0x0800046c   0x0800046c   0x000000d0   Code   RO         1030    i.BSP_LCD_DisplayStringAt  stm324xg_eval_lcd.o
    0x0800053c   0x0800053c   0x0000001e   Code   RO         1031    i.BSP_LCD_DisplayStringAtLine  stm324xg_eval_lcd.o
    0x0800055a   0x0800055a   0x00000002   PAD
    0x0800055c   0x0800055c   0x00000024   Code   RO         1037    i.BSP_LCD_DrawPixel  stm324xg_eval_lcd.o
    0x08000580   0x08000580   0x0000000c   Code   RO         1047    i.BSP_LCD_GetFont   stm324xg_eval_lcd.o
    0x0800058c   0x0800058c   0x00000010   Code   RO         1049    i.BSP_LCD_GetXSize  stm324xg_eval_lcd.o
    0x0800059c   0x0800059c   0x0000000c   Code   RO         1055    i.BSP_LCD_SetTextColor  stm324xg_eval_lcd.o
    0x080005a8   0x080005a8   0x00000020   Code   RO         1286    i.BSP_LED_Off       stm324xg_eval.o
    0x080005c8   0x080005c8   0x00000020   Code   RO         1287    i.BSP_LED_On        stm324xg_eval.o
    0x080005e8   0x080005e8   0x00000004   Code   RO         5179    i.BusFault_Handler  stm32f4xx_it.o
    0x080005ec   0x080005ec   0x0000001c   Code   RO         5368    i.CAN1_FIFO_temizle  can.o
    0x08000608   0x08000608   0x00000124   Code   RO         5369    i.CAN1_Konfigurasyonu_Yap  can.o
    0x0800072c   0x0800072c   0x00000030   Code   RO         5370    i.CAN1_RX           can.o
    0x0800075c   0x0800075c   0x00000010   Code   RO         5180    i.CAN1_RX0_IRQHandler  stm32f4xx_it.o
    0x0800076c   0x0800076c   0x00000034   Code   RO         5371    i.CAN1_RX8Bayt      can.o
    0x080007a0   0x080007a0   0x00000052   Code   RO         5372    i.CAN1_TX           can.o
    0x080007f2   0x080007f2   0x00000002   PAD
    0x080007f4   0x080007f4   0x00000044   Code   RO         5373    i.CAN1_TX_8Bayt     can.o
    0x08000838   0x08000838   0x00000124   Code   RO         5374    i.CAN2_Konfigurasyonu_Yap  can.o
    0x0800095c   0x0800095c   0x00000010   Code   RO         5181    i.CAN2_RX0_IRQHandler  stm32f4xx_it.o
    0x0800096c   0x0800096c   0x000000a8   Code   RO         5376    i.CAN_gonder_hiz_zoom_enable_park  can.o
    0x08000a14   0x08000a14   0x00000068   Code   RO         5377    i.CAN_gondermeye_hazirla  can.o
    0x08000a7c   0x08000a7c   0x00000002   Code   RO         5182    i.DebugMon_Handler  stm32f4xx_it.o
    0x08000a7e   0x08000a7e   0x00000002   PAD
    0x08000a80   0x08000a80   0x000000d8   Code   RO         1056    i.DrawChar          stm324xg_eval_lcd.o
    0x08000b58   0x08000b58   0x00000016   Code   RO         1639    i.ETH_DMAReceptionDisable  stm32f4xx_hal_eth.o
    0x08000b6e   0x08000b6e   0x00000016   Code   RO         1640    i.ETH_DMAReceptionEnable  stm32f4xx_hal_eth.o
    0x08000b84   0x08000b84   0x00000016   Code   RO         1641    i.ETH_DMATransmissionDisable  stm32f4xx_hal_eth.o
    0x08000b9a   0x08000b9a   0x00000016   Code   RO         1642    i.ETH_DMATransmissionEnable  stm32f4xx_hal_eth.o
    0x08000bb0   0x08000bb0   0x00000028   Code   RO         1643    i.ETH_Delay         stm32f4xx_hal_eth.o
    0x08000bd8   0x08000bd8   0x00000038   Code   RO         1644    i.ETH_FlushTransmitFIFO  stm32f4xx_hal_eth.o
    0x08000c10   0x08000c10   0x00000034   Code   RO         1645    i.ETH_MACAddressConfig  stm32f4xx_hal_eth.o
    0x08000c44   0x08000c44   0x00000244   Code   RO         1646    i.ETH_MACDMAConfig  stm32f4xx_hal_eth.o
    0x08000e88   0x08000e88   0x00000028   Code   RO         1647    i.ETH_MACReceptionDisable  stm32f4xx_hal_eth.o
    0x08000eb0   0x08000eb0   0x00000028   Code   RO         1648    i.ETH_MACReceptionEnable  stm32f4xx_hal_eth.o
    0x08000ed8   0x08000ed8   0x00000028   Code   RO         1649    i.ETH_MACTransmissionDisable  stm32f4xx_hal_eth.o
    0x08000f00   0x08000f00   0x00000028   Code   RO         1650    i.ETH_MACTransmissionEnable  stm32f4xx_hal_eth.o
    0x08000f28   0x08000f28   0x0000000c   Code   RO         5183    i.EXTI15_10_IRQHandler  stm32f4xx_it.o
    0x08000f34   0x08000f34   0x00000018   Code   RO         5378    i.FIFO_data_dolu_mu  can.o
    0x08000f4c   0x08000f4c   0x00000014   Code   RO         5380    i.FIFO_data_var_mi  can.o
    0x08000f60   0x08000f60   0x00000050   Code   RO         5381    i.FIFO_pull         can.o
    0x08000fb0   0x08000fb0   0x00000050   Code   RO         5382    i.FIFO_push         can.o
    0x08001000   0x08001000   0x0000002c   Code   RO         4103    i.HAL_CAN_ActivateNotification  stm32f4xx_hal_can.o
    0x0800102c   0x0800102c   0x0000012a   Code   RO         4104    i.HAL_CAN_AddTxMessage  stm32f4xx_hal_can.o
    0x08001156   0x08001156   0x00000002   PAD
    0x08001158   0x08001158   0x00000124   Code   RO         4105    i.HAL_CAN_ConfigFilter  stm32f4xx_hal_can.o
    0x0800127c   0x0800127c   0x00000002   Code   RO         4108    i.HAL_CAN_ErrorCallback  stm32f4xx_hal_can.o
    0x0800127e   0x0800127e   0x00000188   Code   RO         4111    i.HAL_CAN_GetRxMessage  stm32f4xx_hal_can.o
    0x08001406   0x08001406   0x0000024e   Code   RO         4115    i.HAL_CAN_IRQHandler  stm32f4xx_hal_can.o
    0x08001654   0x08001654   0x00000176   Code   RO         4116    i.HAL_CAN_Init      stm32f4xx_hal_can.o
    0x080017ca   0x080017ca   0x00000002   Code   RO         4120    i.HAL_CAN_MspInit   stm32f4xx_hal_can.o
    0x080017cc   0x080017cc   0x00000002   Code   RO         4123    i.HAL_CAN_RxFifo0FullCallback  stm32f4xx_hal_can.o
    0x080017ce   0x080017ce   0x00000002   PAD
    0x080017d0   0x080017d0   0x00000060   Code   RO         5383    i.HAL_CAN_RxFifo0MsgPendingCallback  can.o
    0x08001830   0x08001830   0x00000002   Code   RO         4125    i.HAL_CAN_RxFifo1FullCallback  stm32f4xx_hal_can.o
    0x08001832   0x08001832   0x00000002   Code   RO         4126    i.HAL_CAN_RxFifo1MsgPendingCallback  stm32f4xx_hal_can.o
    0x08001834   0x08001834   0x00000002   Code   RO         4127    i.HAL_CAN_SleepCallback  stm32f4xx_hal_can.o
    0x08001836   0x08001836   0x00000060   Code   RO         4128    i.HAL_CAN_Start     stm32f4xx_hal_can.o
    0x08001896   0x08001896   0x00000002   Code   RO         4130    i.HAL_CAN_TxMailbox0AbortCallback  stm32f4xx_hal_can.o
    0x08001898   0x08001898   0x00000002   Code   RO         4131    i.HAL_CAN_TxMailbox0CompleteCallback  stm32f4xx_hal_can.o
    0x0800189a   0x0800189a   0x00000002   Code   RO         4132    i.HAL_CAN_TxMailbox1AbortCallback  stm32f4xx_hal_can.o
    0x0800189c   0x0800189c   0x00000002   Code   RO         4133    i.HAL_CAN_TxMailbox1CompleteCallback  stm32f4xx_hal_can.o
    0x0800189e   0x0800189e   0x00000002   Code   RO         4134    i.HAL_CAN_TxMailbox2AbortCallback  stm32f4xx_hal_can.o
    0x080018a0   0x080018a0   0x00000002   Code   RO         4135    i.HAL_CAN_TxMailbox2CompleteCallback  stm32f4xx_hal_can.o
    0x080018a2   0x080018a2   0x00000002   Code   RO         4137    i.HAL_CAN_WakeUpFromRxMsgCallback  stm32f4xx_hal_can.o
    0x080018a4   0x080018a4   0x00000028   Code   RO         2252    i.HAL_DMA_Abort_IT  stm32f4xx_hal_dma.o
    0x080018cc   0x080018cc   0x00000028   Code   RO         3618    i.HAL_Delay         stm32f4xx_hal.o
    0x080018f4   0x080018f4   0x00000140   Code   RO         1652    i.HAL_ETH_ConfigMAC  stm32f4xx_hal_eth.o
    0x08001a34   0x08001a34   0x0000008c   Code   RO         1653    i.HAL_ETH_DMARxDescListInit  stm32f4xx_hal_eth.o
    0x08001ac0   0x08001ac0   0x00000084   Code   RO         1654    i.HAL_ETH_DMATxDescListInit  stm32f4xx_hal_eth.o
    0x08001b44   0x08001b44   0x000000b2   Code   RO         1657    i.HAL_ETH_GetReceivedFrame  stm32f4xx_hal_eth.o
    0x08001bf6   0x08001bf6   0x00000002   PAD
    0x08001bf8   0x08001bf8   0x000002a0   Code   RO         1661    i.HAL_ETH_Init      stm32f4xx_hal_eth.o
    0x08001e98   0x08001e98   0x000001c4   Code   RO         5286    i.HAL_ETH_MspInit   ethernetif.o
    0x0800205c   0x0800205c   0x00000092   Code   RO         1664    i.HAL_ETH_ReadPHYRegister  stm32f4xx_hal_eth.o
    0x080020ee   0x080020ee   0x00000052   Code   RO         1666    i.HAL_ETH_Start     stm32f4xx_hal_eth.o
    0x08002140   0x08002140   0x00000052   Code   RO         1667    i.HAL_ETH_Stop      stm32f4xx_hal_eth.o
    0x08002192   0x08002192   0x0000013e   Code   RO         1668    i.HAL_ETH_TransmitFrame  stm32f4xx_hal_eth.o
    0x080022d0   0x080022d0   0x00000090   Code   RO         1670    i.HAL_ETH_WritePHYRegister  stm32f4xx_hal_eth.o
    0x08002360   0x08002360   0x00000018   Code   RO         5034    i.HAL_GPIO_EXTI_Callback  main.o
    0x08002378   0x08002378   0x0000001c   Code   RO         3427    i.HAL_GPIO_EXTI_IRQHandler  stm32f4xx_hal_gpio.o
    0x08002394   0x08002394   0x00000200   Code   RO         3428    i.HAL_GPIO_Init     stm32f4xx_hal_gpio.o
    0x08002594   0x08002594   0x00000008   Code   RO         3431    i.HAL_GPIO_TogglePin  stm32f4xx_hal_gpio.o
    0x0800259c   0x0800259c   0x0000000c   Code   RO         3432    i.HAL_GPIO_WritePin  stm32f4xx_hal_gpio.o
    0x080025a8   0x080025a8   0x0000000c   Code   RO         3623    i.HAL_GetREVID      stm32f4xx_hal.o
    0x080025b4   0x080025b4   0x0000000c   Code   RO         3624    i.HAL_GetTick       stm32f4xx_hal.o
    0x080025c0   0x080025c0   0x00000018   Code   RO         3628    i.HAL_IncTick       stm32f4xx_hal.o
    0x080025d8   0x080025d8   0x00000034   Code   RO         3629    i.HAL_Init          stm32f4xx_hal.o
    0x0800260c   0x0800260c   0x0000004c   Code   RO         3630    i.HAL_InitTick      stm32f4xx_hal.o
    0x08002658   0x08002658   0x00000002   Code   RO         3632    i.HAL_MspInit       stm32f4xx_hal.o
    0x0800265a   0x0800265a   0x00000020   Code   RO         3913    i.HAL_NVIC_EnableIRQ  stm32f4xx_hal_cortex.o
    0x0800267a   0x0800267a   0x0000007c   Code   RO         3919    i.HAL_NVIC_SetPriority  stm32f4xx_hal_cortex.o
    0x080026f6   0x080026f6   0x00000002   PAD
    0x080026f8   0x080026f8   0x00000028   Code   RO         3920    i.HAL_NVIC_SetPriorityGrouping  stm32f4xx_hal_cortex.o
    0x08002720   0x08002720   0x00000180   Code   RO         1838    i.HAL_RCC_ClockConfig  stm32f4xx_hal_rcc.o
    0x080028a0   0x080028a0   0x0000000c   Code   RO         1843    i.HAL_RCC_GetHCLKFreq  stm32f4xx_hal_rcc.o
    0x080028ac   0x080028ac   0x00000020   Code   RO         1845    i.HAL_RCC_GetPCLK1Freq  stm32f4xx_hal_rcc.o
    0x080028cc   0x080028cc   0x00000020   Code   RO         1846    i.HAL_RCC_GetPCLK2Freq  stm32f4xx_hal_rcc.o
    0x080028ec   0x080028ec   0x000000b0   Code   RO         1847    i.HAL_RCC_GetSysClockFreq  stm32f4xx_hal_rcc.o
    0x0800299c   0x0800299c   0x000000c0   Code   RO         1848    i.HAL_RCC_MCOConfig  stm32f4xx_hal_rcc.o
    0x08002a5c   0x08002a5c   0x00000448   Code   RO         1850    i.HAL_RCC_OscConfig  stm32f4xx_hal_rcc.o
    0x08002ea4   0x08002ea4   0x00000028   Code   RO         3922    i.HAL_SYSTICK_CLKSourceConfig  stm32f4xx_hal_cortex.o
    0x08002ecc   0x08002ecc   0x00000002   Code   RO         3923    i.HAL_SYSTICK_Callback  stm32f4xx_hal_cortex.o
    0x08002ece   0x08002ece   0x00000034   Code   RO         3924    i.HAL_SYSTICK_Config  stm32f4xx_hal_cortex.o
    0x08002f02   0x08002f02   0x00000008   Code   RO         3925    i.HAL_SYSTICK_IRQHandler  stm32f4xx_hal_cortex.o
    0x08002f0a   0x08002f0a   0x00000002   Code   RO         2493    i.HAL_UART_ErrorCallback  stm32f4xx_hal_uart.o
    0x08002f0c   0x08002f0c   0x0000014c   Code   RO         2496    i.HAL_UART_IRQHandler  stm32f4xx_hal_uart.o
    0x08003058   0x08003058   0x00000072   Code   RO         2497    i.HAL_UART_Init     stm32f4xx_hal_uart.o
    0x080030ca   0x080030ca   0x00000002   Code   RO         2499    i.HAL_UART_MspInit  stm32f4xx_hal_uart.o
    0x080030cc   0x080030cc   0x00000064   Code   RO         2502    i.HAL_UART_Receive_IT  stm32f4xx_hal_uart.o
    0x08003130   0x08003130   0x000000cc   Code   RO         5594    i.HAL_UART_RxCpltCallback  usart_config.o
    0x080031fc   0x080031fc   0x00000002   Code   RO         2508    i.HAL_UART_TxCpltCallback  stm32f4xx_hal_uart.o
    0x080031fe   0x080031fe   0x00000002   PAD
    0x08003200   0x08003200   0x00000044   Code   RO         5184    i.HardFault_Handler  stm32f4xx_it.o
    0x08003244   0x08003244   0x000000c8   Code   RO         4951    i.LCD_LOG_UpdateDisplay  lcd_log.o
    0x0800330c   0x0800330c   0x00000004   Code   RO         5185    i.MemManage_Handler  stm32f4xx_it.o
    0x08003310   0x08003310   0x00000150   Code   RO         5560    i.Mesaj_dogrulama   general_purpose_func.o
    0x08003460   0x08003460   0x00000002   Code   RO         5186    i.NMI_Handler       stm32f4xx_it.o
    0x08003462   0x08003462   0x00000002   PAD
    0x08003464   0x08003464   0x00000070   Code   RO         5035    i.Netif_Config      main.o
    0x080034d4   0x080034d4   0x000000a4   Code   RO         5187    i.SysTick_Handler   stm32f4xx_it.o
    0x08003578   0x08003578   0x000000d4   Code   RO         5036    i.SystemClock_Config  main.o
    0x0800364c   0x0800364c   0x00000064   Code   RO            5    i.SystemInit        system_stm32f4xx.o
    0x080036b0   0x080036b0   0x00000010   Code   RO         5188    i.UART5_IRQHandler  stm32f4xx_it.o
    0x080036c0   0x080036c0   0x00000014   Code   RO         2510    i.UART_DMAAbortOnError  stm32f4xx_hal_uart.o
    0x080036d4   0x080036d4   0x00000020   Code   RO         2520    i.UART_EndRxTransfer  stm32f4xx_hal_uart.o
    0x080036f4   0x080036f4   0x00000020   Code   RO         2521    i.UART_EndTransmit_IT  stm32f4xx_hal_uart.o
    0x08003714   0x08003714   0x0000009a   Code   RO         2523    i.UART_Receive_IT   stm32f4xx_hal_uart.o
    0x080037ae   0x080037ae   0x00000002   PAD
    0x080037b0   0x080037b0   0x00000368   Code   RO         2524    i.UART_SetConfig    stm32f4xx_hal_uart.o
    0x08003b18   0x08003b18   0x00000068   Code   RO         2525    i.UART_Transmit_IT  stm32f4xx_hal_uart.o
    0x08003b80   0x08003b80   0x00000084   Code   RO         5595    i.USART2_CONFIG     usart_config.o
    0x08003c04   0x08003c04   0x0000004c   Code   RO         5596    i.USART2_GPIO_CONFIG  usart_config.o
    0x08003c50   0x08003c50   0x00000010   Code   RO         5189    i.USART2_IRQHandler  stm32f4xx_it.o
    0x08003c60   0x08003c60   0x00000090   Code   RO         5597    i.USART5_CONFIG     usart_config.o
    0x08003cf0   0x08003cf0   0x00000088   Code   RO         5598    i.USART5_GPIO_CONFIG  usart_config.o
    0x08003d78   0x08003d78   0x00000084   Code   RO         5599    i.USART6_CONFIG     usart_config.o
    0x08003dfc   0x08003dfc   0x0000004c   Code   RO         5600    i.USART6_GPIO_CONFIG  usart_config.o
    0x08003e48   0x08003e48   0x00000010   Code   RO         5190    i.USART6_IRQHandler  stm32f4xx_it.o
    0x08003e58   0x08003e58   0x00000004   Code   RO         5191    i.UsageFault_Handler  stm32f4xx_it.o
    0x08003e5c   0x08003e5c   0x00000020   Code   RO         7247    i.__0printf$3       mc_w.l(printf3.o)
    0x08003e7c   0x08003e7c   0x00000010   Code   RO         3926    i.__NVIC_GetPriorityGrouping  stm32f4xx_hal_cortex.o
    0x08003e8c   0x08003e8c   0x00000028   Code   RO         3927    i.__NVIC_SetPriority  stm32f4xx_hal_cortex.o
    0x08003eb4   0x08003eb4   0x0000000e   Code   RO         7459    i.__scatterload_copy  mc_w.l(handlers.o)
    0x08003ec2   0x08003ec2   0x00000002   Code   RO         7460    i.__scatterload_null  mc_w.l(handlers.o)
    0x08003ec4   0x08003ec4   0x0000000e   Code   RO         7461    i.__scatterload_zeroinit  mc_w.l(handlers.o)
    0x08003ed2   0x08003ed2   0x00000002   PAD
    0x08003ed4   0x08003ed4   0x000001b8   Code   RO         7254    i._printf_core      mc_w.l(printf3.o)
    0x0800408c   0x0800408c   0x000000cc   Code   RO         5384    i.canRunTask        can.o
    0x08004158   0x08004158   0x0000001c   Code   RO         6439    i.cyclic_timer      timeouts.o
    0x08004174   0x08004174   0x00000078   Code   RO          601    i.dhcp_arp_reply    dhcp.o
    0x080041ec   0x080041ec   0x00000188   Code   RO          602    i.dhcp_bind         dhcp.o
    0x08004374   0x08004374   0x0000003e   Code   RO          603    i.dhcp_check        dhcp.o
    0x080043b2   0x080043b2   0x00000002   PAD
    0x080043b4   0x080043b4   0x00000068   Code   RO          605    i.dhcp_coarse_tmr   dhcp.o
    0x0800441c   0x0800441c   0x000002c0   Code   RO          606    i.dhcp_create_msg   dhcp.o
    0x080046dc   0x080046dc   0x00000098   Code   RO          608    i.dhcp_decline      dhcp.o
    0x08004774   0x08004774   0x00000104   Code   RO          609    i.dhcp_delete_msg   dhcp.o
    0x08004878   0x08004878   0x000000d4   Code   RO          610    i.dhcp_discover     dhcp.o
    0x0800494c   0x0800494c   0x0000003c   Code   RO          611    i.dhcp_fine_tmr     dhcp.o
    0x08004988   0x08004988   0x0000004a   Code   RO          617    i.dhcp_network_changed  dhcp.o
    0x080049d2   0x080049d2   0x00000002   PAD
    0x080049d4   0x080049d4   0x00000074   Code   RO          618    i.dhcp_option       dhcp.o
    0x08004a48   0x08004a48   0x00000098   Code   RO          619    i.dhcp_option_byte  dhcp.o
    0x08004ae0   0x08004ae0   0x000000cc   Code   RO          620    i.dhcp_option_long  dhcp.o
    0x08004bac   0x08004bac   0x00000070   Code   RO          621    i.dhcp_option_short  dhcp.o
    0x08004c1c   0x08004c1c   0x00000148   Code   RO          622    i.dhcp_option_trailer  dhcp.o
    0x08004d64   0x08004d64   0x000000c0   Code   RO          624    i.dhcp_rebind       dhcp.o
    0x08004e24   0x08004e24   0x000000dc   Code   RO          625    i.dhcp_reboot       dhcp.o
    0x08004f00   0x08004f00   0x000000ac   Code   RO          627    i.dhcp_release      dhcp.o
    0x08004fac   0x08004fac   0x000000bc   Code   RO          628    i.dhcp_renew        dhcp.o
    0x08005068   0x08005068   0x00000104   Code   RO          629    i.dhcp_select       dhcp.o
    0x0800516c   0x0800516c   0x00000010   Code   RO          630    i.dhcp_set_state    dhcp.o
    0x0800517c   0x0800517c   0x00000028   Code   RO          634    i.dhcp_supplied_address  dhcp.o
    0x080051a4   0x080051a4   0x00000042   Code   RO          635    i.dhcp_t1_timeout   dhcp.o
    0x080051e6   0x080051e6   0x00000048   Code   RO          636    i.dhcp_t2_timeout   dhcp.o
    0x0800522e   0x0800522e   0x00000074   Code   RO          637    i.dhcp_timeout      dhcp.o
    0x080052a2   0x080052a2   0x00000002   PAD
    0x080052a4   0x080052a4   0x000000bc   Code   RO         6878    i.do_memp_free_pool  memp.o
    0x08005360   0x08005360   0x000000c4   Code   RO         6879    i.do_memp_malloc_pool  memp.o
    0x08005424   0x08005424   0x00000038   Code   RO          494    i.etharp_cleanup_netif  etharp.o
    0x0800545c   0x0800545c   0x000002ac   Code   RO          496    i.etharp_find_entry  etharp.o
    0x08005708   0x08005708   0x00000040   Code   RO          497    i.etharp_free_entry  etharp.o
    0x08005748   0x08005748   0x0000010c   Code   RO          499    i.etharp_input      etharp.o
    0x08005854   0x08005854   0x000001cc   Code   RO          500    i.etharp_output     etharp.o
    0x08005a20   0x08005a20   0x00000134   Code   RO          501    i.etharp_output_to_arp_index  etharp.o
    0x08005b54   0x08005b54   0x00000250   Code   RO          502    i.etharp_query      etharp.o
    0x08005da4   0x08005da4   0x00000154   Code   RO          503    i.etharp_raw        etharp.o
    0x08005ef8   0x08005ef8   0x00000018   Code   RO          504    i.etharp_request    etharp.o
    0x08005f10   0x08005f10   0x0000002c   Code   RO          505    i.etharp_request_dst  etharp.o
    0x08005f3c   0x08005f3c   0x000000dc   Code   RO          506    i.etharp_tmr        etharp.o
    0x08006018   0x08006018   0x00000128   Code   RO          507    i.etharp_update_arp_entry  etharp.o
    0x08006140   0x08006140   0x000000c8   Code   RO         5864    i.ethernet_input    ethernet.o
    0x08006208   0x08006208   0x000000d0   Code   RO         5865    i.ethernet_output   ethernet.o
    0x080062d8   0x080062d8   0x00000090   Code   RO         5287    i.ethernetif_init   ethernetif.o
    0x08006368   0x08006368   0x00000028   Code   RO         5288    i.ethernetif_input  ethernetif.o
    0x08006390   0x08006390   0x00000058   Code   RO         5147    i.ethernetif_notify_conn_changed  app_ethernet.o
    0x080063e8   0x080063e8   0x00000040   Code   RO         5290    i.ethernetif_set_link  ethernetif.o
    0x08006428   0x08006428   0x000000d4   Code   RO         5291    i.ethernetif_update_config  ethernetif.o
    0x080064fc   0x080064fc   0x00000178   Code   RO         4952    i.fputc             lcd_log.o
    0x08006674   0x08006674   0x00000024   Code   RO         5037    i.heartBeatTask     main.o
    0x08006698   0x08006698   0x00000012   Code   RO          838    i.icmp_dest_unreach  icmp.o
    0x080066aa   0x080066aa   0x00000002   PAD
    0x080066ac   0x080066ac   0x00000240   Code   RO          839    i.icmp_input        icmp.o
    0x080068ec   0x080068ec   0x000000e4   Code   RO          840    i.icmp_send_response  icmp.o
    0x080069d0   0x080069d0   0x00000012   Code   RO          841    i.icmp_time_exceeded  icmp.o
    0x080069e2   0x080069e2   0x00000052   Code   RO         6090    i.inet_chksum_pbuf  inet_chksum.o
    0x08006a34   0x08006a34   0x0000004e   Code   RO          355    i.ip4_addr_isbroadcast_u32  ip4_addr.o
    0x08006a82   0x08006a82   0x00000002   PAD
    0x08006a84   0x08006a84   0x0000028c   Code   RO          200    i.ip4_frag          ip4_frag.o
    0x08006d10   0x08006d10   0x000001f8   Code   RO          415    i.ip4_input         ip4.o
    0x08006f08   0x08006f08   0x00000036   Code   RO          417    i.ip4_output_if     ip4.o
    0x08006f3e   0x08006f3e   0x00000002   PAD
    0x08006f40   0x08006f40   0x00000160   Code   RO          418    i.ip4_output_if_src  ip4.o
    0x080070a0   0x080070a0   0x000001d8   Code   RO          201    i.ip4_reass         ip4_frag.o
    0x08007278   0x08007278   0x00000090   Code   RO          419    i.ip4_route         ip4.o
    0x08007308   0x08007308   0x0000000a   Code   RO          202    i.ip_frag_alloc_pbuf_custom_ref  ip4_frag.o
    0x08007312   0x08007312   0x00000002   PAD
    0x08007314   0x08007314   0x00000060   Code   RO          203    i.ip_frag_free_pbuf_custom_ref  ip4_frag.o
    0x08007374   0x08007374   0x000002c0   Code   RO          204    i.ip_reass_chain_frag_into_datagram_and_validate  ip4_frag.o
    0x08007634   0x08007634   0x00000088   Code   RO          205    i.ip_reass_dequeue_datagram  ip4_frag.o
    0x080076bc   0x080076bc   0x00000054   Code   RO          206    i.ip_reass_enqueue_new_datagram  ip4_frag.o
    0x08007710   0x08007710   0x000001a0   Code   RO          207    i.ip_reass_free_complete_datagram  ip4_frag.o
    0x080078b0   0x080078b0   0x00000088   Code   RO          208    i.ip_reass_remove_oldest_datagram  ip4_frag.o
    0x08007938   0x08007938   0x00000034   Code   RO          209    i.ip_reass_tmr      ip4_frag.o
    0x0800796c   0x0800796c   0x00000090   Code   RO          210    i.ipfrag_free_pbuf_custom  ip4_frag.o
    0x080079fc   0x080079fc   0x000000f8   Code   RO         5292    i.low_level_init    ethernetif.o
    0x08007af4   0x08007af4   0x00000100   Code   RO         5293    i.low_level_input   ethernetif.o
    0x08007bf4   0x08007bf4   0x000000e8   Code   RO         5294    i.low_level_output  ethernetif.o
    0x08007cdc   0x08007cdc   0x0000001a   Code   RO         6835    i.lwip_htonl        def.o
    0x08007cf6   0x08007cf6   0x0000000c   Code   RO         6836    i.lwip_htons        def.o
    0x08007d02   0x08007d02   0x00000002   PAD
    0x08007d04   0x08007d04   0x000000ac   Code   RO         6647    i.lwip_init         init.o
    0x08007db0   0x08007db0   0x0000005e   Code   RO         6097    i.lwip_standard_chksum  inet_chksum.o
    0x08007e0e   0x08007e0e   0x00000002   PAD
    0x08007e10   0x08007e10   0x0000009c   Code   RO         5038    i.main              main.o
    0x08007eac   0x08007eac   0x0000015c   Code   RO         6029    i.mem_free          mem.o
    0x08008008   0x08008008   0x0000005c   Code   RO         6030    i.mem_init          mem.o
    0x08008064   0x08008064   0x00000284   Code   RO         6031    i.mem_malloc        mem.o
    0x080082e8   0x080082e8   0x000001e0   Code   RO         6032    i.mem_trim          mem.o
    0x080084c8   0x080084c8   0x000000c0   Code   RO         6880    i.memp_free         memp.o
    0x08008588   0x08008588   0x00000020   Code   RO         6882    i.memp_init         memp.o
    0x080085a8   0x080085a8   0x0000002c   Code   RO         6883    i.memp_init_pool    memp.o
    0x080085d4   0x080085d4   0x000000c0   Code   RO         6884    i.memp_malloc       memp.o
    0x08008694   0x08008694   0x0000010c   Code   RO         5895    i.netif_add         netif.o
    0x080087a0   0x080087a0   0x00000002   Code   RO         5897    i.netif_init        netif.o
    0x080087a2   0x080087a2   0x00000024   Code   RO         5899    i.netif_issue_reports  netif.o
    0x080087c6   0x080087c6   0x00000048   Code   RO         5901    i.netif_set_addr    netif.o
    0x0800880e   0x0800880e   0x00000002   PAD
    0x08008810   0x08008810   0x0000000c   Code   RO         5902    i.netif_set_default  netif.o
    0x0800881c   0x0800881c   0x0000002a   Code   RO         5903    i.netif_set_down    netif.o
    0x08008846   0x08008846   0x0000000c   Code   RO         5904    i.netif_set_gw      netif.o
    0x08008852   0x08008852   0x00000002   PAD
    0x08008854   0x08008854   0x0000004c   Code   RO         5905    i.netif_set_ipaddr  netif.o
    0x080088a0   0x080088a0   0x00000006   Code   RO         5906    i.netif_set_link_callback  netif.o
    0x080088a6   0x080088a6   0x0000002a   Code   RO         5907    i.netif_set_link_down  netif.o
    0x080088d0   0x080088d0   0x00000042   Code   RO         5908    i.netif_set_link_up  netif.o
    0x08008912   0x08008912   0x0000000c   Code   RO         5909    i.netif_set_netmask  netif.o
    0x0800891e   0x0800891e   0x0000002c   Code   RO         5910    i.netif_set_up      netif.o
    0x0800894a   0x0800894a   0x00000002   PAD
    0x0800894c   0x0800894c   0x00000438   Code   RO         6672    i.pbuf_alloc        pbuf.o
    0x08008d84   0x08008d84   0x0000011c   Code   RO         6673    i.pbuf_alloced_custom  pbuf.o
    0x08008ea0   0x08008ea0   0x00000160   Code   RO         6674    i.pbuf_cat          pbuf.o
    0x08009000   0x08009000   0x00000016   Code   RO         6675    i.pbuf_chain        pbuf.o
    0x08009016   0x08009016   0x00000012   Code   RO         6676    i.pbuf_clen         pbuf.o
    0x08009028   0x08009028   0x0000024c   Code   RO         6678    i.pbuf_copy         pbuf.o
    0x08009274   0x08009274   0x00000164   Code   RO         6679    i.pbuf_copy_partial  pbuf.o
    0x080093d8   0x080093d8   0x000001c4   Code   RO         6681    i.pbuf_free         pbuf.o
    0x0800959c   0x0800959c   0x00000012   Code   RO         6683    i.pbuf_header       pbuf.o
    0x080095ae   0x080095ae   0x00000012   Code   RO         6684    i.pbuf_header_force  pbuf.o
    0x080095c0   0x080095c0   0x0000017c   Code   RO         6685    i.pbuf_header_impl  pbuf.o
    0x0800973c   0x0800973c   0x000001ec   Code   RO         6689    i.pbuf_realloc      pbuf.o
    0x08009928   0x08009928   0x000000ac   Code   RO         6690    i.pbuf_ref          pbuf.o
    0x080099d4   0x080099d4   0x000001d4   Code   RO         6033    i.plug_holes        mem.o
    0x08009ba8   0x08009ba8   0x00000068   Code   RO         5682    i.sendUDPMessage    udpserver.o
    0x08009c10   0x08009c10   0x0000006c   Code   RO         6440    i.sys_check_timeouts  timeouts.o
    0x08009c7c   0x08009c7c   0x00000008   Code   RO         5295    i.sys_now           ethernetif.o
    0x08009c84   0x08009c84   0x00000158   Code   RO         6442    i.sys_timeout       timeouts.o
    0x08009ddc   0x08009ddc   0x00000034   Code   RO         6443    i.sys_timeouts_init  timeouts.o
    0x08009e10   0x08009e10   0x000001a0   Code   RO         6158    i.tcp_abandon       tcp.o
    0x08009fb0   0x08009fb0   0x0000000e   Code   RO         6159    i.tcp_abort         tcp.o
    0x08009fbe   0x08009fbe   0x00000002   PAD
    0x08009fc0   0x08009fc0   0x000000b8   Code   RO         6162    i.tcp_alloc         tcp.o
    0x0800a078   0x0800a078   0x0000001c   Code   RO         6165    i.tcp_close         tcp.o
    0x0800a094   0x0800a094   0x00000208   Code   RO         6166    i.tcp_close_shutdown  tcp.o
    0x0800a29c   0x0800a29c   0x000000f8   Code   RO         6167    i.tcp_close_shutdown_fin  tcp.o
    0x0800a394   0x0800a394   0x00000120   Code   RO         6549    i.tcp_create_segment  tcp_out.o
    0x0800a4b4   0x0800a4b4   0x0000003a   Code   RO         6170    i.tcp_eff_send_mss_impl  tcp.o
    0x0800a4ee   0x0800a4ee   0x00000002   PAD
    0x0800a4f0   0x0800a4f0   0x00000264   Code   RO         6550    i.tcp_enqueue_flags  tcp_out.o
    0x0800a754   0x0800a754   0x00000090   Code   RO         6172    i.tcp_fasttmr       tcp.o
    0x0800a7e4   0x0800a7e4   0x00000058   Code   RO         7071    i.tcp_getoptbyte    tcp_in.o
    0x0800a83c   0x0800a83c   0x00000002   Code   RO         6173    i.tcp_init          tcp.o
    0x0800a83e   0x0800a83e   0x00000002   PAD
    0x0800a840   0x0800a840   0x0000075c   Code   RO         7072    i.tcp_input         tcp_in.o
    0x0800af9c   0x0800af9c   0x0000004c   Code   RO         7073    i.tcp_input_delayed_close  tcp_in.o
    0x0800afe8   0x0800afe8   0x0000005a   Code   RO         6551    i.tcp_keepalive     tcp_out.o
    0x0800b042   0x0800b042   0x00000002   PAD
    0x0800b044   0x0800b044   0x00000058   Code   RO         6174    i.tcp_kill_prio     tcp.o
    0x0800b09c   0x0800b09c   0x000000e0   Code   RO         6175    i.tcp_kill_state    tcp.o
    0x0800b17c   0x0800b17c   0x0000003c   Code   RO         6176    i.tcp_kill_timewait  tcp.o
    0x0800b1b8   0x0800b1b8   0x000000e0   Code   RO         6177    i.tcp_listen_closed  tcp.o
    0x0800b298   0x0800b298   0x00000148   Code   RO         7074    i.tcp_listen_input  tcp_in.o
    0x0800b3e0   0x0800b3e0   0x00000054   Code   RO         6180    i.tcp_netif_ip_addr_changed  tcp.o
    0x0800b434   0x0800b434   0x0000002a   Code   RO         6181    i.tcp_netif_ip_addr_changed_pcblist  tcp.o
    0x0800b45e   0x0800b45e   0x00000002   PAD
    0x0800b460   0x0800b460   0x00000020   Code   RO         6185    i.tcp_next_iss      tcp.o
    0x0800b480   0x0800b480   0x000002f0   Code   RO         6552    i.tcp_output        tcp_out.o
    0x0800b770   0x0800b770   0x000000f4   Code   RO         6553    i.tcp_output_alloc_header  tcp_out.o
    0x0800b864   0x0800b864   0x000000c4   Code   RO         6554    i.tcp_output_segment  tcp_out.o
    0x0800b928   0x0800b928   0x000000a0   Code   RO         7075    i.tcp_parseopt      tcp_in.o
    0x0800b9c8   0x0800b9c8   0x00000040   Code   RO         6186    i.tcp_pcb_purge     tcp.o
    0x0800ba08   0x0800ba08   0x00000144   Code   RO         6187    i.tcp_pcb_remove    tcp.o
    0x0800bb4c   0x0800bb4c   0x000006a8   Code   RO         7076    i.tcp_process       tcp_in.o
    0x0800c1f4   0x0800c1f4   0x00000092   Code   RO         6189    i.tcp_process_refused_data  tcp.o
    0x0800c286   0x0800c286   0x00000002   PAD
    0x0800c288   0x0800c288   0x0000087c   Code   RO         7077    i.tcp_receive       tcp_in.o
    0x0800cb04   0x0800cb04   0x0000002e   Code   RO         6191    i.tcp_recv_null     tcp.o
    0x0800cb32   0x0800cb32   0x00000002   PAD
    0x0800cb34   0x0800cb34   0x00000140   Code   RO         6192    i.tcp_recved        tcp.o
    0x0800cc74   0x0800cc74   0x00000018   Code   RO         6193    i.tcp_remove_listener  tcp.o
    0x0800cc8c   0x0800cc8c   0x00000062   Code   RO         6556    i.tcp_rexmit        tcp_out.o
    0x0800ccee   0x0800ccee   0x0000006e   Code   RO         6557    i.tcp_rexmit_fast   tcp_out.o
    0x0800cd5c   0x0800cd5c   0x00000042   Code   RO         6558    i.tcp_rexmit_rto    tcp_out.o
    0x0800cd9e   0x0800cd9e   0x00000002   PAD
    0x0800cda0   0x0800cda0   0x000000fc   Code   RO         6559    i.tcp_rst           tcp_out.o
    0x0800ce9c   0x0800ce9c   0x0000001a   Code   RO         6194    i.tcp_seg_free      tcp.o
    0x0800ceb6   0x0800ceb6   0x00000018   Code   RO         6195    i.tcp_segs_free     tcp.o
    0x0800cece   0x0800cece   0x00000076   Code   RO         6560    i.tcp_send_empty_ack  tcp_out.o
    0x0800cf44   0x0800cf44   0x0000004a   Code   RO         6561    i.tcp_send_fin      tcp_out.o
    0x0800cf8e   0x0800cf8e   0x00000002   PAD
    0x0800cf90   0x0800cf90   0x0000060c   Code   RO         6199    i.tcp_slowtmr       tcp.o
    0x0800d59c   0x0800d59c   0x00000038   Code   RO         6446    i.tcp_timer_needed  timeouts.o
    0x0800d5d4   0x0800d5d4   0x000000a4   Code   RO         7078    i.tcp_timewait_input  tcp_in.o
    0x0800d678   0x0800d678   0x00000024   Code   RO         6200    i.tcp_tmr           tcp.o
    0x0800d69c   0x0800d69c   0x00000014   Code   RO         7079    i.tcp_trigger_input_pcb_close  tcp_in.o
    0x0800d6b0   0x0800d6b0   0x000000ec   Code   RO         6202    i.tcp_update_rcv_ann_wnd  tcp.o
    0x0800d79c   0x0800d79c   0x000000de   Code   RO         6564    i.tcp_zero_window_probe  tcp_out.o
    0x0800d87a   0x0800d87a   0x00000002   PAD
    0x0800d87c   0x0800d87c   0x00000038   Code   RO         6447    i.tcpip_tcp_timer   timeouts.o
    0x0800d8b4   0x0800d8b4   0x00000018   Code   RO         5683    i.telemetryTask     udpserver.o
    0x0800d8cc   0x0800d8cc   0x0000007c   Code   RO         5684    i.udpMessageTask    udpserver.o
    0x0800d948   0x0800d948   0x00000030   Code   RO         5685    i.udpServerInit     udpserver.o
    0x0800d978   0x0800d978   0x00000094   Code   RO         6959    i.udp_bind          udp.o
    0x0800da0c   0x0800da0c   0x0000006c   Code   RO         6960    i.udp_connect       udp.o
    0x0800da78   0x0800da78   0x00000010   Code   RO         6961    i.udp_disconnect    udp.o
    0x0800da88   0x0800da88   0x00000030   Code   RO         5686    i.udp_echoserver_receive_callback  udpserver.o
    0x0800dab8   0x0800dab8   0x00000002   Code   RO         6962    i.udp_init          udp.o
    0x0800daba   0x0800daba   0x00000002   PAD
    0x0800dabc   0x0800dabc   0x000001cc   Code   RO         6963    i.udp_input         udp.o
    0x0800dc88   0x0800dc88   0x00000048   Code   RO         6964    i.udp_input_local_match  udp.o
    0x0800dcd0   0x0800dcd0   0x00000030   Code   RO         6965    i.udp_netif_ip_addr_changed  udp.o
    0x0800dd00   0x0800dd00   0x0000001c   Code   RO         6966    i.udp_new           udp.o
    0x0800dd1c   0x0800dd1c   0x00000058   Code   RO         6968    i.udp_new_port      udp.o
    0x0800dd74   0x0800dd74   0x00000006   Code   RO         6969    i.udp_recv          udp.o
    0x0800dd7a   0x0800dd7a   0x0000003c   Code   RO         6972    i.udp_sendto        udp.o
    0x0800ddb6   0x0800ddb6   0x00000052   Code   RO         6973    i.udp_sendto_if     udp.o
    0x0800de08   0x0800de08   0x00000170   Code   RO         6974    i.udp_sendto_if_src  udp.o
    0x0800df78   0x0800df78   0x00000018   Data   RO            6    .constdata          system_stm32f4xx.o
    0x0800df90   0x0800df90   0x00000008   Data   RO          362    .constdata          ip4_addr.o
    0x0800df98   0x0800df98   0x00003cdc   Data   RO         1060    .constdata          stm324xg_eval_lcd.o
    0x08011c74   0x08011c74   0x0000001c   Data   RO         1325    .constdata          stm324xg_eval.o
    0x08011c90   0x08011c90   0x0000000c   Data   RO         5866    .constdata          ethernet.o
    0x08011c9c   0x08011c9c   0x00000050   Data   RO         6203    .constdata          tcp.o
    0x08011cec   0x08011cec   0x00000028   Data   RO         6448    .constdata          timeouts.o
    0x08011d14   0x08011d14   0x00000090   Data   RO         6887    .constdata          memp.o
    0x08011da4   0x08011da4   0x00000048   Data   RO          211    .conststring        ip4_frag.o
    0x08011dec   0x08011dec   0x00000043   Data   RO          420    .conststring        ip4.o
    0x08011e2f   0x08011e2f   0x00000001   PAD
    0x08011e30   0x08011e30   0x0000008a   Data   RO          509    .conststring        etharp.o
    0x08011eba   0x08011eba   0x00000002   PAD
    0x08011ebc   0x08011ebc   0x000000d0   Data   RO          639    .conststring        dhcp.o
    0x08011f8c   0x08011f8c   0x00000044   Data   RO          842    .conststring        icmp.o
    0x08011fd0   0x08011fd0   0x00000044   Data   RO         5867    .conststring        ethernet.o
    0x08012014   0x08012014   0x00000075   Data   RO         6204    .conststring        tcp.o
    0x08012089   0x08012089   0x00000003   PAD
    0x0801208c   0x0801208c   0x00000043   Data   RO         6449    .conststring        timeouts.o
    0x080120cf   0x080120cf   0x00000001   PAD
    0x080120d0   0x080120d0   0x0000009a   Data   RO         6565    .conststring        tcp_out.o
    0x0801216a   0x0801216a   0x00000002   PAD
    0x0801216c   0x0801216c   0x00000041   Data   RO         6648    .conststring        init.o
    0x080121ad   0x080121ad   0x00000003   PAD
    0x080121b0   0x080121b0   0x00000041   Data   RO         7081    .conststring        tcp_in.o
    0x080121f1   0x080121f1   0x00000003   PAD
    0x080121f4   0x080121f4   0x00000020   Data   RO         7457    Region$$Table       anon$$obj.o


    Execution Region RW_IRAM1 (Exec base: 0x20000000, Load base: 0x08012214, Size: 0x0000cb98, Max: 0x00020000, ABSOLUTE, COMPRESSED[0x0000006c])

    Exec Addr    Load Addr    Size         Type   Attr      Idx    E Section Name        Object

    0x20000000   COMPRESSED   0x00000004   Data   RW            7    .data               system_stm32f4xx.o
    0x20000004   COMPRESSED   0x00000006   Data   RW          212    .data               ip4_frag.o
    0x2000000a   COMPRESSED   0x00000002   Data   RW          421    .data               ip4.o
    0x2000000c   COMPRESSED   0x00000001   Data   RW          510    .data               etharp.o
    0x2000000d   COMPRESSED   0x00000003   PAD
    0x20000010   COMPRESSED   0x00000018   Data   RW          640    .data               dhcp.o
    0x20000028   COMPRESSED   0x0000002c   Data   RW         1061    .data               stm324xg_eval_lcd.o
    0x20000054   COMPRESSED   0x0000002a   Data   RW         1326    .data               stm324xg_eval.o
    0x2000007e   COMPRESSED   0x00000002   PAD
    0x20000080   COMPRESSED   0x00000009   Data   RW         3636    .data               stm32f4xx_hal.o
    0x20000089   COMPRESSED   0x00000003   PAD
    0x2000008c   COMPRESSED   0x00000014   Data   RW         4954    .data               lcd_log.o
    0x200000a0   COMPRESSED   0x00000014   Data   RW         5040    .data               main.o
    0x200000b4   COMPRESSED   0x00000026   Data   RW         5192    .data               stm32f4xx_it.o
    0x200000da   COMPRESSED   0x00000002   PAD
    0x200000dc   COMPRESSED   0x00000032   Data   RW         5386    .data               can.o
    0x2000010e   COMPRESSED   0x0000000a   Data   RW         5563    .data               general_purpose_func.o
    0x20000118   COMPRESSED   0x00000016   Data   RW         5605    .data               usart_config.o
    0x2000012e   COMPRESSED   0x00000036   Data   RW         5688    .data               udpserver.o
    0x20000164   COMPRESSED   0x00000009   Data   RW         5911    .data               netif.o
    0x2000016d   COMPRESSED   0x00000003   PAD
    0x20000170   COMPRESSED   0x0000000c   Data   RW         6035    .data               mem.o
    0x2000017c   COMPRESSED   0x00000020   Data   RW         6205    .data               tcp.o
    0x2000019c   COMPRESSED   0x0000000c   Data   RW         6450    .data               timeouts.o
    0x200001a8   COMPRESSED   0x00000024   Data   RW         6888    .data               memp.o
    0x200001cc   COMPRESSED   0x00000008   Data   RW         6975    .data               udp.o
    0x200001d4   COMPRESSED   0x00000028   Data   RW         7082    .data               tcp_in.o
    0x200001fc   COMPRESSED   0x00000004   Data   RW         7142    .data               mc_w.l(rand.o)
    0x20000200   COMPRESSED   0x00000004   Data   RW         7433    .data               mc_w.l(stdout.o)
    0x20000204        -       0x000000f0   Zero   RW          508    .bss                etharp.o
    0x200002f4        -       0x0000000c   Zero   RW         1059    .bss                stm324xg_eval_lcd.o
    0x20000300        -       0x00003c54   Zero   RW         4953    .bss                lcd_log.o
    0x20003f54        -       0x00000038   Zero   RW         5039    .bss                main.o
    0x20003f8c        -       0x000030e8   Zero   RW         5296    .bss                ethernetif.o
    0x20007074        -       0x000008b8   Zero   RW         5385    .bss                can.o
    0x2000792c        -       0x00000100   Zero   RW         5562    .bss                general_purpose_func.o
    0x20007a2c        -       0x0000093a   Zero   RW         5604    .bss                usart_config.o
    0x20008366        -       0x00000078   Zero   RW         5687    .bss                udpserver.o
    0x200083de        -       0x00002813   Zero   RW         6034    .bss                mem.o
    0x2000abf1   COMPRESSED   0x00000003   PAD
    0x2000abf4        -       0x00000018   Zero   RW         6521    .bss                ip.o
    0x2000ac0c        -       0x00001b77   Zero   RW         6886    .bss                memp.o
    0x2000c783   COMPRESSED   0x00000001   PAD
    0x2000c784        -       0x00000010   Zero   RW         7080    .bss                tcp_in.o
    0x2000c794   COMPRESSED   0x00000004   PAD
    0x2000c798        -       0x00000400   Zero   RW         1629    STACK               startup_stm32f407xx.o


==============================================================================

Image component sizes


      Code (inc. data)   RO Data    RW Data    ZI Data      Debug   Object Name

        88          8          0          0          0        777   app_ethernet.o
         0          0          0          0          0       1472   autoip.o
      1638        198          0         50       2232      14750   can.o
        38          0          0          0          0       1434   def.o
      4394       1180        208         24          0      27441   dhcp.o
      3356        816        138          1        240      16659   etharp.o
       408        100         80          0          0       3338   ethernet.o
      1656        168          0          0      12520       8932   ethernetif.o
       336         38          0         10        256       2395   general_purpose_func.o
       840        244         68          0          0       5566   icmp.o
       176          0          0          0          0      10138   inet_chksum.o
       172        108         65          0          0        728   init.o
         0          0          0          0         24       5957   ip.o
      1054        134         67          2          0      13507   ip4.o
        78          0          8          0          0      10234   ip4_addr.o
      2902        704         72          6          0      31053   ip4_frag.o
       576         64          0         20      15444       5149   lcd_log.o
       672         88          0         20         56       9349   main.o
      2032        902          0         12      10259       7745   mem.o
       844        564        144         36       7031      11738   memp.o
       690        146          0          9          0      14263   netif.o
      4232       1962          0          0          0      15263   pbuf.o
        36          8        392          0       1024        940   startup_stm32f407xx.o
         0          0          0          0          0       1776   stats.o
        64         16         28         42          0       4237   stm324xg_eval.o
         0          0          0          0          0       5468   stm324xg_eval_io.o
       594         32      15580         44         12      14239   stm324xg_eval_lcd.o
       218         38          0          9          0       6934   stm32f4xx_hal.o
      2112          4          0          0          0      17761   stm32f4xx_hal_can.o
       354         22          0          0          0      37293   stm32f4xx_hal_cortex.o
        40          0          0          0          0       1443   stm32f4xx_hal_dma.o
      3190         58          0          0          0      20534   stm32f4xx_hal_eth.o
       560         50          0          0          0       4308   stm32f4xx_hal_gpio.o
      1924         98          0          0          0       7640   stm32f4xx_hal_rcc.o
      1766         14          0          0          0      10506   stm32f4xx_hal_uart.o
       340         84          0         38          0      38462   stm32f4xx_it.o
       100         18         24          4          0     709435   system_stm32f4xx.o
      5162       1770        197         32          0      34864   tcp.o
      6596       1190         65         40         16      21163   tcp_in.o
      3122        590        154          0          0      14863   tcp_out.o
       644        182        107         12          0      16250   timeouts.o
      1486        322          0          8          0      14866   udp.o
       348         72          0         54        120       6725   udpserver.o
       900        148          0         22       2362       7053   usart_config.o

    ----------------------------------------------------------------------
     55804      12140      17444        508      51604    1214648   Object Totals
         0          0         32          0          0          0   (incl. Generated)
        66          0         15         13          8          0   (incl. Padding)

    ----------------------------------------------------------------------

      Code (inc. data)   RO Data    RW Data    ZI Data      Debug   Library Member Name

        86          0          0          0          0          0   __dczerorl2.o
         0          0          0          0          0          0   entry.o
         0          0          0          0          0          0   entry10a.o
         0          0          0          0          0          0   entry11a.o
         8          4          0          0          0          0   entry2.o
         4          0          0          0          0          0   entry5.o
         0          0          0          0          0          0   entry7b.o
         0          0          0          0          0          0   entry8b.o
         8          4          0          0          0          0   entry9a.o
        30          0          0          0          0          0   handlers.o
        36          8          0          0          0         68   init.o
        30          0          0          0          0         68   llshl.o
        32          0          0          0          0         68   llushr.o
        26          0          0          0          0         80   memcmp.o
        36          0          0          0          0         68   memcpya.o
        36          0          0          0          0        108   memseta.o
       472         14          0          0          0        184   printf3.o
        36         10          0          4          0        136   rand.o
         0          0          0          4          0          0   stdout.o
        24          0          0          0          0         76   strncpy.o
        44          0          0          0          0         80   uidiv.o
        98          0          0          0          0         92   uldiv.o

    ----------------------------------------------------------------------
      1012         40          0          8          0       1028   Library Totals
         6          0          0          0          0          0   (incl. Padding)

    ----------------------------------------------------------------------

      Code (inc. data)   RO Data    RW Data    ZI Data      Debug   Library Name

      1006         40          0          8          0       1028   mc_w.l

    ----------------------------------------------------------------------
      1012         40          0          8          0       1028   Library Totals

    ----------------------------------------------------------------------

==============================================================================


      Code (inc. data)   RO Data    RW Data    ZI Data      Debug   

     56816      12180      17444        516      51604    1184044   Grand Totals
     56816      12180      17444        108      51604    1184044   ELF Image Totals (compressed)
     56816      12180      17444        108          0          0   ROM Totals

==============================================================================

    Total RO  Size (Code + RO Data)                74260 (  72.52kB)
    Total RW  Size (RW Data + ZI Data)             52120 (  50.90kB)
    Total ROM Size (Code + RO Data + RW Data)      74368 (  72.63kB)

==============================================================================

