Archive member included to satisfy reference by file (symbol)

c:/ac6/systemworkbench/plugins/fr.ac6.mcu.externaltools.arm-none.win32_1.15.0.201708311556/tools/compiler/bin/../lib/gcc/arm-none-eabi/6.3.1/thumb/v7e-m/fpv4-sp/hard\libgcc.a(_aeabi_uldivmod.o)
                              Drivers/STM32F4xx_HAL_Driver/stm32f4xx_hal_rcc.o (__aeabi_uldivmod)
c:/ac6/systemworkbench/plugins/fr.ac6.mcu.externaltools.arm-none.win32_1.15.0.201708311556/tools/compiler/bin/../lib/gcc/arm-none-eabi/6.3.1/thumb/v7e-m/fpv4-sp/hard\libgcc.a(_udivmoddi4.o)
                              c:/ac6/systemworkbench/plugins/fr.ac6.mcu.externaltools.arm-none.win32_1.15.0.201708311556/tools/compiler/bin/../lib/gcc/arm-none-eabi/6.3.1/thumb/v7e-m/fpv4-sp/hard\libgcc.a(_aeabi_uldivmod.o) (__udivmoddi4)
c:/ac6/systemworkbench/plugins/fr.ac6.mcu.externaltools.arm-none.win32_1.15.0.201708311556/tools/compiler/bin/../lib/gcc/arm-none-eabi/6.3.1/thumb/v7e-m/fpv4-sp/hard\libgcc.a(_dvmd_tls.o)
                              c:/ac6/systemworkbench/plugins/fr.ac6.mcu.externaltools.arm-none.win32_1.15.0.201708311556/tools/compiler/bin/../lib/gcc/arm-none-eabi/6.3.1/thumb/v7e-m/fpv4-sp/hard\libgcc.a(_aeabi_uldivmod.o) (__aeabi_ldiv0)
c:/ac6/systemworkbench/plugins/fr.ac6.mcu.externaltools.arm-none.win32_1.15.0.201708311556/tools/compiler/bin/../lib/gcc/arm-none-eabi/6.3.1/../../../../arm-none-eabi/lib/thumb/v7e-m/fpv4-sp/hard\libc_nano.a(lib_a-errno.o)
                              Application/SW4STM32/syscalls.o (__errno)
c:/ac6/systemworkbench/plugins/fr.ac6.mcu.externaltools.arm-none.win32_1.15.0.201708311556/tools/compiler/bin/../lib/gcc/arm-none-eabi/6.3.1/../../../../arm-none-eabi/lib/thumb/v7e-m/fpv4-sp/hard\libc_nano.a(lib_a-exit.o)
                              c:/ac6/systemworkbench/plugins/fr.ac6.mcu.externaltools.arm-none.win32_1.15.0.201708311556/tools/compiler/bin/../lib/gcc/arm-none-eabi/6.3.1/../../../../arm-none-eabi/lib/thumb/v7e-m/fpv4-sp/hard/crt0.o (exit)
c:/ac6/systemworkbench/plugins/fr.ac6.mcu.externaltools.arm-none.win32_1.15.0.201708311556/tools/compiler/bin/../lib/gcc/arm-none-eabi/6.3.1/../../../../arm-none-eabi/lib/thumb/v7e-m/fpv4-sp/hard\libc_nano.a(lib_a-impure.o)
                              c:/ac6/systemworkbench/plugins/fr.ac6.mcu.externaltools.arm-none.win32_1.15.0.201708311556/tools/compiler/bin/../lib/gcc/arm-none-eabi/6.3.1/../../../../arm-none-eabi/lib/thumb/v7e-m/fpv4-sp/hard\libc_nano.a(lib_a-exit.o) (_global_impure_ptr)
c:/ac6/systemworkbench/plugins/fr.ac6.mcu.externaltools.arm-none.win32_1.15.0.201708311556/tools/compiler/bin/../lib/gcc/arm-none-eabi/6.3.1/../../../../arm-none-eabi/lib/thumb/v7e-m/fpv4-sp/hard\libc_nano.a(lib_a-init.o)
                              c:/ac6/systemworkbench/plugins/fr.ac6.mcu.externaltools.arm-none.win32_1.15.0.201708311556/tools/compiler/bin/../lib/gcc/arm-none-eabi/6.3.1/../../../../arm-none-eabi/lib/thumb/v7e-m/fpv4-sp/hard/crt0.o (__libc_init_array)
c:/ac6/systemworkbench/plugins/fr.ac6.mcu.externaltools.arm-none.win32_1.15.0.201708311556/tools/compiler/bin/../lib/gcc/arm-none-eabi/6.3.1/../../../../arm-none-eabi/lib/thumb/v7e-m/fpv4-sp/hard\libc_nano.a(lib_a-memcmp.o)
                              Middlewares/LwIP/Netif/ethernet.o (memcmp)
c:/ac6/systemworkbench/plugins/fr.ac6.mcu.externaltools.arm-none.win32_1.15.0.201708311556/tools/compiler/bin/../lib/gcc/arm-none-eabi/6.3.1/../../../../arm-none-eabi/lib/thumb/v7e-m/fpv4-sp/hard\libc_nano.a(lib_a-memcpy-stub.o)
                              Application/User/ethernetif.o (memcpy)
c:/ac6/systemworkbench/plugins/fr.ac6.mcu.externaltools.arm-none.win32_1.15.0.201708311556/tools/compiler/bin/../lib/gcc/arm-none-eabi/6.3.1/../../../../arm-none-eabi/lib/thumb/v7e-m/fpv4-sp/hard\libc_nano.a(lib_a-memset.o)
                              c:/ac6/systemworkbench/plugins/fr.ac6.mcu.externaltools.arm-none.win32_1.15.0.201708311556/tools/compiler/bin/../lib/gcc/arm-none-eabi/6.3.1/../../../../arm-none-eabi/lib/thumb/v7e-m/fpv4-sp/hard/crt0.o (memset)
c:/ac6/systemworkbench/plugins/fr.ac6.mcu.externaltools.arm-none.win32_1.15.0.201708311556/tools/compiler/bin/../lib/gcc/arm-none-eabi/6.3.1/../../../../arm-none-eabi/lib/thumb/v7e-m/fpv4-sp/hard\libc_nano.a(lib_a-printf.o)
                              Application/User/ethernetif.o (printf)
c:/ac6/systemworkbench/plugins/fr.ac6.mcu.externaltools.arm-none.win32_1.15.0.201708311556/tools/compiler/bin/../lib/gcc/arm-none-eabi/6.3.1/../../../../arm-none-eabi/lib/thumb/v7e-m/fpv4-sp/hard\libc_nano.a(lib_a-rand.o)
                              Middlewares/LwIP/Core/IPv4/dhcp.o (rand)
c:/ac6/systemworkbench/plugins/fr.ac6.mcu.externaltools.arm-none.win32_1.15.0.201708311556/tools/compiler/bin/../lib/gcc/arm-none-eabi/6.3.1/../../../../arm-none-eabi/lib/thumb/v7e-m/fpv4-sp/hard\libc_nano.a(lib_a-strlen.o)
                              Middlewares/LwIP/Core/def.o (strlen)
[...]
Memory Configuration

Name             Origin             Length             Attributes
RAM              0x20000000         0x00020000         xrw
CCMRAM           0x10000000         0x00010000         rw
FLASH            0x08000000         0x00100000         xr
*default*        0x00000000         0xffffffff

Linker script and memory map

LOAD c:/ac6/systemworkbench/plugins/fr.ac6.mcu.externaltools.arm-none.win32_1.15.0.201708311556/tools/compiler/bin/../lib/gcc/arm-none-eabi/6.3.1/thumb/v7e-m/fpv4-sp/hard/crti.o
LOAD c:/ac6/systemworkbench/plugins/fr.ac6.mcu.externaltools.arm-none.win32_1.15.0.201708311556/tools/compiler/bin/../lib/gcc/arm-none-eabi/6.3.1/thumb/v7e-m/fpv4-sp/hard/crtbegin.o
LOAD c:/ac6/systemworkbench/plugins/fr.ac6.mcu.externaltools.arm-none.win32_1.15.0.201708311556/tools/compiler/bin/../lib/gcc/arm-none-eabi/6.3.1/../../../../arm-none-eabi/lib/thumb/v7e-m/fpv4-sp/hard/crt0.o
LOAD Application/SW4STM32/startup_stm32f407xx.o
LOAD Application/SW4STM32/syscalls.o
LOAD Application/User/app_ethernet.o
LOAD Application/User/can.o
LOAD Application/User/definition.o
LOAD Application/User/ethernetif.o
LOAD Application/User/main.o
LOAD Application/User/stm32f4xx_it.o
LOAD Application/User/udp_echoserver.o
LOAD Application/Utilities/lcd_log.o
LOAD Drivers/BSP/Components/ili9325.o
LOAD Drivers/BSP/Components/stmpe811.o
LOAD Drivers/BSP/STM324xG_EVAL/stm324xg_eval.o
LOAD Drivers/BSP/STM324xG_EVAL/stm324xg_eval_io.o
LOAD Drivers/BSP/STM324xG_EVAL/stm324xg_eval_lcd.o
LOAD Drivers/BSP/STM324xG_EVAL/stm324xg_eval_sram.o
LOAD Drivers/CMSIS/system_stm32f4xx.o
LOAD Drivers/STM32F4xx_HAL_Driver/stm32f4xx_hal.o
LOAD Drivers/STM32F4xx_HAL_Driver/stm32f4xx_hal_can.o
LOAD Drivers/STM32F4xx_HAL_Driver/stm32f4xx_hal_cortex.o
LOAD Drivers/STM32F4xx_HAL_Driver/stm32f4xx_hal_dma.o
LOAD Drivers/STM32F4xx_HAL_Driver/stm32f4xx_hal_eth.o
LOAD Drivers/STM32F4xx_HAL_Driver/stm32f4xx_hal_flash.o
LOAD Drivers/STM32F4xx_HAL_Driver/stm32f4xx_hal_flash_ex.o
LOAD Drivers/STM32F4xx_HAL_Driver/stm32f4xx_hal_gpio.o
LOAD Drivers/STM32F4xx_HAL_Driver/stm32f4xx_hal_i2c.o
LOAD Drivers/STM32F4xx_HAL_Driver/stm32f4xx_hal_i2s.o
LOAD Drivers/STM32F4xx_HAL_Driver/stm32f4xx_hal_i2s_ex.o
LOAD Drivers/STM32F4xx_HAL_Driver/stm32f4xx_hal_pwr.o
LOAD Drivers/STM32F4xx_HAL_Driver/stm32f4xx_hal_rcc.o
LOAD Drivers/STM32F4xx_HAL_Driver/stm32f4xx_hal_sram.o
LOAD Drivers/STM32F4xx_HAL_Driver/stm32f4xx_hal_tim.o
LOAD Drivers/STM32F4xx_HAL_Driver/stm32f4xx_hal_tim_ex.o
LOAD Drivers/STM32F4xx_HAL_Driver/stm32f4xx_hal_uart.o
LOAD Drivers/STM32F4xx_HAL_Driver/stm32f4xx_ll_fsmc.o
LOAD Middlewares/LwIP/Api/api_lib.o
LOAD Middlewares/LwIP/Api/api_msg.o
LOAD Middlewares/LwIP/Api/err.o
LOAD Middlewares/LwIP/Api/netbuf.o
LOAD Middlewares/LwIP/Api/netdb.o
LOAD Middlewares/LwIP/Api/netifapi.o
LOAD Middlewares/LwIP/Api/sockets.o
LOAD Middlewares/LwIP/Api/tcpip.o
LOAD Middlewares/LwIP/Core/IPv4/autoip.o
LOAD Middlewares/LwIP/Core/IPv4/dhcp.o
LOAD Middlewares/LwIP/Core/IPv4/etharp.o
LOAD Middlewares/LwIP/Core/IPv4/icmp.o
LOAD Middlewares/LwIP/Core/IPv4/igmp.o
LOAD Middlewares/LwIP/Core/IPv4/ip4.o
LOAD Middlewares/LwIP/Core/IPv4/ip4_addr.o
LOAD Middlewares/LwIP/Core/IPv4/ip4_frag.o
LOAD Middlewares/LwIP/Core/def.o
LOAD Middlewares/LwIP/Core/dns.o
LOAD Middlewares/LwIP/Core/inet_chksum.o
LOAD Middlewares/LwIP/Core/init.o
LOAD Middlewares/LwIP/Core/ip.o
LOAD Middlewares/LwIP/Core/mem.o
LOAD Middlewares/LwIP/Core/memp.o
LOAD Middlewares/LwIP/Core/netif.o
LOAD Middlewares/LwIP/Core/pbuf.o
LOAD Middlewares/LwIP/Core/raw.o
LOAD Middlewares/LwIP/Core/stats.o
LOAD Middlewares/LwIP/Core/sys.o
LOAD Middlewares/LwIP/Core/tcp.o
LOAD Middlewares/LwIP/Core/tcp_in.o
LOAD Middlewares/LwIP/Core/tcp_out.o
LOAD Middlewares/LwIP/Core/timeouts.o
LOAD Middlewares/LwIP/Core/udp.o
LOAD Middlewares/LwIP/Netif/ethernet.o
LOAD c:/ac6/systemworkbench/plugins/fr.ac6.mcu.externaltools.arm-none.win32_1.15.0.201708311556/tools/compiler/bin/../lib/gcc/arm-none-eabi/6.3.1/../../../../arm-none-eabi/lib/thumb/v7e-m/fpv4-sp/hard\libm.a
START GROUP
LOAD c:/ac6/systemworkbench/plugins/fr.ac6.mcu.externaltools.arm-none.win32_1.15.0.201708311556/tools/compiler/bin/../lib/gcc/arm-none-eabi/6.3.1/thumb/v7e-m/fpv4-sp/hard\libgcc.a
LOAD c:/ac6/systemworkbench/plugins/fr.ac6.mcu.externaltools.arm-none.win32_1.15.0.201708311556/tools/compiler/bin/../lib/gcc/arm-none-eabi/6.3.1/../../../../arm-none-eabi/lib/thumb/v7e-m/fpv4-sp/hard\libc_nano.a
END GROUP
START GROUP
LOAD c:/ac6/systemworkbench/plugins/fr.ac6.mcu.externaltools.arm-none.win32_1.15.0.201708311556/tools/compiler/bin/../lib/gcc/arm-none-eabi/6.3.1/thumb/v7e-m/fpv4-sp/hard\libgcc.a
LOAD c:/ac6/systemworkbench/plugins/fr.ac6.mcu.externaltools.arm-none.win32_1.15.0.201708311556/tools/compiler/bin/../lib/gcc/arm-none-eabi/6.3.1/../../../../arm-none-eabi/lib/thumb/v7e-m/fpv4-sp/hard\libc_nano.a
LOAD c:/ac6/systemworkbench/plugins/fr.ac6.mcu.externaltools.arm-none.win32_1.15.0.201708311556/tools/compiler/bin/../lib/gcc/arm-none-eabi/6.3.1/../../../../arm-none-eabi/lib/thumb/v7e-m/fpv4-sp/hard\libnosys.a
END GROUP
START GROUP
LOAD c:/ac6/systemworkbench/plugins/fr.ac6.mcu.externaltools.arm-none.win32_1.15.0.201708311556/tools/compiler/bin/../lib/gcc/arm-none-eabi/6.3.1/thumb/v7e-m/fpv4-sp/hard\libgcc.a
LOAD c:/ac6/systemworkbench/plugins/fr.ac6.mcu.externaltools.arm-none.win32_1.15.0.201708311556/tools/compiler/bin/../lib/gcc/arm-none-eabi/6.3.1/../../../../arm-none-eabi/lib/thumb/v7e-m/fpv4-sp/hard\libc_nano.a
LOAD c:/ac6/systemworkbench/plugins/fr.ac6.mcu.externaltools.arm-none.win32_1.15.0.201708311556/tools/compiler/bin/../lib/gcc/arm-none-eabi/6.3.1/../../../../arm-none-eabi/lib/thumb/v7e-m/fpv4-sp/hard\libnosys.a
END GROUP
LOAD c:/ac6/systemworkbench/plugins/fr.ac6.mcu.externaltools.arm-none.win32_1.15.0.201708311556/tools/compiler/bin/../lib/gcc/arm-none-eabi/6.3.1/thumb/v7e-m/fpv4-sp/hard/crtend.o
LOAD c:/ac6/systemworkbench/plugins/fr.ac6.mcu.externaltools.arm-none.win32_1.15.0.201708311556/tools/compiler/bin/../lib/gcc/arm-none-eabi/6.3.1/thumb/v7e-m/fpv4-sp/hard/crtn.o
                0x20020000                _estack = 0x20020000
                0x00000200                _Min_Heap_Size = 0x200
                0x00000400                _Min_Stack_Size = 0x400

.isr_vector     0x08000000      0x188
                0x08000000                . = ALIGN (0x4)
 *(.isr_vector)
 .isr_vector    0x08000000      0x188 Application/SW4STM32/startup_stm32f407xx.o
                0x08000000                g_pfnVectors
                0x08000188                . = ALIGN (0x4)

.text           0x08000190     0xf284
                0x08000190                . = ALIGN (0x4)
 *(.text)
 .text          0x08000190       0x6c c:/ac6/systemworkbench/plugins/fr.ac6.mcu.externaltools.arm-none.win32_1.15.0.201708311556/tools/compiler/bin/../lib/gcc/arm-none-eabi/6.3.1/thumb/v7e-m/fpv4-sp/hard/crtbegin.o
 .text          0x080001fc       0x30 c:/ac6/systemworkbench/plugins/fr.ac6.mcu.externaltools.arm-none.win32_1.15.0.201708311556/tools/compiler/bin/../lib/gcc/arm-none-eabi/6.3.1/thumb/v7e-m/fpv4-sp/hard\libgcc.a(_aeabi_uldivmod.o)
                0x080001fc                __aeabi_uldivmod
 .text          0x0800022c      0x2dc c:/ac6/systemworkbench/plugins/fr.ac6.mcu.externaltools.arm-none.win32_1.15.0.201708311556/tools/compiler/bin/../lib/gcc/arm-none-eabi/6.3.1/thumb/v7e-m/fpv4-sp/hard\libgcc.a(_udivmoddi4.o)
                0x0800022c                __udivmoddi4
 .text          0x08000508        0x4 c:/ac6/systemworkbench/plugins/fr.ac6.mcu.externaltools.arm-none.win32_1.15.0.201708311556/tools/compiler/bin/../lib/gcc/arm-none-eabi/6.3.1/thumb/v7e-m/fpv4-sp/hard\libgcc.a(_dvmd_tls.o)
                0x08000508                __aeabi_idiv0
                0x08000508                __aeabi_ldiv0
 *fill*         0x0800050c        0x4 
 .text          0x08000510       0xa0 c:/ac6/systemworkbench/plugins/fr.ac6.mcu.externaltools.arm-none.win32_1.15.0.201708311556/tools/compiler/bin/../lib/gcc/arm-none-eabi/6.3.1/../../../../arm-none-eabi/lib/thumb/v7e-m/fpv4-sp/hard\libc_nano.a(lib_a-memchr.o)
                0x08000510                memchr
 *(.text*)
 .text.Reset_Handler
                0x080005b0       0x50 Application/SW4STM32/startup_stm32f407xx.o
                0x080005b0                Reset_Handler
 .text.Default_Handler
                0x08000600        0x2 Application/SW4STM32/startup_stm32f407xx.o
                0x08000600                RTC_Alarm_IRQHandler
                0x08000600                HASH_RNG_IRQHandler
                0x08000600                EXTI2_IRQHandler
                0x08000600                TIM8_CC_IRQHandler
                0x08000600                TIM1_CC_IRQHandler
                0x08000600                DMA2_Stream5_IRQHandler
                0x08000600                DMA1_Stream5_IRQHandler
                0x08000600                PVD_IRQHandler
                0x08000600                SDIO_IRQHandler
                0x08000600                TAMP_STAMP_IRQHandler
                0x08000600                PendSV_Handler
                0x08000600                CAN2_RX1_IRQHandler
                0x08000600                EXTI3_IRQHandler
                0x08000600                TIM8_TRG_COM_TIM14_IRQHandler
                0x08000600                TIM1_UP_TIM10_IRQHandler
                0x08000600                TIM8_UP_TIM13_IRQHandler
                0x08000600                I2C3_ER_IRQHandler
                0x08000600                EXTI0_IRQHandler
                0x08000600                I2C2_EV_IRQHandler
                0x08000600                DMA1_Stream2_IRQHandler
                0x08000600                FPU_IRQHandler
                0x08000600                OTG_HS_WKUP_IRQHandler
                0x08000600                CAN2_SCE_IRQHandler
                0x08000600                DMA2_Stream2_IRQHandler
                0x08000600                SPI1_IRQHandler
                0x08000600                TIM6_DAC_IRQHandler
                0x08000600                TIM1_BRK_TIM9_IRQHandler
                0x08000600                DCMI_IRQHandler
                0x08000600                CAN2_RX0_IRQHandler
                0x08000600                DMA2_Stream3_IRQHandler
                0x08000600                USART6_IRQHandler
                0x08000600                USART3_IRQHandler
                0x08000600                CAN1_RX1_IRQHandler
                0x08000600                UART5_IRQHandler
                0x08000600                DMA2_Stream0_IRQHandler
                0x08000600                TIM4_IRQHandler
                0x08000600                I2C1_EV_IRQHandler
                0x08000600                DMA1_Stream6_IRQHandler
                0x08000600                DMA1_Stream1_IRQHandler
                0x08000600                UART4_IRQHandler
                0x08000600                TIM3_IRQHandler
                0x08000600                RCC_IRQHandler
                0x08000600                TIM8_BRK_TIM12_IRQHandler
                0x08000600                Default_Handler
                0x08000600                ADC_IRQHandler
                0x08000600                DMA1_Stream7_IRQHandler
                0x08000600                TIM7_IRQHandler
                0x08000600                CAN2_TX_IRQHandler
                0x08000600                TIM5_IRQHandler
                0x08000600                DMA2_Stream7_IRQHandler
                0x08000600                I2C3_EV_IRQHandler
                0x08000600                EXTI9_5_IRQHandler
                0x08000600                RTC_WKUP_IRQHandler
                0x08000600                ETH_WKUP_IRQHandler
                0x08000600                SPI2_IRQHandler
                0x08000600                OTG_HS_EP1_IN_IRQHandler
                0x08000600                DMA1_Stream0_IRQHandler
                0x08000600                CAN1_TX_IRQHandler
                0x08000600                SVC_Handler
                0x08000600                EXTI4_IRQHandler
                0x08000600                FSMC_IRQHandler
                0x08000600                ETH_IRQHandler
                0x08000600                OTG_HS_EP1_OUT_IRQHandler
                0x08000600                WWDG_IRQHandler
                0x08000600                TIM2_IRQHandler
                0x08000600                OTG_FS_WKUP_IRQHandler
                0x08000600                TIM1_TRG_COM_TIM11_IRQHandler
                0x08000600                OTG_HS_IRQHandler
                0x08000600                EXTI1_IRQHandler
                0x08000600                USART2_IRQHandler
                0x08000600                I2C2_ER_IRQHandler
                0x08000600                DMA2_Stream1_IRQHandler
                0x08000600                CAN1_SCE_IRQHandler
                0x08000600                FLASH_IRQHandler
                0x08000600                DMA2_Stream4_IRQHandler
                0x08000600                USART1_IRQHandler
                0x08000600                OTG_FS_IRQHandler
                0x08000600                SPI3_IRQHandler
                0x08000600                DMA1_Stream4_IRQHandler
                0x08000600                I2C1_ER_IRQHandler
                0x08000600                DMA2_Stream6_IRQHandler
                0x08000600                DMA1_Stream3_IRQHandler
 *fill*         0x08000602        0x2 
 .text._sbrk    0x08000604       0x6c Application/SW4STM32/syscalls.o
                0x08000604                _sbrk
 .text._write   0x08000670       0x38 Application/SW4STM32/syscalls.o
                0x08000670                _write
 .text._close   0x080006a8       0x18 Application/SW4STM32/syscalls.o
                0x080006a8                _close
 .text._fstat   0x080006c0       0x20 Application/SW4STM32/syscalls.o
                0x080006c0                _fstat
 .text._isatty  0x080006e0       0x16 Application/SW4STM32/syscalls.o
                0x080006e0                _isatty
 .text._lseek   0x080006f6       0x1a Application/SW4STM32/syscalls.o
                0x080006f6                _lseek
 .text._read    0x08000710       0x3a Application/SW4STM32/syscalls.o
                0x08000710                _read
 *fill*         0x0800074a        0x2 
 .text.ethernetif_notify_conn_changed
                0x0800074c       0x6c Application/User/app_ethernet.o
                0x0800074c                ethernetif_notify_conn_changed
 .text.CAN1_Konfigurasyonu_Yap
                0x080007b8      0x194 Application/User/can.o
                0x080007b8                CAN1_Konfigurasyonu_Yap
 .text.HAL_CAN_RxFifo0MsgPendingCallback
                0x0800094c       0x38 Application/User/can.o
                0x0800094c                HAL_CAN_RxFifo0MsgPendingCallback
 .text.HAL_ETH_MspInit
                0x08000984      0x1c8 Application/User/ethernetif.o
                0x08000984                HAL_ETH_MspInit
 .text.low_level_init
                0x08000b4c      0x154 Application/User/ethernetif.o
 .text.low_level_output
                0x08000ca0      0x13c Application/User/ethernetif.o
 .text.low_level_input
                0x08000ddc      0x15c Application/User/ethernetif.o
 .text.ethernetif_input
                0x08000f38       0x40 Application/User/ethernetif.o
                0x08000f38                ethernetif_input
 .text.ethernetif_init
                0x08000f78       0x5c Application/User/ethernetif.o
                0x08000f78                ethernetif_init
 .text.sys_now  0x08000fd4        0xe Application/User/ethernetif.o
                0x08000fd4                sys_now
 *fill*         0x08000fe2        0x2 
 .text.ethernetif_set_link
                0x08000fe4       0x58 Application/User/ethernetif.o
                0x08000fe4                ethernetif_set_link
 .text.ethernetif_update_config
                0x0800103c       0xf0 Application/User/ethernetif.o
                0x0800103c                ethernetif_update_config
 .text.main     0x0800112c      0x114 Application/User/main.o
                0x0800112c                main
 .text.BSP_Config
                0x08001240       0x50 Application/User/main.o
 .text.Netif_Config
                0x08001290       0x7c Application/User/main.o
 .text.HAL_GPIO_EXTI_Callback
                0x0800130c       0x24 Application/User/main.o
                0x0800130c                HAL_GPIO_EXTI_Callback
 .text.SystemClock_Config
                0x08001330       0xe8 Application/User/main.o
 .text.NMI_Handler
                0x08001418        0xe Application/User/stm32f4xx_it.o
                0x08001418                NMI_Handler
 .text.HardFault_Handler
                0x08001426        0x6 Application/User/stm32f4xx_it.o
                0x08001426                HardFault_Handler
 .text.MemManage_Handler
                0x0800142c        0x6 Application/User/stm32f4xx_it.o
                0x0800142c                MemManage_Handler
 .text.BusFault_Handler
                0x08001432        0x6 Application/User/stm32f4xx_it.o
                0x08001432                BusFault_Handler
 .text.UsageFault_Handler
                0x08001438        0x6 Application/User/stm32f4xx_it.o
                0x08001438                UsageFault_Handler
 .text.DebugMon_Handler
                0x0800143e        0xe Application/User/stm32f4xx_it.o
                0x0800143e                DebugMon_Handler
 .text.SysTick_Handler
                0x0800144c       0x20 Application/User/stm32f4xx_it.o
                0x0800144c                SysTick_Handler
 .text.EXTI15_10_IRQHandler
                0x0800146c       0x10 Application/User/stm32f4xx_it.o
                0x0800146c                EXTI15_10_IRQHandler
 .text.CAN1_RX0_IRQHandler
                0x0800147c       0x14 Application/User/stm32f4xx_it.o
                0x0800147c                CAN1_RX0_IRQHandler
 .text.udp_echoserver_init
                0x08001490       0x44 Application/User/udp_echoserver.o
                0x08001490                udp_echoserver_init
 .text.udp_echoserver_receive_callback
                0x080014d4       0x44 Application/User/udp_echoserver.o
                0x080014d4                udp_echoserver_receive_callback
 .text.__io_putchar
                0x08001518      0x1c0 Application/Utilities/lcd_log.o
                0x08001518                __io_putchar
 .text.LCD_LOG_UpdateDisplay
                0x080016d8      0x110 Application/Utilities/lcd_log.o
                0x080016d8                LCD_LOG_UpdateDisplay
 .text.BSP_LED_On
                0x080017e8       0x34 Drivers/BSP/STM324xG_EVAL/stm324xg_eval.o
                0x080017e8                BSP_LED_On
 .text.BSP_LED_Off
                0x0800181c       0x34 Drivers/BSP/STM324xG_EVAL/stm324xg_eval.o
                0x0800181c                BSP_LED_Off
 .text.BSP_LCD_GetXSize
                0x08001850       0x18 Drivers/BSP/STM324xG_EVAL/stm324xg_eval_lcd.o
                0x08001850                BSP_LCD_GetXSize
 .text.BSP_LCD_SetTextColor
                0x08001868       0x20 Drivers/BSP/STM324xG_EVAL/stm324xg_eval_lcd.o
                0x08001868                BSP_LCD_SetTextColor
 .text.BSP_LCD_GetFont
                0x08001888       0x18 Drivers/BSP/STM324xG_EVAL/stm324xg_eval_lcd.o
                0x08001888                BSP_LCD_GetFont
 .text.BSP_LCD_DisplayChar
                0x080018a0       0x54 Drivers/BSP/STM324xG_EVAL/stm324xg_eval_lcd.o
                0x080018a0                BSP_LCD_DisplayChar
 .text.BSP_LCD_DisplayStringAt
                0x080018f4      0x114 Drivers/BSP/STM324xG_EVAL/stm324xg_eval_lcd.o
                0x080018f4                BSP_LCD_DisplayStringAt
 .text.BSP_LCD_DisplayStringAtLine
                0x08001a08       0x2e Drivers/BSP/STM324xG_EVAL/stm324xg_eval_lcd.o
                0x08001a08                BSP_LCD_DisplayStringAtLine
 *fill*         0x08001a36        0x2 
 .text.BSP_LCD_DrawPixel
                0x08001a38       0x38 Drivers/BSP/STM324xG_EVAL/stm324xg_eval_lcd.o
                0x08001a38                BSP_LCD_DrawPixel
 .text.DrawChar
                0x08001a70      0x130 Drivers/BSP/STM324xG_EVAL/stm324xg_eval_lcd.o
 .text.SystemInit
                0x08001ba0       0x6c Drivers/CMSIS/system_stm32f4xx.o
                0x08001ba0                SystemInit
 .text.HAL_Init
                0x08001c0c       0x3c Drivers/STM32F4xx_HAL_Driver/stm32f4xx_hal.o
                0x08001c0c                HAL_Init
 .text.HAL_MspInit
                0x08001c48        0xe Drivers/STM32F4xx_HAL_Driver/stm32f4xx_hal.o
                0x08001c48                HAL_MspInit
 *fill*         0x08001c56        0x2 
 .text.HAL_InitTick
                0x08001c58       0x60 Drivers/STM32F4xx_HAL_Driver/stm32f4xx_hal.o
                0x08001c58                HAL_InitTick
 .text.HAL_IncTick
                0x08001cb8       0x28 Drivers/STM32F4xx_HAL_Driver/stm32f4xx_hal.o
                0x08001cb8                HAL_IncTick
 .text.HAL_GetTick
                0x08001ce0       0x18 Drivers/STM32F4xx_HAL_Driver/stm32f4xx_hal.o
                0x08001ce0                HAL_GetTick
 .text.HAL_Delay
                0x08001cf8       0x44 Drivers/STM32F4xx_HAL_Driver/stm32f4xx_hal.o
                0x08001cf8                HAL_Delay
 .text.HAL_GetREVID
                0x08001d3c       0x18 Drivers/STM32F4xx_HAL_Driver/stm32f4xx_hal.o
                0x08001d3c                HAL_GetREVID
 .text.HAL_CAN_Init
                0x08001d54      0x1f8 Drivers/STM32F4xx_HAL_Driver/stm32f4xx_hal_can.o
                0x08001d54                HAL_CAN_Init
 .text.HAL_CAN_MspInit
                0x08001f4c       0x14 Drivers/STM32F4xx_HAL_Driver/stm32f4xx_hal_can.o
                0x08001f4c                HAL_CAN_MspInit
 .text.HAL_CAN_ConfigFilter
                0x08001f60      0x1c4 Drivers/STM32F4xx_HAL_Driver/stm32f4xx_hal_can.o
                0x08001f60                HAL_CAN_ConfigFilter
 .text.HAL_CAN_Start
                0x08002124       0x8c Drivers/STM32F4xx_HAL_Driver/stm32f4xx_hal_can.o
                0x08002124                HAL_CAN_Start
 .text.HAL_CAN_AddTxMessage
                0x080021b0      0x1a4 Drivers/STM32F4xx_HAL_Driver/stm32f4xx_hal_can.o
                0x080021b0                HAL_CAN_AddTxMessage
 .text.HAL_CAN_GetRxMessage
                0x08002354      0x236 Drivers/STM32F4xx_HAL_Driver/stm32f4xx_hal_can.o
                0x08002354                HAL_CAN_GetRxMessage
 .text.HAL_CAN_ActivateNotification
                0x0800258a       0x50 Drivers/STM32F4xx_HAL_Driver/stm32f4xx_hal_can.o
                0x0800258a                HAL_CAN_ActivateNotification
 .text.HAL_CAN_IRQHandler
                0x080025da      0x362 Drivers/STM32F4xx_HAL_Driver/stm32f4xx_hal_can.o
                0x080025da                HAL_CAN_IRQHandler
 .text.HAL_CAN_TxMailbox0CompleteCallback
                0x0800293c       0x14 Drivers/STM32F4xx_HAL_Driver/stm32f4xx_hal_can.o
                0x0800293c                HAL_CAN_TxMailbox0CompleteCallback
 .text.HAL_CAN_TxMailbox1CompleteCallback
                0x08002950       0x14 Drivers/STM32F4xx_HAL_Driver/stm32f4xx_hal_can.o
                0x08002950                HAL_CAN_TxMailbox1CompleteCallback
 .text.HAL_CAN_TxMailbox2CompleteCallback
                0x08002964       0x14 Drivers/STM32F4xx_HAL_Driver/stm32f4xx_hal_can.o
                0x08002964                HAL_CAN_TxMailbox2CompleteCallback
 .text.HAL_CAN_TxMailbox0AbortCallback
                0x08002978       0x14 Drivers/STM32F4xx_HAL_Driver/stm32f4xx_hal_can.o
                0x08002978                HAL_CAN_TxMailbox0AbortCallback
 .text.HAL_CAN_TxMailbox1AbortCallback
                0x0800298c       0x14 Drivers/STM32F4xx_HAL_Driver/stm32f4xx_hal_can.o
                0x0800298c                HAL_CAN_TxMailbox1AbortCallback
 .text.HAL_CAN_TxMailbox2AbortCallback
                0x080029a0       0x14 Drivers/STM32F4xx_HAL_Driver/stm32f4xx_hal_can.o
                0x080029a0                HAL_CAN_TxMailbox2AbortCallback
 .text.HAL_CAN_RxFifo0FullCallback
                0x080029b4       0x14 Drivers/STM32F4xx_HAL_Driver/stm32f4xx_hal_can.o
                0x080029b4                HAL_CAN_RxFifo0FullCallback
 .text.HAL_CAN_RxFifo1MsgPendingCallback
                0x080029c8       0x14 Drivers/STM32F4xx_HAL_Driver/stm32f4xx_hal_can.o
                0x080029c8                HAL_CAN_RxFifo1MsgPendingCallback
 .text.HAL_CAN_RxFifo1FullCallback
                0x080029dc       0x14 Drivers/STM32F4xx_HAL_Driver/stm32f4xx_hal_can.o
                0x080029dc                HAL_CAN_RxFifo1FullCallback
 .text.HAL_CAN_SleepCallback
                0x080029f0       0x14 Drivers/STM32F4xx_HAL_Driver/stm32f4xx_hal_can.o
                0x080029f0                HAL_CAN_SleepCallback
 .text.HAL_CAN_WakeUpFromRxMsgCallback
                0x08002a04       0x14 Drivers/STM32F4xx_HAL_Driver/stm32f4xx_hal_can.o
                0x08002a04                HAL_CAN_WakeUpFromRxMsgCallback
 .text.HAL_CAN_ErrorCallback
                0x08002a18       0x14 Drivers/STM32F4xx_HAL_Driver/stm32f4xx_hal_can.o
                0x08002a18                HAL_CAN_ErrorCallback
 .text.NVIC_SetPriorityGrouping
                0x08002a2c       0x48 Drivers/STM32F4xx_HAL_Driver/stm32f4xx_hal_cortex.o
 .text.NVIC_GetPriorityGrouping
                0x08002a74       0x1c Drivers/STM32F4xx_HAL_Driver/stm32f4xx_hal_cortex.o
 .text.NVIC_EnableIRQ
                0x08002a90       0x34 Drivers/STM32F4xx_HAL_Driver/stm32f4xx_hal_cortex.o
 .text.NVIC_SetPriority
                0x08002ac4       0x54 Drivers/STM32F4xx_HAL_Driver/stm32f4xx_hal_cortex.o
 .text.NVIC_EncodePriority
                0x08002b18       0x62 Drivers/STM32F4xx_HAL_Driver/stm32f4xx_hal_cortex.o
 *fill*         0x08002b7a        0x2 
 .text.SysTick_Config
                0x08002b7c       0x44 Drivers/STM32F4xx_HAL_Driver/stm32f4xx_hal_cortex.o
 .text.HAL_NVIC_SetPriorityGrouping
                0x08002bc0       0x16 Drivers/STM32F4xx_HAL_Driver/stm32f4xx_hal_cortex.o
                0x08002bc0                HAL_NVIC_SetPriorityGrouping
 .text.HAL_NVIC_SetPriority
                0x08002bd6       0x38 Drivers/STM32F4xx_HAL_Driver/stm32f4xx_hal_cortex.o
                0x08002bd6                HAL_NVIC_SetPriority
 .text.HAL_NVIC_EnableIRQ
                0x08002c0e       0x1c Drivers/STM32F4xx_HAL_Driver/stm32f4xx_hal_cortex.o
                0x08002c0e                HAL_NVIC_EnableIRQ
 .text.HAL_SYSTICK_Config
                0x08002c2a       0x18 Drivers/STM32F4xx_HAL_Driver/stm32f4xx_hal_cortex.o
                0x08002c2a                HAL_SYSTICK_Config
 *fill*         0x08002c42        0x2 
 .text.HAL_SYSTICK_CLKSourceConfig
                0x08002c44       0x38 Drivers/STM32F4xx_HAL_Driver/stm32f4xx_hal_cortex.o
                0x08002c44                HAL_SYSTICK_CLKSourceConfig
 .text.HAL_SYSTICK_IRQHandler
                0x08002c7c        0xc Drivers/STM32F4xx_HAL_Driver/stm32f4xx_hal_cortex.o
                0x08002c7c                HAL_SYSTICK_IRQHandler
 .text.HAL_SYSTICK_Callback
                0x08002c88        0xe Drivers/STM32F4xx_HAL_Driver/stm32f4xx_hal_cortex.o
                0x08002c88                HAL_SYSTICK_Callback
 *fill*         0x08002c96        0x2 
 .text.HAL_ETH_Init
                0x08002c98      0x33c Drivers/STM32F4xx_HAL_Driver/stm32f4xx_hal_eth.o
                0x08002c98                HAL_ETH_Init
 .text.HAL_ETH_DMATxDescListInit
                0x08002fd4       0xd2 Drivers/STM32F4xx_HAL_Driver/stm32f4xx_hal_eth.o
                0x08002fd4                HAL_ETH_DMATxDescListInit
 .text.HAL_ETH_DMARxDescListInit
                0x080030a6       0xda Drivers/STM32F4xx_HAL_Driver/stm32f4xx_hal_eth.o
                0x080030a6                HAL_ETH_DMARxDescListInit
 .text.HAL_ETH_TransmitFrame
                0x08003180      0x1d4 Drivers/STM32F4xx_HAL_Driver/stm32f4xx_hal_eth.o
                0x08003180                HAL_ETH_TransmitFrame
 .text.HAL_ETH_GetReceivedFrame
                0x08003354      0x108 Drivers/STM32F4xx_HAL_Driver/stm32f4xx_hal_eth.o
                0x08003354                HAL_ETH_GetReceivedFrame
 .text.HAL_ETH_ReadPHYRegister
                0x0800345c       0xd0 Drivers/STM32F4xx_HAL_Driver/stm32f4xx_hal_eth.o
                0x0800345c                HAL_ETH_ReadPHYRegister
 .text.HAL_ETH_WritePHYRegister
                0x0800352c       0xcc Drivers/STM32F4xx_HAL_Driver/stm32f4xx_hal_eth.o
                0x0800352c                HAL_ETH_WritePHYRegister
 .text.HAL_ETH_Start
                0x080035f8       0x5e Drivers/STM32F4xx_HAL_Driver/stm32f4xx_hal_eth.o
                0x080035f8                HAL_ETH_Start
 .text.HAL_ETH_Stop
                0x08003656       0x5e Drivers/STM32F4xx_HAL_Driver/stm32f4xx_hal_eth.o
                0x08003656                HAL_ETH_Stop
 .text.HAL_ETH_ConfigMAC
                0x080036b4      0x1f0 Drivers/STM32F4xx_HAL_Driver/stm32f4xx_hal_eth.o
                0x080036b4                HAL_ETH_ConfigMAC
 .text.ETH_MACDMAConfig
                0x080038a4      0x390 Drivers/STM32F4xx_HAL_Driver/stm32f4xx_hal_eth.o
 .text.ETH_MACAddressConfig
                0x08003c34       0x70 Drivers/STM32F4xx_HAL_Driver/stm32f4xx_hal_eth.o
 .text.ETH_MACTransmissionEnable
                0x08003ca4       0x3a Drivers/STM32F4xx_HAL_Driver/stm32f4xx_hal_eth.o
 .text.ETH_MACTransmissionDisable
                0x08003cde       0x3a Drivers/STM32F4xx_HAL_Driver/stm32f4xx_hal_eth.o
 .text.ETH_MACReceptionEnable
                0x08003d18       0x3a Drivers/STM32F4xx_HAL_Driver/stm32f4xx_hal_eth.o
 .text.ETH_MACReceptionDisable
                0x08003d52       0x3a Drivers/STM32F4xx_HAL_Driver/stm32f4xx_hal_eth.o
 .text.ETH_DMATransmissionEnable
                0x08003d8c       0x30 Drivers/STM32F4xx_HAL_Driver/stm32f4xx_hal_eth.o
 .text.ETH_DMATransmissionDisable
                0x08003dbc       0x30 Drivers/STM32F4xx_HAL_Driver/stm32f4xx_hal_eth.o
 .text.ETH_DMAReceptionEnable
                0x08003dec       0x30 Drivers/STM32F4xx_HAL_Driver/stm32f4xx_hal_eth.o
 .text.ETH_DMAReceptionDisable
                0x08003e1c       0x30 Drivers/STM32F4xx_HAL_Driver/stm32f4xx_hal_eth.o
 .text.ETH_FlushTransmitFIFO
                0x08003e4c       0x52 Drivers/STM32F4xx_HAL_Driver/stm32f4xx_hal_eth.o
 *fill*         0x08003e9e        0x2 
 .text.ETH_Delay
                0x08003ea0       0x3c Drivers/STM32F4xx_HAL_Driver/stm32f4xx_hal_eth.o
 .text.HAL_GPIO_Init
                0x08003edc      0x334 Drivers/STM32F4xx_HAL_Driver/stm32f4xx_hal_gpio.o
                0x08003edc                HAL_GPIO_Init
 .text.HAL_GPIO_WritePin
                0x08004210       0x32 Drivers/STM32F4xx_HAL_Driver/stm32f4xx_hal_gpio.o
                0x08004210                HAL_GPIO_WritePin
 .text.HAL_GPIO_TogglePin
                0x08004242       0x24 Drivers/STM32F4xx_HAL_Driver/stm32f4xx_hal_gpio.o
                0x08004242                HAL_GPIO_TogglePin
 *fill*         0x08004266        0x2 
 .text.HAL_GPIO_EXTI_IRQHandler
                0x08004268       0x30 Drivers/STM32F4xx_HAL_Driver/stm32f4xx_hal_gpio.o
                0x08004268                HAL_GPIO_EXTI_IRQHandler
 .text.HAL_RCC_OscConfig
                0x08004298      0x484 Drivers/STM32F4xx_HAL_Driver/stm32f4xx_hal_rcc.o
                0x08004298                HAL_RCC_OscConfig
 .text.HAL_RCC_ClockConfig
                0x0800471c      0x1c4 Drivers/STM32F4xx_HAL_Driver/stm32f4xx_hal_rcc.o
                0x0800471c                HAL_RCC_ClockConfig
 .text.HAL_RCC_MCOConfig
                0x080048e0       0xd0 Drivers/STM32F4xx_HAL_Driver/stm32f4xx_hal_rcc.o
                0x080048e0                HAL_RCC_MCOConfig
 .text.HAL_RCC_GetSysClockFreq
                0x080049b0      0x1b0 Drivers/STM32F4xx_HAL_Driver/stm32f4xx_hal_rcc.o
                0x080049b0                HAL_RCC_GetSysClockFreq
 .text.HAL_RCC_GetHCLKFreq
                0x08004b60       0x18 Drivers/STM32F4xx_HAL_Driver/stm32f4xx_hal_rcc.o
                0x08004b60                HAL_RCC_GetHCLKFreq
 .text.dhcp_check
                0x08004b78       0x68 Middlewares/LwIP/Core/IPv4/dhcp.o
 .text.dhcp_select
                0x08004be0      0x14c Middlewares/LwIP/Core/IPv4/dhcp.o
 .text.dhcp_coarse_tmr
                0x08004d2c       0xa8 Middlewares/LwIP/Core/IPv4/dhcp.o
                0x08004d2c                dhcp_coarse_tmr
 .text.dhcp_fine_tmr
                0x08004dd4       0x64 Middlewares/LwIP/Core/IPv4/dhcp.o
                0x08004dd4                dhcp_fine_tmr
 .text.dhcp_timeout
                0x08004e38       0x92 Middlewares/LwIP/Core/IPv4/dhcp.o
 .text.dhcp_t1_timeout
                0x08004eca       0x5c Middlewares/LwIP/Core/IPv4/dhcp.o
 .text.dhcp_t2_timeout
                0x08004f26       0x64 Middlewares/LwIP/Core/IPv4/dhcp.o
 *fill*         0x08004f8a        0x2 
 .text.dhcp_network_changed
                0x08004f8c       0x7c Middlewares/LwIP/Core/IPv4/dhcp.o
                0x08004f8c                dhcp_network_changed
 .text.dhcp_arp_reply
                0x08005008       0x58 Middlewares/LwIP/Core/IPv4/dhcp.o
                0x08005008                dhcp_arp_reply
 .text.dhcp_decline
                0x08005060       0xd4 Middlewares/LwIP/Core/IPv4/dhcp.o
 .text.dhcp_discover
                0x08005134      0x118 Middlewares/LwIP/Core/IPv4/dhcp.o
 .text.dhcp_bind
                0x0800524c      0x1b4 Middlewares/LwIP/Core/IPv4/dhcp.o
 .text.dhcp_renew
                0x08005400      0x10c Middlewares/LwIP/Core/IPv4/dhcp.o
                0x08005400                dhcp_renew
 .text.dhcp_rebind
                0x0800550c      0x10c Middlewares/LwIP/Core/IPv4/dhcp.o
 .text.dhcp_reboot
                0x08005618      0x128 Middlewares/LwIP/Core/IPv4/dhcp.o
 .text.dhcp_release
                0x08005740      0x110 Middlewares/LwIP/Core/IPv4/dhcp.o
                0x08005740                dhcp_release
 .text.dhcp_set_state
                0x08005850       0x34 Middlewares/LwIP/Core/IPv4/dhcp.o
 .text.dhcp_option
                0x08005884       0x74 Middlewares/LwIP/Core/IPv4/dhcp.o
 .text.dhcp_option_byte
                0x080058f8       0x50 Middlewares/LwIP/Core/IPv4/dhcp.o
 .text.dhcp_option_short
                0x08005948       0x78 Middlewares/LwIP/Core/IPv4/dhcp.o
 .text.dhcp_option_long
                0x080059c0       0xb4 Middlewares/LwIP/Core/IPv4/dhcp.o
 .text.dhcp_create_msg
                0x08005a74      0x2c4 Middlewares/LwIP/Core/IPv4/dhcp.o
 .text.dhcp_delete_msg
                0x08005d38       0x84 Middlewares/LwIP/Core/IPv4/dhcp.o
 .text.dhcp_option_trailer
                0x08005dbc       0xb4 Middlewares/LwIP/Core/IPv4/dhcp.o
 .text.dhcp_supplied_address
                0x08005e70       0x4c Middlewares/LwIP/Core/IPv4/dhcp.o
                0x08005e70                dhcp_supplied_address
 .text.etharp_free_entry
                0x08005ebc       0x64 Middlewares/LwIP/Core/IPv4/etharp.o
 .text.etharp_tmr
                0x08005f20      0x150 Middlewares/LwIP/Core/IPv4/etharp.o
                0x08005f20                etharp_tmr
 .text.etharp_find_entry
                0x08006070      0x294 Middlewares/LwIP/Core/IPv4/etharp.o
 .text.etharp_update_arp_entry
                0x08006304      0x14c Middlewares/LwIP/Core/IPv4/etharp.o
 .text.etharp_cleanup_netif
                0x08006450       0x60 Middlewares/LwIP/Core/IPv4/etharp.o
                0x08006450                etharp_cleanup_netif
 .text.etharp_input
                0x080064b0      0x11c Middlewares/LwIP/Core/IPv4/etharp.o
                0x080064b0                etharp_input
 .text.etharp_output_to_arp_index
                0x080065cc      0x134 Middlewares/LwIP/Core/IPv4/etharp.o
 .text.etharp_output
                0x08006700      0x1dc Middlewares/LwIP/Core/IPv4/etharp.o
                0x08006700                etharp_output
 .text.etharp_query
                0x080068dc      0x294 Middlewares/LwIP/Core/IPv4/etharp.o
                0x080068dc                etharp_query
 .text.etharp_raw
                0x08006b70      0x118 Middlewares/LwIP/Core/IPv4/etharp.o
 .text.etharp_request_dst
                0x08006c88       0x44 Middlewares/LwIP/Core/IPv4/etharp.o
 .text.etharp_request
                0x08006ccc       0x24 Middlewares/LwIP/Core/IPv4/etharp.o
                0x08006ccc                etharp_request
 .text.icmp_input
                0x08006cf0      0x220 Middlewares/LwIP/Core/IPv4/icmp.o
                0x08006cf0                icmp_input
 .text.icmp_dest_unreach
                0x08006f10       0x20 Middlewares/LwIP/Core/IPv4/icmp.o
                0x08006f10                icmp_dest_unreach
 .text.icmp_time_exceeded
                0x08006f30       0x20 Middlewares/LwIP/Core/IPv4/icmp.o
                0x08006f30                icmp_time_exceeded
 .text.icmp_send_response
                0x08006f50       0xd0 Middlewares/LwIP/Core/IPv4/icmp.o
 .text.ip4_route
                0x08007020       0xd0 Middlewares/LwIP/Core/IPv4/ip4.o
                0x08007020                ip4_route
 .text.ip4_input
                0x080070f0      0x2b4 Middlewares/LwIP/Core/IPv4/ip4.o
                0x080070f0                ip4_input
 .text.ip4_output_if
                0x080073a4       0x54 Middlewares/LwIP/Core/IPv4/ip4.o
                0x080073a4                ip4_output_if
 .text.ip4_output_if_src
                0x080073f8      0x150 Middlewares/LwIP/Core/IPv4/ip4.o
                0x080073f8                ip4_output_if_src
 .text.ip4_addr_isbroadcast_u32
                0x08007548       0x82 Middlewares/LwIP/Core/IPv4/ip4_addr.o
                0x08007548                ip4_addr_isbroadcast_u32
 *fill*         0x080075ca        0x2 
 .text.ip_reass_tmr
                0x080075cc       0x58 Middlewares/LwIP/Core/IPv4/ip4_frag.o
                0x080075cc                ip_reass_tmr
 .text.ip_reass_free_complete_datagram
                0x08007624      0x148 Middlewares/LwIP/Core/IPv4/ip4_frag.o
 .text.ip_reass_remove_oldest_datagram
                0x0800776c       0xc4 Middlewares/LwIP/Core/IPv4/ip4_frag.o
 .text.ip_reass_enqueue_new_datagram
                0x08007830       0x74 Middlewares/LwIP/Core/IPv4/ip4_frag.o
 .text.ip_reass_dequeue_datagram
                0x080078a4       0x5c Middlewares/LwIP/Core/IPv4/ip4_frag.o
 .text.ip_reass_chain_frag_into_datagram_and_validate
                0x08007900      0x2d0 Middlewares/LwIP/Core/IPv4/ip4_frag.o
 .text.ip4_reass
                0x08007bd0      0x2a0 Middlewares/LwIP/Core/IPv4/ip4_frag.o
                0x08007bd0                ip4_reass
 .text.ip_frag_alloc_pbuf_custom_ref
                0x08007e70       0x10 Middlewares/LwIP/Core/IPv4/ip4_frag.o
 .text.ip_frag_free_pbuf_custom_ref
                0x08007e80       0x38 Middlewares/LwIP/Core/IPv4/ip4_frag.o
 .text.ipfrag_free_pbuf_custom
                0x08007eb8       0x68 Middlewares/LwIP/Core/IPv4/ip4_frag.o
 .text.ip4_frag
                0x08007f20      0x23c Middlewares/LwIP/Core/IPv4/ip4_frag.o
                0x08007f20                ip4_frag
 .text.lwip_htons
                0x0800815c       0x1c Middlewares/LwIP/Core/def.o
                0x0800815c                lwip_htons
 .text.lwip_htonl
                0x08008178       0x32 Middlewares/LwIP/Core/def.o
                0x08008178                lwip_htonl
 .text.lwip_standard_chksum
                0x080081aa       0xba Middlewares/LwIP/Core/inet_chksum.o
                0x080081aa                lwip_standard_chksum
 .text.inet_chksum_pbuf
                0x08008264       0x94 Middlewares/LwIP/Core/inet_chksum.o
                0x08008264                inet_chksum_pbuf
 .text.lwip_init
                0x080082f8       0x2a Middlewares/LwIP/Core/init.o
                0x080082f8                lwip_init
 *fill*         0x08008322        0x2 
 .text.plug_holes
                0x08008324      0x130 Middlewares/LwIP/Core/mem.o
 .text.mem_init
                0x08008454       0x7c Middlewares/LwIP/Core/mem.o
                0x08008454                mem_init
 .text.mem_free
                0x080084d0       0xc4 Middlewares/LwIP/Core/mem.o
                0x080084d0                mem_free
 .text.mem_trim
                0x08008594      0x1b8 Middlewares/LwIP/Core/mem.o
                0x08008594                mem_trim
 .text.mem_malloc
                0x0800874c      0x1d4 Middlewares/LwIP/Core/mem.o
                0x0800874c                mem_malloc
 .text.memp_init_pool
                0x08008920       0x5e Middlewares/LwIP/Core/memp.o
                0x08008920                memp_init_pool
 *fill*         0x0800897e        0x2 
 .text.memp_init
                0x08008980       0x34 Middlewares/LwIP/Core/memp.o
                0x08008980                memp_init
 .text.do_memp_malloc_pool
                0x080089b4       0x54 Middlewares/LwIP/Core/memp.o
 .text.memp_malloc
                0x08008a08       0x4c Middlewares/LwIP/Core/memp.o
                0x08008a08                memp_malloc
 .text.do_memp_free_pool
                0x08008a54       0x4c Middlewares/LwIP/Core/memp.o
 .text.memp_free
                0x08008aa0       0x54 Middlewares/LwIP/Core/memp.o
                0x08008aa0                memp_free
 .text.netif_init
                0x08008af4        0xe Middlewares/LwIP/Core/netif.o
                0x08008af4                netif_init
 *fill*         0x08008b02        0x2 
 .text.netif_add
                0x08008b04       0xbc Middlewares/LwIP/Core/netif.o
                0x08008b04                netif_add
 .text.netif_set_addr
                0x08008bc0       0x56 Middlewares/LwIP/Core/netif.o
                0x08008bc0                netif_set_addr
 *fill*         0x08008c16        0x2 
 .text.netif_set_ipaddr
                0x08008c18       0x70 Middlewares/LwIP/Core/netif.o
                0x08008c18                netif_set_ipaddr
 .text.netif_set_gw
                0x08008c88       0x28 Middlewares/LwIP/Core/netif.o
                0x08008c88                netif_set_gw
 .text.netif_set_netmask
                0x08008cb0       0x28 Middlewares/LwIP/Core/netif.o
                0x08008cb0                netif_set_netmask
 .text.netif_set_default
                0x08008cd8       0x20 Middlewares/LwIP/Core/netif.o
                0x08008cd8                netif_set_default
 .text.netif_set_up
                0x08008cf8       0x46 Middlewares/LwIP/Core/netif.o
                0x08008cf8                netif_set_up
 .text.netif_issue_reports
                0x08008d3e       0x42 Middlewares/LwIP/Core/netif.o
 .text.netif_set_down
                0x08008d80       0x44 Middlewares/LwIP/Core/netif.o
                0x08008d80                netif_set_down
 .text.netif_set_link_up
                0x08008dc4       0x5c Middlewares/LwIP/Core/netif.o
                0x08008dc4                netif_set_link_up
 .text.netif_set_link_down
                0x08008e20       0x40 Middlewares/LwIP/Core/netif.o
                0x08008e20                netif_set_link_down
 .text.netif_set_link_callback
                0x08008e60       0x22 Middlewares/LwIP/Core/netif.o
                0x08008e60                netif_set_link_callback
 *fill*         0x08008e82        0x2 
 .text.pbuf_alloc
                0x08008e84      0x320 Middlewares/LwIP/Core/pbuf.o
                0x08008e84                pbuf_alloc
 .text.pbuf_alloced_custom
                0x080091a4       0xd4 Middlewares/LwIP/Core/pbuf.o
                0x080091a4                pbuf_alloced_custom
 .text.pbuf_realloc
                0x08009278      0x15c Middlewares/LwIP/Core/pbuf.o
                0x08009278                pbuf_realloc
 .text.pbuf_header_impl
                0x080093d4      0x144 Middlewares/LwIP/Core/pbuf.o
 .text.pbuf_header
                0x08009518       0x24 Middlewares/LwIP/Core/pbuf.o
                0x08009518                pbuf_header
 .text.pbuf_header_force
                0x0800953c       0x24 Middlewares/LwIP/Core/pbuf.o
                0x0800953c                pbuf_header_force
 .text.pbuf_free
                0x08009560      0x128 Middlewares/LwIP/Core/pbuf.o
                0x08009560                pbuf_free
 .text.pbuf_clen
                0x08009688       0x2e Middlewares/LwIP/Core/pbuf.o
                0x08009688                pbuf_clen
 *fill*         0x080096b6        0x2 
 .text.pbuf_ref
                0x080096b8       0x44 Middlewares/LwIP/Core/pbuf.o
                0x080096b8                pbuf_ref
 .text.pbuf_cat
                0x080096fc       0xac Middlewares/LwIP/Core/pbuf.o
                0x080096fc                pbuf_cat
 .text.pbuf_chain
                0x080097a8       0x20 Middlewares/LwIP/Core/pbuf.o
                0x080097a8                pbuf_chain
 .text.pbuf_copy
                0x080097c8      0x198 Middlewares/LwIP/Core/pbuf.o
                0x080097c8                pbuf_copy
 .text.pbuf_copy_partial
                0x08009960       0xf4 Middlewares/LwIP/Core/pbuf.o
                0x08009960                pbuf_copy_partial
 .text.tcp_init
                0x08009a54        0xe Middlewares/LwIP/Core/tcp.o
                0x08009a54                tcp_init
 *fill*         0x08009a62        0x2 
 .text.tcp_tmr  0x08009a64       0x2c Middlewares/LwIP/Core/tcp.o
                0x08009a64                tcp_tmr
 .text.tcp_remove_listener
                0x08009a90       0x38 Middlewares/LwIP/Core/tcp.o
 .text.tcp_listen_closed
                0x08009ac8       0x70 Middlewares/LwIP/Core/tcp.o
 .text.tcp_close_shutdown
                0x08009b38      0x1d0 Middlewares/LwIP/Core/tcp.o
 .text.tcp_close_shutdown_fin
                0x08009d08       0xcc Middlewares/LwIP/Core/tcp.o
 .text.tcp_close
                0x08009dd4       0x30 Middlewares/LwIP/Core/tcp.o
                0x08009dd4                tcp_close
 .text.tcp_abandon
                0x08009e04      0x150 Middlewares/LwIP/Core/tcp.o
                0x08009e04                tcp_abandon
 .text.tcp_abort
                0x08009f54       0x18 Middlewares/LwIP/Core/tcp.o
                0x08009f54                tcp_abort
 .text.tcp_update_rcv_ann_wnd
                0x08009f6c       0xa0 Middlewares/LwIP/Core/tcp.o
                0x08009f6c                tcp_update_rcv_ann_wnd
 .text.tcp_recved
                0x0800a00c       0xb8 Middlewares/LwIP/Core/tcp.o
                0x0800a00c                tcp_recved
 .text.tcp_slowtmr
                0x0800a0c4      0x53c Middlewares/LwIP/Core/tcp.o
                0x0800a0c4                tcp_slowtmr
 .text.tcp_fasttmr
                0x0800a600       0xc8 Middlewares/LwIP/Core/tcp.o
                0x0800a600                tcp_fasttmr
 .text.tcp_process_refused_data
                0x0800a6c8       0xcc Middlewares/LwIP/Core/tcp.o
                0x0800a6c8                tcp_process_refused_data
 .text.tcp_segs_free
                0x0800a794       0x28 Middlewares/LwIP/Core/tcp.o
                0x0800a794                tcp_segs_free
 .text.tcp_seg_free
                0x0800a7bc       0x30 Middlewares/LwIP/Core/tcp.o
                0x0800a7bc                tcp_seg_free
 .text.tcp_recv_null
                0x0800a7ec       0x44 Middlewares/LwIP/Core/tcp.o
                0x0800a7ec                tcp_recv_null
 .text.tcp_kill_prio
                0x0800a830       0x84 Middlewares/LwIP/Core/tcp.o
 .text.tcp_kill_state
                0x0800a8b4       0x94 Middlewares/LwIP/Core/tcp.o
 .text.tcp_kill_timewait
                0x0800a948       0x60 Middlewares/LwIP/Core/tcp.o
 .text.tcp_alloc
                0x0800a9a8      0x100 Middlewares/LwIP/Core/tcp.o
                0x0800a9a8                tcp_alloc
 .text.tcp_pcb_purge
                0x0800aaa8       0x72 Middlewares/LwIP/Core/tcp.o
                0x0800aaa8                tcp_pcb_purge
 *fill*         0x0800ab1a        0x2 
 .text.tcp_pcb_remove
                0x0800ab1c       0xdc Middlewares/LwIP/Core/tcp.o
                0x0800ab1c                tcp_pcb_remove
 .text.tcp_next_iss
                0x0800abf8       0x30 Middlewares/LwIP/Core/tcp.o
                0x0800abf8                tcp_next_iss
 .text.tcp_eff_send_mss_impl
                0x0800ac28       0x48 Middlewares/LwIP/Core/tcp.o
                0x0800ac28                tcp_eff_send_mss_impl
 .text.tcp_netif_ip_addr_changed_pcblist
                0x0800ac70       0x42 Middlewares/LwIP/Core/tcp.o
 *fill*         0x0800acb2        0x2 
 .text.tcp_netif_ip_addr_changed
                0x0800acb4       0x80 Middlewares/LwIP/Core/tcp.o
                0x0800acb4                tcp_netif_ip_addr_changed
 .text.tcp_input
                0x0800ad34      0x778 Middlewares/LwIP/Core/tcp_in.o
                0x0800ad34                tcp_input
 .text.tcp_input_delayed_close
                0x0800b4ac       0x64 Middlewares/LwIP/Core/tcp_in.o
 .text.tcp_listen_input
                0x0800b510      0x1c4 Middlewares/LwIP/Core/tcp_in.o
 .text.tcp_timewait_input
                0x0800b6d4       0xd0 Middlewares/LwIP/Core/tcp_in.o
 .text.tcp_process
                0x0800b7a4      0x774 Middlewares/LwIP/Core/tcp_in.o
 .text.tcp_receive
                0x0800bf18      0x9e0 Middlewares/LwIP/Core/tcp_in.o
 .text.tcp_getoptbyte
                0x0800c8f8       0x78 Middlewares/LwIP/Core/tcp_in.o
 .text.tcp_parseopt
                0x0800c970       0xc8 Middlewares/LwIP/Core/tcp_in.o
 .text.tcp_trigger_input_pcb_close
                0x0800ca38       0x20 Middlewares/LwIP/Core/tcp_in.o
                0x0800ca38                tcp_trigger_input_pcb_close
 .text.tcp_output_alloc_header
                0x0800ca58       0xf8 Middlewares/LwIP/Core/tcp_out.o
 .text.tcp_send_fin
                0x0800cb50       0x7c Middlewares/LwIP/Core/tcp_out.o
                0x0800cb50                tcp_send_fin
 .text.tcp_create_segment
                0x0800cbcc      0x114 Middlewares/LwIP/Core/tcp_out.o
 .text.tcp_enqueue_flags
                0x0800cce0      0x1fc Middlewares/LwIP/Core/tcp_out.o
                0x0800cce0                tcp_enqueue_flags
 .text.tcp_send_empty_ack
                0x0800cedc       0xb8 Middlewares/LwIP/Core/tcp_out.o
                0x0800cedc                tcp_send_empty_ack
 .text.tcp_output
                0x0800cf94      0x3d0 Middlewares/LwIP/Core/tcp_out.o
                0x0800cf94                tcp_output
 .text.tcp_output_segment
                0x0800d364      0x140 Middlewares/LwIP/Core/tcp_out.o
 .text.tcp_rst  0x0800d4a4       0xec Middlewares/LwIP/Core/tcp_out.o
                0x0800d4a4                tcp_rst
 .text.tcp_rexmit_rto
                0x0800d590       0x6c Middlewares/LwIP/Core/tcp_out.o
                0x0800d590                tcp_rexmit_rto
 .text.tcp_rexmit
                0x0800d5fc       0xa0 Middlewares/LwIP/Core/tcp_out.o
                0x0800d5fc                tcp_rexmit
 .text.tcp_rexmit_fast
                0x0800d69c       0xae Middlewares/LwIP/Core/tcp_out.o
                0x0800d69c                tcp_rexmit_fast
 .text.tcp_keepalive
                0x0800d74a       0x7a Middlewares/LwIP/Core/tcp_out.o
                0x0800d74a                tcp_keepalive
 .text.tcp_zero_window_probe
                0x0800d7c4      0x138 Middlewares/LwIP/Core/tcp_out.o
                0x0800d7c4                tcp_zero_window_probe
 .text.tcpip_tcp_timer
                0x0800d8fc       0x48 Middlewares/LwIP/Core/timeouts.o
 .text.tcp_timer_needed
                0x0800d944       0x40 Middlewares/LwIP/Core/timeouts.o
                0x0800d944                tcp_timer_needed
 .text.cyclic_timer
                0x0800d984       0x2c Middlewares/LwIP/Core/timeouts.o
 .text.sys_timeouts_init
                0x0800d9b0       0x50 Middlewares/LwIP/Core/timeouts.o
                0x0800d9b0                sys_timeouts_init
 .text.sys_timeout
                0x0800da00      0x148 Middlewares/LwIP/Core/timeouts.o
                0x0800da00                sys_timeout
 .text.sys_check_timeouts
                0x0800db48       0x94 Middlewares/LwIP/Core/timeouts.o
                0x0800db48                sys_check_timeouts
 .text.udp_init
                0x0800dbdc        0xe Middlewares/LwIP/Core/udp.o
                0x0800dbdc                udp_init
 *fill*         0x0800dbea        0x2 
 .text.udp_new_port
                0x0800dbec       0x70 Middlewares/LwIP/Core/udp.o
 .text.udp_input_local_match
                0x0800dc5c       0x78 Middlewares/LwIP/Core/udp.o
 .text.udp_input
                0x0800dcd4      0x1cc Middlewares/LwIP/Core/udp.o
                0x0800dcd4                udp_input
 .text.udp_sendto
                0x0800dea0       0x54 Middlewares/LwIP/Core/udp.o
                0x0800dea0                udp_sendto
 .text.udp_sendto_if
                0x0800def4       0x7a Middlewares/LwIP/Core/udp.o
                0x0800def4                udp_sendto_if
 *fill*         0x0800df6e        0x2 
 .text.udp_sendto_if_src
                0x0800df70      0x134 Middlewares/LwIP/Core/udp.o
                0x0800df70                udp_sendto_if_src
 .text.udp_bind
                0x0800e0a4       0xe0 Middlewares/LwIP/Core/udp.o
                0x0800e0a4                udp_bind
 .text.udp_connect
                0x0800e184       0xac Middlewares/LwIP/Core/udp.o
                0x0800e184                udp_connect
 .text.udp_disconnect
                0x0800e230       0x2e Middlewares/LwIP/Core/udp.o
                0x0800e230                udp_disconnect
 .text.udp_recv
                0x0800e25e       0x24 Middlewares/LwIP/Core/udp.o
                0x0800e25e                udp_recv
 .text.udp_new  0x0800e282       0x2e Middlewares/LwIP/Core/udp.o
                0x0800e282                udp_new
 .text.udp_netif_ip_addr_changed
                0x0800e2b0       0x60 Middlewares/LwIP/Core/udp.o
                0x0800e2b0                udp_netif_ip_addr_changed
 .text.ethernet_input
                0x0800e310      0x124 Middlewares/LwIP/Netif/ethernet.o
                0x0800e310                ethernet_input
 .text.ethernet_output
                0x0800e434       0x90 Middlewares/LwIP/Netif/ethernet.o
                0x0800e434                ethernet_output
 .text.__errno  0x0800e4c4        0xc c:/ac6/systemworkbench/plugins/fr.ac6.mcu.externaltools.arm-none.win32_1.15.0.201708311556/tools/compiler/bin/../lib/gcc/arm-none-eabi/6.3.1/../../../../arm-none-eabi/lib/thumb/v7e-m/fpv4-sp/hard\libc_nano.a(lib_a-errno.o)
                0x0800e4c4                __errno
 .text.__libc_init_array
                0x0800e4d0       0x48 c:/ac6/systemworkbench/plugins/fr.ac6.mcu.externaltools.arm-none.win32_1.15.0.201708311556/tools/compiler/bin/../lib/gcc/arm-none-eabi/6.3.1/../../../../arm-none-eabi/lib/thumb/v7e-m/fpv4-sp/hard\libc_nano.a(lib_a-init.o)
                0x0800e4d0                __libc_init_array
 .text.memcmp   0x0800e518       0x1e c:/ac6/systemworkbench/plugins/fr.ac6.mcu.externaltools.arm-none.win32_1.15.0.201708311556/tools/compiler/bin/../lib/gcc/arm-none-eabi/6.3.1/../../../../arm-none-eabi/lib/thumb/v7e-m/fpv4-sp/hard\libc_nano.a(lib_a-memcmp.o)
                0x0800e518                memcmp
 .text.memcpy   0x0800e536       0x16 c:/ac6/systemworkbench/plugins/fr.ac6.mcu.externaltools.arm-none.win32_1.15.0.201708311556/tools/compiler/bin/../lib/gcc/arm-none-eabi/6.3.1/../../../../arm-none-eabi/lib/thumb/v7e-m/fpv4-sp/hard\libc_nano.a(lib_a-memcpy-stub.o)
                0x0800e536                memcpy
 .text.memset   0x0800e54c       0x10 c:/ac6/systemworkbench/plugins/fr.ac6.mcu.externaltools.arm-none.win32_1.15.0.201708311556/tools/compiler/bin/../lib/gcc/arm-none-eabi/6.3.1/../../../../arm-none-eabi/lib/thumb/v7e-m/fpv4-sp/hard\libc_nano.a(lib_a-memset.o)
                0x0800e54c                memset
 .text.printf   0x0800e55c       0x30 c:/ac6/systemworkbench/plugins/fr.ac6.mcu.externaltools.arm-none.win32_1.15.0.201708311556/tools/compiler/bin/../lib/gcc/arm-none-eabi/6.3.1/../../../../arm-none-eabi/lib/thumb/v7e-m/fpv4-sp/hard\libc_nano.a(lib_a-printf.o)
                0x0800e55c                iprintf
                0x0800e55c                printf
 .text.rand     0x0800e58c       0x74 c:/ac6/systemworkbench/plugins/fr.ac6.mcu.externaltools.arm-none.win32_1.15.0.201708311556/tools/compiler/bin/../lib/gcc/arm-none-eabi/6.3.1/../../../../arm-none-eabi/lib/thumb/v7e-m/fpv4-sp/hard\libc_nano.a(lib_a-rand.o)
                0x0800e58c                rand
 .text.strncpy  0x0800e600       0x2a c:/ac6/systemworkbench/plugins/fr.ac6.mcu.externaltools.arm-none.win32_1.15.0.201708311556/tools/compiler/bin/../lib/gcc/arm-none-eabi/6.3.1/../../../../arm-none-eabi/lib/thumb/v7e-m/fpv4-sp/hard\libc_nano.a(lib_a-strncpy.o)
                0x0800e600                strncpy
 *fill*         0x0800e62a        0x2 
 .text._cleanup_r
                0x0800e62c        0xc c:/ac6/systemworkbench/plugins/fr.ac6.mcu.externaltools.arm-none.win32_1.15.0.201708311556/tools/compiler/bin/../lib/gcc/arm-none-eabi/6.3.1/../../../../arm-none-eabi/lib/thumb/v7e-m/fpv4-sp/hard\libc_nano.a(lib_a-findfp.o)
                0x0800e62c                _cleanup_r
 .text.std.isra.0
                0x0800e638       0x48 c:/ac6/systemworkbench/plugins/fr.ac6.mcu.externaltools.arm-none.win32_1.15.0.201708311556/tools/compiler/bin/../lib/gcc/arm-none-eabi/6.3.1/../../../../arm-none-eabi/lib/thumb/v7e-m/fpv4-sp/hard\libc_nano.a(lib_a-findfp.o)
 .text.__sfmoreglue
                0x0800e680       0x2c c:/ac6/systemworkbench/plugins/fr.ac6.mcu.externaltools.arm-none.win32_1.15.0.201708311556/tools/compiler/bin/../lib/gcc/arm-none-eabi/6.3.1/../../../../arm-none-eabi/lib/thumb/v7e-m/fpv4-sp/hard\libc_nano.a(lib_a-findfp.o)
                0x0800e680                __sfmoreglue
 .text.__sinit  0x0800e6ac       0x60 c:/ac6/systemworkbench/plugins/fr.ac6.mcu.externaltools.arm-none.win32_1.15.0.201708311556/tools/compiler/bin/../lib/gcc/arm-none-eabi/6.3.1/../../../../arm-none-eabi/lib/thumb/v7e-m/fpv4-sp/hard\libc_nano.a(lib_a-findfp.o)
                0x0800e6ac                __sinit
 .text.__sfp    0x0800e70c       0x78 c:/ac6/systemworkbench/plugins/fr.ac6.mcu.externaltools.arm-none.win32_1.15.0.201708311556/tools/compiler/bin/../lib/gcc/arm-none-eabi/6.3.1/../../../../arm-none-eabi/lib/thumb/v7e-m/fpv4-sp/hard\libc_nano.a(lib_a-findfp.o)
                0x0800e70c                __sfp
 .text._fwalk_reent
                0x0800e784       0x3c c:/ac6/systemworkbench/plugins/fr.ac6.mcu.externaltools.arm-none.win32_1.15.0.201708311556/tools/compiler/bin/../lib/gcc/arm-none-eabi/6.3.1/../../../../arm-none-eabi/lib/thumb/v7e-m/fpv4-sp/hard\libc_nano.a(lib_a-fwalk.o)
                0x0800e784                _fwalk_reent
 .text.malloc   0x0800e7c0       0x10 c:/ac6/systemworkbench/plugins/fr.ac6.mcu.externaltools.arm-none.win32_1.15.0.201708311556/tools/compiler/bin/../lib/gcc/arm-none-eabi/6.3.1/../../../../arm-none-eabi/lib/thumb/v7e-m/fpv4-sp/hard\libc_nano.a(lib_a-malloc.o)
                0x0800e7c0                malloc
 .text._free_r  0x0800e7d0       0x9c c:/ac6/systemworkbench/plugins/fr.ac6.mcu.externaltools.arm-none.win32_1.15.0.201708311556/tools/compiler/bin/../lib/gcc/arm-none-eabi/6.3.1/../../../../arm-none-eabi/lib/thumb/v7e-m/fpv4-sp/hard\libc_nano.a(lib_a-nano-freer.o)
                0x0800e7d0                _free_r
 .text._malloc_r
                0x0800e86c       0xbc c:/ac6/systemworkbench/plugins/fr.ac6.mcu.externaltools.arm-none.win32_1.15.0.201708311556/tools/compiler/bin/../lib/gcc/arm-none-eabi/6.3.1/../../../../arm-none-eabi/lib/thumb/v7e-m/fpv4-sp/hard\libc_nano.a(lib_a-nano-mallocr.o)
                0x0800e86c                _malloc_r
 .text.__sfputc_r
                0x0800e928       0x30 c:/ac6/systemworkbench/plugins/fr.ac6.mcu.externaltools.arm-none.win32_1.15.0.201708311556/tools/compiler/bin/../lib/gcc/arm-none-eabi/6.3.1/../../../../arm-none-eabi/lib/thumb/v7e-m/fpv4-sp/hard\libc_nano.a(lib_a-nano-vfprintf.o)
 .text.__sfputs_r
                0x0800e958       0x24 c:/ac6/systemworkbench/plugins/fr.ac6.mcu.externaltools.arm-none.win32_1.15.0.201708311556/tools/compiler/bin/../lib/gcc/arm-none-eabi/6.3.1/../../../../arm-none-eabi/lib/thumb/v7e-m/fpv4-sp/hard\libc_nano.a(lib_a-nano-vfprintf.o)
                0x0800e958                __sfputs_r
 .text._vfprintf_r
                0x0800e97c      0x22c c:/ac6/systemworkbench/plugins/fr.ac6.mcu.externaltools.arm-none.win32_1.15.0.201708311556/tools/compiler/bin/../lib/gcc/arm-none-eabi/6.3.1/../../../../arm-none-eabi/lib/thumb/v7e-m/fpv4-sp/hard\libc_nano.a(lib_a-nano-vfprintf.o)
                0x0800e97c                _vfprintf_r
                0x0800e97c                _vfiprintf_r
 .text._printf_common
                0x0800eba8       0xec c:/ac6/systemworkbench/plugins/fr.ac6.mcu.externaltools.arm-none.win32_1.15.0.201708311556/tools/compiler/bin/../lib/gcc/arm-none-eabi/6.3.1/../../../../arm-none-eabi/lib/thumb/v7e-m/fpv4-sp/hard\libc_nano.a(lib_a-nano-vfprintf_i.o)
                0x0800eba8                _printf_common
 .text._printf_i
                0x0800ec94      0x240 c:/ac6/systemworkbench/plugins/fr.ac6.mcu.externaltools.arm-none.win32_1.15.0.201708311556/tools/compiler/bin/../lib/gcc/arm-none-eabi/6.3.1/../../../../arm-none-eabi/lib/thumb/v7e-m/fpv4-sp/hard\libc_nano.a(lib_a-nano-vfprintf_i.o)
                0x0800ec94                _printf_i
 .text._sbrk_r  0x0800eed4       0x20 c:/ac6/systemworkbench/plugins/fr.ac6.mcu.externaltools.arm-none.win32_1.15.0.201708311556/tools/compiler/bin/../lib/gcc/arm-none-eabi/6.3.1/../../../../arm-none-eabi/lib/thumb/v7e-m/fpv4-sp/hard\libc_nano.a(lib_a-sbrkr.o)
                0x0800eed4                _sbrk_r
 .text.__sread  0x0800eef4       0x22 c:/ac6/systemworkbench/plugins/fr.ac6.mcu.externaltools.arm-none.win32_1.15.0.201708311556/tools/compiler/bin/../lib/gcc/arm-none-eabi/6.3.1/../../../../arm-none-eabi/lib/thumb/v7e-m/fpv4-sp/hard\libc_nano.a(lib_a-stdio.o)
                0x0800eef4                __sread
 .text.__swrite
                0x0800ef16       0x38 c:/ac6/systemworkbench/plugins/fr.ac6.mcu.externaltools.arm-none.win32_1.15.0.201708311556/tools/compiler/bin/../lib/gcc/arm-none-eabi/6.3.1/../../../../arm-none-eabi/lib/thumb/v7e-m/fpv4-sp/hard\libc_nano.a(lib_a-stdio.o)
                0x0800ef16                __swrite
 .text.__sseek  0x0800ef4e       0x24 c:/ac6/systemworkbench/plugins/fr.ac6.mcu.externaltools.arm-none.win32_1.15.0.201708311556/tools/compiler/bin/../lib/gcc/arm-none-eabi/6.3.1/../../../../arm-none-eabi/lib/thumb/v7e-m/fpv4-sp/hard\libc_nano.a(lib_a-stdio.o)
                0x0800ef4e                __sseek
 .text.__sclose
                0x0800ef72        0x8 c:/ac6/systemworkbench/plugins/fr.ac6.mcu.externaltools.arm-none.win32_1.15.0.201708311556/tools/compiler/bin/../lib/gcc/arm-none-eabi/6.3.1/../../../../arm-none-eabi/lib/thumb/v7e-m/fpv4-sp/hard\libc_nano.a(lib_a-stdio.o)
                0x0800ef72                __sclose
 *fill*         0x0800ef7a        0x2 
 .text.__swbuf_r
                0x0800ef7c       0xa4 c:/ac6/systemworkbench/plugins/fr.ac6.mcu.externaltools.arm-none.win32_1.15.0.201708311556/tools/compiler/bin/../lib/gcc/arm-none-eabi/6.3.1/../../../../arm-none-eabi/lib/thumb/v7e-m/fpv4-sp/hard\libc_nano.a(lib_a-wbuf.o)
                0x0800ef7c                __swbuf_r
 .text._write_r
                0x0800f020       0x24 c:/ac6/systemworkbench/plugins/fr.ac6.mcu.externaltools.arm-none.win32_1.15.0.201708311556/tools/compiler/bin/../lib/gcc/arm-none-eabi/6.3.1/../../../../arm-none-eabi/lib/thumb/v7e-m/fpv4-sp/hard\libc_nano.a(lib_a-writer.o)
                0x0800f020                _write_r
 .text.__swsetup_r
                0x0800f044       0xdc c:/ac6/systemworkbench/plugins/fr.ac6.mcu.externaltools.arm-none.win32_1.15.0.201708311556/tools/compiler/bin/../lib/gcc/arm-none-eabi/6.3.1/../../../../arm-none-eabi/lib/thumb/v7e-m/fpv4-sp/hard\libc_nano.a(lib_a-wsetup.o)
                0x0800f044                __swsetup_r
 .text._close_r
                0x0800f120       0x20 c:/ac6/systemworkbench/plugins/fr.ac6.mcu.externaltools.arm-none.win32_1.15.0.201708311556/tools/compiler/bin/../lib/gcc/arm-none-eabi/6.3.1/../../../../arm-none-eabi/lib/thumb/v7e-m/fpv4-sp/hard\libc_nano.a(lib_a-closer.o)
                0x0800f120                _close_r
 .text.__sflush_r
                0x0800f140      0x110 c:/ac6/systemworkbench/plugins/fr.ac6.mcu.externaltools.arm-none.win32_1.15.0.201708311556/tools/compiler/bin/../lib/gcc/arm-none-eabi/6.3.1/../../../../arm-none-eabi/lib/thumb/v7e-m/fpv4-sp/hard\libc_nano.a(lib_a-fflush.o)
                0x0800f140                __sflush_r
 .text._fflush_r
                0x0800f250       0x54 c:/ac6/systemworkbench/plugins/fr.ac6.mcu.externaltools.arm-none.win32_1.15.0.201708311556/tools/compiler/bin/../lib/gcc/arm-none-eabi/6.3.1/../../../../arm-none-eabi/lib/thumb/v7e-m/fpv4-sp/hard\libc_nano.a(lib_a-fflush.o)
                0x0800f250                _fflush_r
 .text._lseek_r
                0x0800f2a4       0x24 c:/ac6/systemworkbench/plugins/fr.ac6.mcu.externaltools.arm-none.win32_1.15.0.201708311556/tools/compiler/bin/../lib/gcc/arm-none-eabi/6.3.1/../../../../arm-none-eabi/lib/thumb/v7e-m/fpv4-sp/hard\libc_nano.a(lib_a-lseekr.o)
                0x0800f2a4                _lseek_r
 .text.__swhatbuf_r
                0x0800f2c8       0x48 c:/ac6/systemworkbench/plugins/fr.ac6.mcu.externaltools.arm-none.win32_1.15.0.201708311556/tools/compiler/bin/../lib/gcc/arm-none-eabi/6.3.1/../../../../arm-none-eabi/lib/thumb/v7e-m/fpv4-sp/hard\libc_nano.a(lib_a-makebuf.o)
                0x0800f2c8                __swhatbuf_r
 .text.__smakebuf_r
                0x0800f310       0x80 c:/ac6/systemworkbench/plugins/fr.ac6.mcu.externaltools.arm-none.win32_1.15.0.201708311556/tools/compiler/bin/../lib/gcc/arm-none-eabi/6.3.1/../../../../arm-none-eabi/lib/thumb/v7e-m/fpv4-sp/hard\libc_nano.a(lib_a-makebuf.o)
                0x0800f310                __smakebuf_r
 .text.__malloc_lock
                0x0800f390        0x2 c:/ac6/systemworkbench/plugins/fr.ac6.mcu.externaltools.arm-none.win32_1.15.0.201708311556/tools/compiler/bin/../lib/gcc/arm-none-eabi/6.3.1/../../../../arm-none-eabi/lib/thumb/v7e-m/fpv4-sp/hard\libc_nano.a(lib_a-mlock.o)
                0x0800f390                __malloc_lock
 .text.__malloc_unlock
                0x0800f392        0x2 c:/ac6/systemworkbench/plugins/fr.ac6.mcu.externaltools.arm-none.win32_1.15.0.201708311556/tools/compiler/bin/../lib/gcc/arm-none-eabi/6.3.1/../../../../arm-none-eabi/lib/thumb/v7e-m/fpv4-sp/hard\libc_nano.a(lib_a-mlock.o)
                0x0800f392                __malloc_unlock
 .text._read_r  0x0800f394       0x24 c:/ac6/systemworkbench/plugins/fr.ac6.mcu.externaltools.arm-none.win32_1.15.0.201708311556/tools/compiler/bin/../lib/gcc/arm-none-eabi/6.3.1/../../../../arm-none-eabi/lib/thumb/v7e-m/fpv4-sp/hard\libc_nano.a(lib_a-readr.o)
                0x0800f394                _read_r
 .text._fstat_r
                0x0800f3b8       0x24 c:/ac6/systemworkbench/plugins/fr.ac6.mcu.externaltools.arm-none.win32_1.15.0.201708311556/tools/compiler/bin/../lib/gcc/arm-none-eabi/6.3.1/../../../../arm-none-eabi/lib/thumb/v7e-m/fpv4-sp/hard\libc_nano.a(lib_a-fstatr.o)
                0x0800f3b8                _fstat_r
 .text._isatty_r
                0x0800f3dc       0x20 c:/ac6/systemworkbench/plugins/fr.ac6.mcu.externaltools.arm-none.win32_1.15.0.201708311556/tools/compiler/bin/../lib/gcc/arm-none-eabi/6.3.1/../../../../arm-none-eabi/lib/thumb/v7e-m/fpv4-sp/hard\libc_nano.a(lib_a-isattyr.o)
                0x0800f3dc                _isatty_r
 *(.glue_7)
 .glue_7        0x0800f3fc        0x0 linker stubs
 *(.glue_7t)
 .glue_7t       0x0800f3fc        0x0 linker stubs
 *(.eh_frame)
 .eh_frame      0x0800f3fc        0x0 c:/ac6/systemworkbench/plugins/fr.ac6.mcu.externaltools.arm-none.win32_1.15.0.201708311556/tools/compiler/bin/../lib/gcc/arm-none-eabi/6.3.1/thumb/v7e-m/fpv4-sp/hard/crtbegin.o
 *(.init)
 .init          0x0800f3fc        0x4 c:/ac6/systemworkbench/plugins/fr.ac6.mcu.externaltools.arm-none.win32_1.15.0.201708311556/tools/compiler/bin/../lib/gcc/arm-none-eabi/6.3.1/thumb/v7e-m/fpv4-sp/hard/crti.o
                0x0800f3fc                _init
 .init          0x0800f400        0x8 c:/ac6/systemworkbench/plugins/fr.ac6.mcu.externaltools.arm-none.win32_1.15.0.201708311556/tools/compiler/bin/../lib/gcc/arm-none-eabi/6.3.1/thumb/v7e-m/fpv4-sp/hard/crtn.o
 *(.fini)
 .fini          0x0800f408        0x4 c:/ac6/systemworkbench/plugins/fr.ac6.mcu.externaltools.arm-none.win32_1.15.0.201708311556/tools/compiler/bin/../lib/gcc/arm-none-eabi/6.3.1/thumb/v7e-m/fpv4-sp/hard/crti.o
                0x0800f408                _fini
 .fini          0x0800f40c        0x8 c:/ac6/systemworkbench/plugins/fr.ac6.mcu.externaltools.arm-none.win32_1.15.0.201708311556/tools/compiler/bin/../lib/gcc/arm-none-eabi/6.3.1/thumb/v7e-m/fpv4-sp/hard/crtn.o
                0x0800f414                . = ALIGN (0x4)
                0x0800f414                _etext = .

.vfp11_veneer   0x0800f414        0x0
 .vfp11_veneer  0x0800f414        0x0 linker stubs

.v4_bx          0x0800f414        0x0
 .v4_bx         0x0800f414        0x0 linker stubs

.iplt           0x0800f414        0x0
 .iplt          0x0800f414        0x0 c:/ac6/systemworkbench/plugins/fr.ac6.mcu.externaltools.arm-none.win32_1.15.0.201708311556/tools/compiler/bin/../lib/gcc/arm-none-eabi/6.3.1/thumb/v7e-m/fpv4-sp/hard/crtbegin.o

.rodata         0x0800f414     0x26bc
                0x0800f414                . = ALIGN (0x4)
 *(.rodata)
 .rodata        0x0800f414       0xc0 Application/User/ethernetif.o
 .rodata        0x0800f4d4       0x26 Drivers/BSP/STM324xG_EVAL/stm324xg_eval.o
                0x0800f4d4                GPIO_PIN
                0x0800f4dc                BUTTON_PIN
                0x0800f4e4                BUTTON_IRQn
                0x0800f4ec                COM_TX_PIN
                0x0800f4f0                COM_RX_PIN
                0x0800f4f4                COM_TX_AF
                0x0800f4f8                COM_RX_AF
 *fill*         0x0800f4fa        0x2 
 .rodata        0x0800f4fc       0x18 Drivers/CMSIS/system_stm32f4xx.o
                0x0800f4fc                AHBPrescTable
                0x0800f50c                APBPrescTable
 .rodata        0x0800f514      0x527 Middlewares/LwIP/Core/IPv4/dhcp.o
 *fill*         0x0800fa3b        0x1 
 .rodata        0x0800fa3c      0x291 Middlewares/LwIP/Core/IPv4/etharp.o
 *fill*         0x0800fccd        0x3 
 .rodata        0x0800fcd0      0x120 Middlewares/LwIP/Core/IPv4/icmp.o
 .rodata        0x0800fdf0       0xc1 Middlewares/LwIP/Core/IPv4/ip4.o
 *fill*         0x0800feb1        0x3 
 .rodata        0x0800feb4       0xa0 Middlewares/LwIP/Core/IPv4/ip4_addr.o
                0x0800feb4                ip_addr_any
                0x0800feb8                ip_addr_broadcast
 .rodata        0x0800ff54      0x218 Middlewares/LwIP/Core/IPv4/ip4_frag.o
 .rodata        0x0801016c      0x227 Middlewares/LwIP/Core/mem.o
 *fill*         0x08010393        0x1 
 .rodata        0x08010394      0x1a7 Middlewares/LwIP/Core/memp.o
                0x08010394                memp_UDP_PCB
                0x080103a0                memp_TCP_PCB
                0x080103ac                memp_TCP_PCB_LISTEN
                0x080103b8                memp_TCP_SEG
                0x080103c4                memp_REASSDATA
                0x080103d0                memp_FRAG_PBUF
                0x080103dc                memp_SYS_TIMEOUT
                0x080103e8                memp_PBUF
                0x080103f4                memp_PBUF_POOL
                0x08010400                memp_pools
 *fill*         0x0801053b        0x1 
 .rodata        0x0801053c       0x9c Middlewares/LwIP/Core/netif.o
 .rodata        0x080105d8      0x535 Middlewares/LwIP/Core/pbuf.o
 *fill*         0x08010b0d        0x3 
 .rodata        0x08010b10      0x4e1 Middlewares/LwIP/Core/tcp.o
                0x08010bcc                tcp_pcb_lists
 *fill*         0x08010ff1        0x3 
 .rodata        0x08010ff4      0x34f Middlewares/LwIP/Core/tcp_in.o
 *fill*         0x08011343        0x1 
 .rodata        0x08011344      0x46f Middlewares/LwIP/Core/tcp_out.o
 *fill*         0x080117b3        0x1 
 .rodata        0x080117b4       0xf0 Middlewares/LwIP/Core/timeouts.o
                0x080117b4                lwip_cyclic_timers
 .rodata        0x080118a4       0xc6 Middlewares/LwIP/Core/udp.o
 *fill*         0x0801196a        0x2 
 .rodata        0x0801196c       0xcc Middlewares/LwIP/Netif/ethernet.o
                0x0801196c                ethbroadcast
                0x08011974                ethzero
 *(.rodata*)
 .rodata._global_impure_ptr
                0x08011a38        0x4 c:/ac6/systemworkbench/plugins/fr.ac6.mcu.externaltools.arm-none.win32_1.15.0.201708311556/tools/compiler/bin/../lib/gcc/arm-none-eabi/6.3.1/../../../../arm-none-eabi/lib/thumb/v7e-m/fpv4-sp/hard\libc_nano.a(lib_a-impure.o)
                0x08011a38                _global_impure_ptr
 .rodata.__sf_fake_stderr
                0x08011a3c       0x20 c:/ac6/systemworkbench/plugins/fr.ac6.mcu.externaltools.arm-none.win32_1.15.0.201708311556/tools/compiler/bin/../lib/gcc/arm-none-eabi/6.3.1/../../../../arm-none-eabi/lib/thumb/v7e-m/fpv4-sp/hard\libc_nano.a(lib_a-findfp.o)
                0x08011a3c                __sf_fake_stderr
 .rodata.__sf_fake_stdin
                0x08011a5c       0x20 c:/ac6/systemworkbench/plugins/fr.ac6.mcu.externaltools.arm-none.win32_1.15.0.201708311556/tools/compiler/bin/../lib/gcc/arm-none-eabi/6.3.1/../../../../arm-none-eabi/lib/thumb/v7e-m/fpv4-sp/hard\libc_nano.a(lib_a-findfp.o)
                0x08011a5c                __sf_fake_stdin
 .rodata.__sf_fake_stdout
                0x08011a7c       0x20 c:/ac6/systemworkbench/plugins/fr.ac6.mcu.externaltools.arm-none.win32_1.15.0.201708311556/tools/compiler/bin/../lib/gcc/arm-none-eabi/6.3.1/../../../../arm-none-eabi/lib/thumb/v7e-m/fpv4-sp/hard\libc_nano.a(lib_a-findfp.o)
                0x08011a7c                __sf_fake_stdout
 .rodata._vfprintf_r.str1.1
                0x08011a9c       0x11 c:/ac6/systemworkbench/plugins/fr.ac6.mcu.externaltools.arm-none.win32_1.15.0.201708311556/tools/compiler/bin/../lib/gcc/arm-none-eabi/6.3.1/../../../../arm-none-eabi/lib/thumb/v7e-m/fpv4-sp/hard\libc_nano.a(lib_a-nano-vfprintf.o)
 .rodata._printf_i.str1.1
                0x08011aad       0x22 c:/ac6/systemworkbench/plugins/fr.ac6.mcu.externaltools.arm-none.win32_1.15.0.201708311556/tools/compiler/bin/../lib/gcc/arm-none-eabi/6.3.1/../../../../arm-none-eabi/lib/thumb/v7e-m/fpv4-sp/hard\libc_nano.a(lib_a-nano-vfprintf_i.o)
                0x08011ad0                . = ALIGN (0x4)
 *fill*         0x08011acf        0x1 

.ARM.extab
 *(.ARM.extab* .gnu.linkonce.armextab.*)

.ARM            0x08011ad0        0x8
                0x08011ad0                __exidx_start = .
 *(.ARM.exidx*)
 .ARM.exidx     0x08011ad0        0x8 c:/ac6/systemworkbench/plugins/fr.ac6.mcu.externaltools.arm-none.win32_1.15.0.201708311556/tools/compiler/bin/../lib/gcc/arm-none-eabi/6.3.1/thumb/v7e-m/fpv4-sp/hard\libgcc.a(_udivmoddi4.o)
                0x08011ad8                __exidx_end = .

.rel.dyn        0x08011ad8        0x0
 .rel.iplt      0x08011ad8        0x0 c:/ac6/systemworkbench/plugins/fr.ac6.mcu.externaltools.arm-none.win32_1.15.0.201708311556/tools/compiler/bin/../lib/gcc/arm-none-eabi/6.3.1/thumb/v7e-m/fpv4-sp/hard/crtbegin.o

.preinit_array  0x08011ad8        0x0
                0x08011ad8                PROVIDE (__preinit_array_start, .)
 *(.preinit_array*)
                0x08011ad8                PROVIDE (__preinit_array_end, .)

.init_array     0x08011ad8        0x4
                0x08011ad8                PROVIDE (__init_array_start, .)
 *(SORT(.init_array.*))
 *(.init_array*)
 .init_array    0x08011ad8        0x4 c:/ac6/systemworkbench/plugins/fr.ac6.mcu.externaltools.arm-none.win32_1.15.0.201708311556/tools/compiler/bin/../lib/gcc/arm-none-eabi/6.3.1/thumb/v7e-m/fpv4-sp/hard/crtbegin.o
                0x08011adc                PROVIDE (__init_array_end, .)

.fini_array     0x08011adc        0x4
                [!provide]                PROVIDE (__fini_array_start, .)
 *(SORT(.fini_array.*))
 *(.fini_array*)
 .fini_array    0x08011adc        0x4 c:/ac6/systemworkbench/plugins/fr.ac6.mcu.externaltools.arm-none.win32_1.15.0.201708311556/tools/compiler/bin/../lib/gcc/arm-none-eabi/6.3.1/thumb/v7e-m/fpv4-sp/hard/crtbegin.o
                [!provide]                PROVIDE (__fini_array_end, .)
                0x08011ae0                _sidata = LOADADDR (.data)

.data           0x20000000       0xa8 load address 0x08011ae0
                0x20000000                . = ALIGN (0x4)
                0x20000000                _sdata = .
 *(.data)
 .data          0x20000000       0x28 Drivers/BSP/STM324xG_EVAL/stm324xg_eval.o
                0x20000000                GPIO_PORT
                0x20000010                BUTTON_PORT
                0x2000001c                COM_USART
                0x20000020                COM_TX_PORT
                0x20000024                COM_RX_PORT
 .data          0x20000028        0x4 Drivers/CMSIS/system_stm32f4xx.o
                0x20000028                SystemCoreClock
 .data          0x2000002c        0x5 Drivers/STM32F4xx_HAL_Driver/stm32f4xx_hal.o
                0x2000002c                uwTickPrio
                0x20000030                uwTickFreq
 *fill*         0x20000031        0x3 
 .data          0x20000034        0x3 Middlewares/LwIP/Core/IPv4/dhcp.o
 *fill*         0x20000037        0x1 
 .data          0x20000038        0x8 Middlewares/LwIP/Core/tcp.o
 .data          0x20000040        0x2 Middlewares/LwIP/Core/udp.o
 *(.data*)
 *fill*         0x20000042        0x2 
 .data._impure_ptr
                0x20000044        0x4 c:/ac6/systemworkbench/plugins/fr.ac6.mcu.externaltools.arm-none.win32_1.15.0.201708311556/tools/compiler/bin/../lib/gcc/arm-none-eabi/6.3.1/../../../../arm-none-eabi/lib/thumb/v7e-m/fpv4-sp/hard\libc_nano.a(lib_a-impure.o)
                0x20000044                _impure_ptr
 .data.impure_data
                0x20000048       0x60 c:/ac6/systemworkbench/plugins/fr.ac6.mcu.externaltools.arm-none.win32_1.15.0.201708311556/tools/compiler/bin/../lib/gcc/arm-none-eabi/6.3.1/../../../../arm-none-eabi/lib/thumb/v7e-m/fpv4-sp/hard\libc_nano.a(lib_a-impure.o)
                0x200000a8                . = ALIGN (0x4)
                0x200000a8                _edata = .
                0x08011b88                _siccmram = LOADADDR (.ccmram)

.jcr            0x200000a8        0x0 load address 0x08011b88
 .jcr           0x200000a8        0x0 c:/ac6/systemworkbench/plugins/fr.ac6.mcu.externaltools.arm-none.win32_1.15.0.201708311556/tools/compiler/bin/../lib/gcc/arm-none-eabi/6.3.1/thumb/v7e-m/fpv4-sp/hard/crtbegin.o

.igot.plt       0x200000a8        0x0 load address 0x08011b88
 .igot.plt      0x200000a8        0x0 c:/ac6/systemworkbench/plugins/fr.ac6.mcu.externaltools.arm-none.win32_1.15.0.201708311556/tools/compiler/bin/../lib/gcc/arm-none-eabi/6.3.1/thumb/v7e-m/fpv4-sp/hard/crtbegin.o

.ccmram         0x10000000        0x0 load address 0x08011b88
                0x10000000                . = ALIGN (0x4)
                0x10000000                _sccmram = .
 *(.ccmram)
 *(.ccmram*)
                0x10000000                . = ALIGN (0x4)
                0x10000000                _eccmram = .
                0x10000000                . = ALIGN (0x4)

.bss            0x200000a8     0xb3ac
                0x200000a8                _sbss = .
                0x200000a8                __bss_start__ = _sbss
 *(.bss)
 .bss           0x200000a8       0x1c c:/ac6/systemworkbench/plugins/fr.ac6.mcu.externaltools.arm-none.win32_1.15.0.201708311556/tools/compiler/bin/../lib/gcc/arm-none-eabi/6.3.1/thumb/v7e-m/fpv4-sp/hard/crtbegin.o
 .bss           0x200000c4        0x4 Application/SW4STM32/syscalls.o
 .bss           0x200000c8        0x4 Application/User/stm32f4xx_it.o
                0x200000c8                testCounter
 .bss           0x200000cc        0x4 Drivers/BSP/STM324xG_EVAL/stm324xg_eval_lcd.o
 .bss           0x200000d0        0xc Middlewares/LwIP/Core/IPv4/dhcp.o
 .bss           0x200000dc       0xf1 Middlewares/LwIP/Core/IPv4/etharp.o
 *fill*         0x200001cd        0x1 
 .bss           0x200001ce        0x2 Middlewares/LwIP/Core/IPv4/ip4.o
 .bss           0x200001d0        0x6 Middlewares/LwIP/Core/IPv4/ip4_frag.o
 *fill*         0x200001d6        0x2 
 .bss           0x200001d8        0xc Middlewares/LwIP/Core/mem.o
 .bss           0x200001e4       0x24 Middlewares/LwIP/Core/memp.o
 .bss           0x20000208        0x1 Middlewares/LwIP/Core/netif.o
 .bss           0x20000209        0x2 Middlewares/LwIP/Core/tcp.o
 *fill*         0x2000020b        0x1 
 .bss           0x2000020c       0x34 Middlewares/LwIP/Core/tcp_in.o
 .bss           0x20000240        0xc Middlewares/LwIP/Core/timeouts.o
 *(.bss*)
 .bss.__malloc_free_list
                0x2000024c        0x4 c:/ac6/systemworkbench/plugins/fr.ac6.mcu.externaltools.arm-none.win32_1.15.0.201708311556/tools/compiler/bin/../lib/gcc/arm-none-eabi/6.3.1/../../../../arm-none-eabi/lib/thumb/v7e-m/fpv4-sp/hard\libc_nano.a(lib_a-nano-mallocr.o)
                0x2000024c                __malloc_free_list
 .bss.__malloc_sbrk_start
                0x20000250        0x4 c:/ac6/systemworkbench/plugins/fr.ac6.mcu.externaltools.arm-none.win32_1.15.0.201708311556/tools/compiler/bin/../lib/gcc/arm-none-eabi/6.3.1/../../../../arm-none-eabi/lib/thumb/v7e-m/fpv4-sp/hard\libc_nano.a(lib_a-nano-mallocr.o)
                0x20000250                __malloc_sbrk_start
 *(COMMON)
 COMMON         0x20000254       0x65 Application/User/can.o
                0x20000254                CAN_RxData
                0x2000025c                CanHandle
                0x20000284                CAN1_RXMesaji
                0x200002a0                CAN1_TXMesaji
                0x200002b8                CAN_MesajGeldi
 *fill*         0x200002b9        0x3 
 COMMON         0x200002bc     0x30e8 Application/User/ethernetif.o
                0x200002bc                EthHandle
                0x20000304                DMATxDscrTab
                0x20000384                Rx_Buff
                0x20001b54                DMARxDscrTab
                0x20001bd4                Tx_Buff
 COMMON         0x200033a4       0x4d Application/User/main.o
                0x200033a4                udpTestIP
                0x200033a8                gnetif
                0x200033e0                udpTestBuf
                0x200033e4                udpTestPCB
                0x200033e8                tempPtr
                0x200033ec                TxMailbox
                0x200033f0                errUDP
 *fill*         0x200033f1        0x3 
 COMMON         0x200033f4        0xc Application/User/udp_echoserver.o
                0x200033f4                UDP_MesajGeldi
                0x200033f8                UDP_RxData
 COMMON         0x20003400     0x3c6a Application/Utilities/lcd_log.o
                0x20003400                LCD_CacheBuffer_yptr_bottom_bak
                0x20003402                LCD_CacheBuffer_yptr_top_bak
                0x20003404                LCD_CacheBuffer_yptr_bottom
                0x20003406                LCD_CacheBuffer_xptr
                0x20003408                LCD_CacheBuffer_yptr_invert
                0x20003409                LCD_Lock
                0x2000340a                LCD_Scrolled
                0x2000340c                LCD_CacheBuffer_yptr_top
                0x2000340e                LCD_ScrollActive
                0x20003410                LCD_CacheBuffer
                0x20007064                LCD_LineColor
                0x20007068                LCD_ScrollBackStep
 *fill*         0x2000706a        0x2 
 COMMON         0x2000706c        0xc Drivers/BSP/STM324xG_EVAL/stm324xg_eval_lcd.o
                0x2000706c                DrawProp
 COMMON         0x20007078        0x4 Drivers/STM32F4xx_HAL_Driver/stm32f4xx_hal.o
                0x20007078                uwTick
 COMMON         0x2000707c       0x18 Middlewares/LwIP/Core/ip.o
                0x2000707c                ip_data
 COMMON         0x20007094     0x2813 Middlewares/LwIP/Core/mem.o
                0x20007094                ram_heap
 *fill*         0x200098a7        0x1 
 COMMON         0x200098a8     0x1b7f Middlewares/LwIP/Core/memp.o
                0x200098a8                memp_memory_TCP_SEG_base
                0x2000992c                memp_memory_PBUF_POOL_base
                0x2000a9b0                memp_memory_FRAG_PBUF_base
                0x2000ab1c                memp_memory_PBUF_base
                0x2000abc0                memp_memory_TCP_PCB_LISTEN_base
                0x2000ac50                memp_memory_REASSDATA_base
                0x2000acf4                memp_memory_UDP_PCB_base
                0x2000adb8                memp_memory_TCP_PCB_base
                0x2000b384                memp_memory_SYS_TIMEOUT_base
 *fill*         0x2000b427        0x1 
 COMMON         0x2000b428        0x8 Middlewares/LwIP/Core/netif.o
                0x2000b428                netif_list
                0x2000b42c                netif_default
 COMMON         0x2000b430       0x18 Middlewares/LwIP/Core/tcp.o
                0x2000b430                tcp_active_pcbs_changed
                0x2000b434                tcp_active_pcbs
                0x2000b438                tcp_ticks
                0x2000b43c                tcp_listen_pcbs
                0x2000b440                tcp_bound_pcbs
                0x2000b444                tcp_tw_pcbs
 COMMON         0x2000b448        0x4 Middlewares/LwIP/Core/tcp_in.o
                0x2000b448                tcp_input_pcb
 COMMON         0x2000b44c        0x4 Middlewares/LwIP/Core/udp.o
                0x2000b44c                udp_pcbs
 COMMON         0x2000b450        0x4 c:/ac6/systemworkbench/plugins/fr.ac6.mcu.externaltools.arm-none.win32_1.15.0.201708311556/tools/compiler/bin/../lib/gcc/arm-none-eabi/6.3.1/../../../../arm-none-eabi/lib/thumb/v7e-m/fpv4-sp/hard\libc_nano.a(lib_a-reent.o)
                0x2000b450                errno
                0x2000b454                . = ALIGN (0x4)
                0x2000b454                _ebss = .
                0x2000b454                __bss_end__ = _ebss

._user_heap_stack
                0x2000b454      0x604
                0x2000b458                . = ALIGN (0x8)
 *fill*         0x2000b454        0x4 
                0x2000b458                PROVIDE (end, .)
                [!provide]                PROVIDE (_end, .)
                0x2000b658                . = (. + _Min_Heap_Size)
 *fill*         0x2000b458      0x200 
                0x2000ba58                . = (. + _Min_Stack_Size)
 *fill*         0x2000b658      0x400 
                0x2000ba58                . = ALIGN (0x8)

/DISCARD/
 libc.a(*)
 libm.a(*)
 libgcc.a(*)

.ARM.attributes
                0x00000000       0x30
 *(.ARM.attributes)
 .ARM.attributes
                0x00000000       0x22 c:/ac6/systemworkbench/plugins/fr.ac6.mcu.externaltools.arm-none.win32_1.15.0.201708311556/tools/compiler/bin/../lib/gcc/arm-none-eabi/6.3.1/thumb/v7e-m/fpv4-sp/hard/crti.o
 .ARM.attributes
                0x00000022       0x34 c:/ac6/systemworkbench/plugins/fr.ac6.mcu.externaltools.arm-none.win32_1.15.0.201708311556/tools/compiler/bin/../lib/gcc/arm-none-eabi/6.3.1/thumb/v7e-m/fpv4-sp/hard/crtbegin.o
 .ARM.attributes
                0x00000056       0x21 Application/SW4STM32/startup_stm32f407xx.o
 .ARM.attributes
                0x00000077       0x39 Application/SW4STM32/syscalls.o
 .ARM.attributes
                0x000000b0       0x39 Application/User/app_ethernet.o
 .ARM.attributes
                0x000000e9       0x39 Application/User/can.o
 .ARM.attributes
                0x00000122       0x39 Application/User/ethernetif.o
 .ARM.attributes
                0x0000015b       0x39 Application/User/main.o
 .ARM.attributes
                0x00000194       0x39 Application/User/stm32f4xx_it.o
 .ARM.attributes
                0x000001cd       0x39 Application/User/udp_echoserver.o
 .ARM.attributes
                0x00000206       0x39 Application/Utilities/lcd_log.o
 .ARM.attributes
                0x0000023f       0x39 Drivers/BSP/STM324xG_EVAL/stm324xg_eval.o
 .ARM.attributes
                0x00000278       0x39 Drivers/BSP/STM324xG_EVAL/stm324xg_eval_lcd.o
 .ARM.attributes
                0x000002b1       0x39 Drivers/CMSIS/system_stm32f4xx.o
 .ARM.attributes
                0x000002ea       0x39 Drivers/STM32F4xx_HAL_Driver/stm32f4xx_hal.o
 .ARM.attributes
                0x00000323       0x39 Drivers/STM32F4xx_HAL_Driver/stm32f4xx_hal_can.o
 .ARM.attributes
                0x0000035c       0x39 Drivers/STM32F4xx_HAL_Driver/stm32f4xx_hal_cortex.o
 .ARM.attributes
                0x00000395       0x39 Drivers/STM32F4xx_HAL_Driver/stm32f4xx_hal_eth.o
 .ARM.attributes
                0x000003ce       0x39 Drivers/STM32F4xx_HAL_Driver/stm32f4xx_hal_gpio.o
 .ARM.attributes
                0x00000407       0x39 Drivers/STM32F4xx_HAL_Driver/stm32f4xx_hal_rcc.o
 .ARM.attributes
                0x00000440       0x39 Middlewares/LwIP/Core/IPv4/dhcp.o
 .ARM.attributes
                0x00000479       0x39 Middlewares/LwIP/Core/IPv4/etharp.o
 .ARM.attributes
                0x000004b2       0x39 Middlewares/LwIP/Core/IPv4/icmp.o
 .ARM.attributes
                0x000004eb       0x39 Middlewares/LwIP/Core/IPv4/ip4.o
 .ARM.attributes
                0x00000524       0x39 Middlewares/LwIP/Core/IPv4/ip4_addr.o
 .ARM.attributes
                0x0000055d       0x39 Middlewares/LwIP/Core/IPv4/ip4_frag.o
 .ARM.attributes
                0x00000596       0x39 Middlewares/LwIP/Core/def.o
 .ARM.attributes
                0x000005cf       0x39 Middlewares/LwIP/Core/inet_chksum.o
 .ARM.attributes
                0x00000608       0x39 Middlewares/LwIP/Core/init.o
 .ARM.attributes
                0x00000641       0x39 Middlewares/LwIP/Core/ip.o
 .ARM.attributes
                0x0000067a       0x39 Middlewares/LwIP/Core/mem.o
 .ARM.attributes
                0x000006b3       0x39 Middlewares/LwIP/Core/memp.o
 .ARM.attributes
                0x000006ec       0x39 Middlewares/LwIP/Core/netif.o
 .ARM.attributes
                0x00000725       0x39 Middlewares/LwIP/Core/pbuf.o
 .ARM.attributes
                0x0000075e       0x39 Middlewares/LwIP/Core/tcp.o
 .ARM.attributes
                0x00000797       0x39 Middlewares/LwIP/Core/tcp_in.o
 .ARM.attributes
                0x000007d0       0x39 Middlewares/LwIP/Core/tcp_out.o
 .ARM.attributes
                0x00000809       0x39 Middlewares/LwIP/Core/timeouts.o
 .ARM.attributes
                0x00000842       0x39 Middlewares/LwIP/Core/udp.o
 .ARM.attributes
                0x0000087b       0x39 Middlewares/LwIP/Netif/ethernet.o
 .ARM.attributes
                0x000008b4       0x22 c:/ac6/systemworkbench/plugins/fr.ac6.mcu.externaltools.arm-none.win32_1.15.0.201708311556/tools/compiler/bin/../lib/gcc/arm-none-eabi/6.3.1/thumb/v7e-m/fpv4-sp/hard\libgcc.a(_aeabi_uldivmod.o)
 .ARM.attributes
                0x000008d6       0x34 c:/ac6/systemworkbench/plugins/fr.ac6.mcu.externaltools.arm-none.win32_1.15.0.201708311556/tools/compiler/bin/../lib/gcc/arm-none-eabi/6.3.1/thumb/v7e-m/fpv4-sp/hard\libgcc.a(_udivmoddi4.o)
 .ARM.attributes
                0x0000090a       0x22 c:/ac6/systemworkbench/plugins/fr.ac6.mcu.externaltools.arm-none.win32_1.15.0.201708311556/tools/compiler/bin/../lib/gcc/arm-none-eabi/6.3.1/thumb/v7e-m/fpv4-sp/hard\libgcc.a(_dvmd_tls.o)
 .ARM.attributes
                0x0000092c       0x34 c:/ac6/systemworkbench/plugins/fr.ac6.mcu.externaltools.arm-none.win32_1.15.0.201708311556/tools/compiler/bin/../lib/gcc/arm-none-eabi/6.3.1/../../../../arm-none-eabi/lib/thumb/v7e-m/fpv4-sp/hard\libc_nano.a(lib_a-errno.o)
 .ARM.attributes
                0x00000960       0x34 c:/ac6/systemworkbench/plugins/fr.ac6.mcu.externaltools.arm-none.win32_1.15.0.201708311556/tools/compiler/bin/../lib/gcc/arm-none-eabi/6.3.1/../../../../arm-none-eabi/lib/thumb/v7e-m/fpv4-sp/hard\libc_nano.a(lib_a-impure.o)
 .ARM.attributes
                0x00000994       0x34 c:/ac6/systemworkbench/plugins/fr.ac6.mcu.externaltools.arm-none.win32_1.15.0.201708311556/tools/compiler/bin/../lib/gcc/arm-none-eabi/6.3.1/../../../../arm-none-eabi/lib/thumb/v7e-m/fpv4-sp/hard\libc_nano.a(lib_a-init.o)
 .ARM.attributes
                0x000009c8       0x34 c:/ac6/systemworkbench/plugins/fr.ac6.mcu.externaltools.arm-none.win32_1.15.0.201708311556/tools/compiler/bin/../lib/gcc/arm-none-eabi/6.3.1/../../../../arm-none-eabi/lib/thumb/v7e-m/fpv4-sp/hard\libc_nano.a(lib_a-memcmp.o)
 .ARM.attributes
                0x000009fc       0x34 c:/ac6/systemworkbench/plugins/fr.ac6.mcu.externaltools.arm-none.win32_1.15.0.201708311556/tools/compiler/bin/../lib/gcc/arm-none-eabi/6.3.1/../../../../arm-none-eabi/lib/thumb/v7e-m/fpv4-sp/hard\libc_nano.a(lib_a-memcpy-stub.o)
 .ARM.attributes
                0x00000a30       0x34 c:/ac6/systemworkbench/plugins/fr.ac6.mcu.externaltools.arm-none.win32_1.15.0.201708311556/tools/compiler/bin/../lib/gcc/arm-none-eabi/6.3.1/../../../../arm-none-eabi/lib/thumb/v7e-m/fpv4-sp/hard\libc_nano.a(lib_a-memset.o)
 .ARM.attributes
                0x00000a64       0x34 c:/ac6/systemworkbench/plugins/fr.ac6.mcu.externaltools.arm-none.win32_1.15.0.201708311556/tools/compiler/bin/../lib/gcc/arm-none-eabi/6.3.1/../../../../arm-none-eabi/lib/thumb/v7e-m/fpv4-sp/hard\libc_nano.a(lib_a-printf.o)
 .ARM.attributes
                0x00000a98       0x34 c:/ac6/systemworkbench/plugins/fr.ac6.mcu.externaltools.arm-none.win32_1.15.0.201708311556/tools/compiler/bin/../lib/gcc/arm-none-eabi/6.3.1/../../../../arm-none-eabi/lib/thumb/v7e-m/fpv4-sp/hard\libc_nano.a(lib_a-rand.o)
 .ARM.attributes
                0x00000acc       0x34 c:/ac6/systemworkbench/plugins/fr.ac6.mcu.externaltools.arm-none.win32_1.15.0.201708311556/tools/compiler/bin/../lib/gcc/arm-none-eabi/6.3.1/../../../../arm-none-eabi/lib/thumb/v7e-m/fpv4-sp/hard\libc_nano.a(lib_a-strncpy.o)
 .ARM.attributes